Archive member included to satisfy reference by file (symbol)

c:/program files (x86)/atmel/studio/7.0/toolchain/avr8/avr8-gnu-toolchain/bin/../lib/gcc/avr/5.4.0/avr5\libgcc.a(_exit.o)
                              C:/Program Files (x86)/Atmel/Studio/7.0/Packs/Atmel/ATmega_DFP/1.6.364/gcc/dev/atmega32/avr5/crtatmega32.o (exit)
c:/program files (x86)/atmel/studio/7.0/toolchain/avr8/avr8-gnu-toolchain/bin/../lib/gcc/avr/5.4.0/avr5\libgcc.a(_copy_data.o)
                              MCAL/Timer/Timer_User.o (__do_copy_data)
c:/program files (x86)/atmel/studio/7.0/toolchain/avr8/avr8-gnu-toolchain/bin/../lib/gcc/avr/5.4.0/avr5\libgcc.a(_clear_bss.o)
                              HAL/EEPROM/EEPROM.o (__do_clear_bss)
c:/program files (x86)/atmel/studio/7.0/toolchain/avr8/avr8-gnu-toolchain/bin/../lib/gcc/avr/5.4.0/../../../../avr/lib/avr5\libc.a(itoa.o)
                              HAL/LCD/LCD.o (itoa)
c:/program files (x86)/atmel/studio/7.0/toolchain/avr8/avr8-gnu-toolchain/bin/../lib/gcc/avr/5.4.0/../../../../avr/lib/avr5\libc.a(itoa_ncheck.o)
                              c:/program files (x86)/atmel/studio/7.0/toolchain/avr8/avr8-gnu-toolchain/bin/../lib/gcc/avr/5.4.0/../../../../avr/lib/avr5\libc.a(itoa.o) (__itoa_ncheck)
c:/program files (x86)/atmel/studio/7.0/toolchain/avr8/avr8-gnu-toolchain/bin/../lib/gcc/avr/5.4.0/../../../../avr/lib/avr5\libc.a(utoa_ncheck.o)
                              c:/program files (x86)/atmel/studio/7.0/toolchain/avr8/avr8-gnu-toolchain/bin/../lib/gcc/avr/5.4.0/../../../../avr/lib/avr5\libc.a(itoa_ncheck.o) (__utoa_common)
c:/program files (x86)/atmel/studio/7.0/toolchain/avr8/avr8-gnu-toolchain/bin/../lib/gcc/avr/5.4.0/../../../../avr/lib/avr5\libc.a(strrev.o)
                              c:/program files (x86)/atmel/studio/7.0/toolchain/avr8/avr8-gnu-toolchain/bin/../lib/gcc/avr/5.4.0/../../../../avr/lib/avr5\libc.a(utoa_ncheck.o) (strrev)

Allocating common symbols
Common symbol       size              file

_adc_pin_qty        0x1               MCAL/ADC/ADC.o
_adc_handler        0x2               MCAL/ADC/ADC.o
genu_ERROR          0x1               HAL/EEPROM/EEPROM.o

Discarded input sections

 .data          0x00000000        0x0 C:/Program Files (x86)/Atmel/Studio/7.0/Packs/Atmel/ATmega_DFP/1.6.364/gcc/dev/atmega32/avr5/crtatmega32.o
 .bss           0x00000000        0x0 C:/Program Files (x86)/Atmel/Studio/7.0/Packs/Atmel/ATmega_DFP/1.6.364/gcc/dev/atmega32/avr5/crtatmega32.o
 .text          0x00000000        0x0 HAL/EEPROM/EEPROM.o
 .data          0x00000000        0x0 HAL/EEPROM/EEPROM.o
 .bss           0x00000000        0x0 HAL/EEPROM/EEPROM.o
 .text.EEWriteByte
                0x00000000       0x6e HAL/EEPROM/EEPROM.o
 .text.EEReadByte
                0x00000000       0xa4 HAL/EEPROM/EEPROM.o
 .debug_info    0x00000000      0x2c1 HAL/EEPROM/EEPROM.o
 .debug_abbrev  0x00000000       0xdd HAL/EEPROM/EEPROM.o
 .debug_loc     0x00000000      0x16d HAL/EEPROM/EEPROM.o
 .debug_aranges
                0x00000000       0x28 HAL/EEPROM/EEPROM.o
 .debug_ranges  0x00000000       0x18 HAL/EEPROM/EEPROM.o
 .debug_line    0x00000000      0x177 HAL/EEPROM/EEPROM.o
 .debug_str     0x00000000      0x288 HAL/EEPROM/EEPROM.o
 .comment       0x00000000       0x31 HAL/EEPROM/EEPROM.o
 .debug_frame   0x00000000       0x64 HAL/EEPROM/EEPROM.o
 COMMON         0x00000000        0x1 HAL/EEPROM/EEPROM.o
 .text          0x00000000        0x0 HAL/KeyPad/KeyPad.o
 .data          0x00000000        0x0 HAL/KeyPad/KeyPad.o
 .bss           0x00000000        0x0 HAL/KeyPad/KeyPad.o
 .text.KeyPad_Init
                0x00000000       0x16 HAL/KeyPad/KeyPad.o
 .text.Key_KeyPressed
                0x00000000       0x8a HAL/KeyPad/KeyPad.o
 .debug_info    0x00000000      0x2d3 HAL/KeyPad/KeyPad.o
 .debug_abbrev  0x00000000      0x179 HAL/KeyPad/KeyPad.o
 .debug_loc     0x00000000      0x1a7 HAL/KeyPad/KeyPad.o
 .debug_aranges
                0x00000000       0x28 HAL/KeyPad/KeyPad.o
 .debug_ranges  0x00000000       0x18 HAL/KeyPad/KeyPad.o
 .debug_line    0x00000000      0x171 HAL/KeyPad/KeyPad.o
 .debug_str     0x00000000      0x2d9 HAL/KeyPad/KeyPad.o
 .comment       0x00000000       0x31 HAL/KeyPad/KeyPad.o
 .debug_frame   0x00000000       0x40 HAL/KeyPad/KeyPad.o
 .text          0x00000000        0x0 HAL/LCD/LCD.o
 .data          0x00000000        0x0 HAL/LCD/LCD.o
 .bss           0x00000000        0x0 HAL/LCD/LCD.o
 .text.LCD_Command
                0x00000000       0x50 HAL/LCD/LCD.o
 .text.LCD_Init
                0x00000000       0x6e HAL/LCD/LCD.o
 .text.LCD_Char
                0x00000000       0x50 HAL/LCD/LCD.o
 .text.LCD_String
                0x00000000       0x1e HAL/LCD/LCD.o
 .text.LCD_String_xy
                0x00000000       0x38 HAL/LCD/LCD.o
 .text.LCD_Clear
                0x00000000       0x1a HAL/LCD/LCD.o
 .text.LCD_Integ
                0x00000000       0x1e HAL/LCD/LCD.o
 .debug_info    0x00000000      0x6f3 HAL/LCD/LCD.o
 .debug_abbrev  0x00000000      0x20c HAL/LCD/LCD.o
 .debug_loc     0x00000000      0x5d0 HAL/LCD/LCD.o
 .debug_aranges
                0x00000000       0x50 HAL/LCD/LCD.o
 .debug_ranges  0x00000000       0x40 HAL/LCD/LCD.o
 .debug_line    0x00000000      0x2da HAL/LCD/LCD.o
 .debug_str     0x00000000      0x2bf HAL/LCD/LCD.o
 .comment       0x00000000       0x31 HAL/LCD/LCD.o
 .debug_frame   0x00000000       0xa8 HAL/LCD/LCD.o
 .text          0x00000000        0x0 main.o
 .data          0x00000000        0x0 main.o
 .bss           0x00000000        0x0 main.o
 COMMON         0x00000000        0x0 main.o
 .text          0x00000000        0x0 MCAL/ADC/ADC.o
 .data          0x00000000        0x0 MCAL/ADC/ADC.o
 .bss           0x00000000        0x0 MCAL/ADC/ADC.o
 .text.ADC_Init
                0x00000000        0xc MCAL/ADC/ADC.o
 .text.ADC_read
                0x00000000       0x16 MCAL/ADC/ADC.o
 .text.adc_start
                0x00000000       0x14 MCAL/ADC/ADC.o
 .text.adc_stop
                0x00000000        0x4 MCAL/ADC/ADC.o
 .debug_info    0x00000000      0x1f2 MCAL/ADC/ADC.o
 .debug_abbrev  0x00000000      0x131 MCAL/ADC/ADC.o
 .debug_loc     0x00000000       0x63 MCAL/ADC/ADC.o
 .debug_aranges
                0x00000000       0x38 MCAL/ADC/ADC.o
 .debug_ranges  0x00000000       0x28 MCAL/ADC/ADC.o
 .debug_line    0x00000000       0xed MCAL/ADC/ADC.o
 .debug_str     0x00000000      0x272 MCAL/ADC/ADC.o
 .comment       0x00000000       0x31 MCAL/ADC/ADC.o
 .debug_frame   0x00000000       0x54 MCAL/ADC/ADC.o
 COMMON         0x00000000        0x3 MCAL/ADC/ADC.o
 .text          0x00000000        0x0 MCAL/DIO/AT32_Dio.o
 .data          0x00000000        0x0 MCAL/DIO/AT32_Dio.o
 .bss           0x00000000        0x0 MCAL/DIO/AT32_Dio.o
 .text.GPIO_Toggle
                0x00000000       0x14 MCAL/DIO/AT32_Dio.o
 .text.GPIO_Read
                0x00000000       0x34 MCAL/DIO/AT32_Dio.o
 .text          0x00000000        0x0 MCAL/IIC/IIC.o
 .data          0x00000000        0x0 MCAL/IIC/IIC.o
 .bss           0x00000000        0x0 MCAL/IIC/IIC.o
 .text.TWI_Init
                0x00000000        0x6 MCAL/IIC/IIC.o
 .text.TWI_Stop
                0x00000000       0x14 MCAL/IIC/IIC.o
 .text.TWI_ReadACK
                0x00000000       0x1c MCAL/IIC/IIC.o
 .text.TWI_ReadNACK
                0x00000000       0x16 MCAL/IIC/IIC.o
 .text.TWI_GetStatus
                0x00000000        0x6 MCAL/IIC/IIC.o
 .text.TWI_ReadACK_returnState
                0x00000000       0x2c MCAL/IIC/IIC.o
 .text.TWI_ReadNACK_returnState
                0x00000000       0x26 MCAL/IIC/IIC.o
 .text.TWI_SlaveListen
                0x00000000       0x20 MCAL/IIC/IIC.o
 .text          0x00000000        0x0 MCAL/Timer/Timer.o
 .data          0x00000000        0x0 MCAL/Timer/Timer.o
 .bss           0x00000000        0x0 MCAL/Timer/Timer.o
 .text.timer_callback
                0x00000000        0xa MCAL/Timer/Timer.o
 .text.Timer_Init
                0x00000000       0xa4 MCAL/Timer/Timer.o
 .text.Timer0_delayMs
                0x00000000       0x68 MCAL/Timer/Timer.o
 .text.Timer_SetTimerCountReg
                0x00000000       0x1a MCAL/Timer/Timer.o
 .text          0x00000000        0x0 MCAL/Timer/Timer_User.o
 .data          0x00000000        0x0 MCAL/Timer/Timer_User.o
 .bss           0x00000000        0x0 MCAL/Timer/Timer_User.o
 .text.Timer_OVF_ISR
                0x00000000       0xf2 MCAL/Timer/Timer_User.o
 .data.count2.1722
                0x00000000        0x4 MCAL/Timer/Timer_User.o
 .bss.count1.1721
                0x00000000        0x4 MCAL/Timer/Timer_User.o
 .data.gstr_Timer2Confing
                0x00000000        0x6 MCAL/Timer/Timer_User.o
 .data.gstr_Timer0Confing
                0x00000000        0x6 MCAL/Timer/Timer_User.o
 .debug_info    0x00000000      0x35e MCAL/Timer/Timer_User.o
 .debug_abbrev  0x00000000      0x108 MCAL/Timer/Timer_User.o
 .debug_aranges
                0x00000000       0x20 MCAL/Timer/Timer_User.o
 .debug_ranges  0x00000000       0x10 MCAL/Timer/Timer_User.o
 .debug_line    0x00000000       0xed MCAL/Timer/Timer_User.o
 .debug_str     0x00000000      0x4f5 MCAL/Timer/Timer_User.o
 .comment       0x00000000       0x31 MCAL/Timer/Timer_User.o
 .debug_frame   0x00000000       0x24 MCAL/Timer/Timer_User.o
 .text          0x00000000        0x0 MCAL/UART/UART.o
 .data          0x00000000        0x0 MCAL/UART/UART.o
 .bss           0x00000000        0x0 MCAL/UART/UART.o
 .text.USART_Init
                0x00000000       0xc6 MCAL/UART/UART.o
 .text.USART_Transmit
                0x00000000        0x8 MCAL/UART/UART.o
 .text.USART_Receive
                0x00000000        0x8 MCAL/UART/UART.o
 .text.USART_Send_Packet
                0x00000000       0x3e MCAL/UART/UART.o
 .text.USART_Recieve_Packet
                0x00000000       0x56 MCAL/UART/UART.o
 .text.USART_Recieve_String
                0x00000000       0x24 MCAL/UART/UART.o
 .text.USART_Send_String
                0x00000000       0x24 MCAL/UART/UART.o
 .text.USART_Receive_Byte_Iterrupt
                0x00000000        0x8 MCAL/UART/UART.o
 .text.USART_RX_Int_CallBack_fun
                0x00000000        0xa MCAL/UART/UART.o
 .text.USART_TX_Int_CallBack_fun
                0x00000000        0xa MCAL/UART/UART.o
 .bss.MYUBRR    0x00000000        0x2 MCAL/UART/UART.o
 .text          0x00000000        0x0 MCAL/UART/UART_USER.o
 .data          0x00000000        0x0 MCAL/UART/UART_USER.o
 .bss           0x00000000        0x0 MCAL/UART/UART_USER.o
 .text.USART_RX_ISR
                0x00000000        0x2 MCAL/UART/UART_USER.o
 .data.gstr_USART_Config
                0x00000000        0xb MCAL/UART/UART_USER.o
 .debug_info    0x00000000      0x2f3 MCAL/UART/UART_USER.o
 .debug_abbrev  0x00000000       0xe2 MCAL/UART/UART_USER.o
 .debug_aranges
                0x00000000       0x20 MCAL/UART/UART_USER.o
 .debug_ranges  0x00000000       0x10 MCAL/UART/UART_USER.o
 .debug_line    0x00000000       0x73 MCAL/UART/UART_USER.o
 .debug_str     0x00000000      0x567 MCAL/UART/UART_USER.o
 .comment       0x00000000       0x31 MCAL/UART/UART_USER.o
 .debug_frame   0x00000000       0x24 MCAL/UART/UART_USER.o
 .text          0x00000000        0x0 c:/program files (x86)/atmel/studio/7.0/toolchain/avr8/avr8-gnu-toolchain/bin/../lib/gcc/avr/5.4.0/avr5\libgcc.a(_exit.o)
 .data          0x00000000        0x0 c:/program files (x86)/atmel/studio/7.0/toolchain/avr8/avr8-gnu-toolchain/bin/../lib/gcc/avr/5.4.0/avr5\libgcc.a(_exit.o)
 .bss           0x00000000        0x0 c:/program files (x86)/atmel/studio/7.0/toolchain/avr8/avr8-gnu-toolchain/bin/../lib/gcc/avr/5.4.0/avr5\libgcc.a(_exit.o)
 .text.libgcc.mul
                0x00000000        0x0 c:/program files (x86)/atmel/studio/7.0/toolchain/avr8/avr8-gnu-toolchain/bin/../lib/gcc/avr/5.4.0/avr5\libgcc.a(_exit.o)
 .text.libgcc.div
                0x00000000        0x0 c:/program files (x86)/atmel/studio/7.0/toolchain/avr8/avr8-gnu-toolchain/bin/../lib/gcc/avr/5.4.0/avr5\libgcc.a(_exit.o)
 .text.libgcc   0x00000000        0x0 c:/program files (x86)/atmel/studio/7.0/toolchain/avr8/avr8-gnu-toolchain/bin/../lib/gcc/avr/5.4.0/avr5\libgcc.a(_exit.o)
 .text.libgcc.prologue
                0x00000000        0x0 c:/program files (x86)/atmel/studio/7.0/toolchain/avr8/avr8-gnu-toolchain/bin/../lib/gcc/avr/5.4.0/avr5\libgcc.a(_exit.o)
 .text.libgcc.builtins
                0x00000000        0x0 c:/program files (x86)/atmel/studio/7.0/toolchain/avr8/avr8-gnu-toolchain/bin/../lib/gcc/avr/5.4.0/avr5\libgcc.a(_exit.o)
 .text.libgcc.fmul
                0x00000000        0x0 c:/program files (x86)/atmel/studio/7.0/toolchain/avr8/avr8-gnu-toolchain/bin/../lib/gcc/avr/5.4.0/avr5\libgcc.a(_exit.o)
 .text.libgcc.fixed
                0x00000000        0x0 c:/program files (x86)/atmel/studio/7.0/toolchain/avr8/avr8-gnu-toolchain/bin/../lib/gcc/avr/5.4.0/avr5\libgcc.a(_exit.o)
 .text          0x00000000        0x0 c:/program files (x86)/atmel/studio/7.0/toolchain/avr8/avr8-gnu-toolchain/bin/../lib/gcc/avr/5.4.0/avr5\libgcc.a(_copy_data.o)
 .data          0x00000000        0x0 c:/program files (x86)/atmel/studio/7.0/toolchain/avr8/avr8-gnu-toolchain/bin/../lib/gcc/avr/5.4.0/avr5\libgcc.a(_copy_data.o)
 .bss           0x00000000        0x0 c:/program files (x86)/atmel/studio/7.0/toolchain/avr8/avr8-gnu-toolchain/bin/../lib/gcc/avr/5.4.0/avr5\libgcc.a(_copy_data.o)
 .text.libgcc.mul
                0x00000000        0x0 c:/program files (x86)/atmel/studio/7.0/toolchain/avr8/avr8-gnu-toolchain/bin/../lib/gcc/avr/5.4.0/avr5\libgcc.a(_copy_data.o)
 .text.libgcc.div
                0x00000000        0x0 c:/program files (x86)/atmel/studio/7.0/toolchain/avr8/avr8-gnu-toolchain/bin/../lib/gcc/avr/5.4.0/avr5\libgcc.a(_copy_data.o)
 .text.libgcc   0x00000000        0x0 c:/program files (x86)/atmel/studio/7.0/toolchain/avr8/avr8-gnu-toolchain/bin/../lib/gcc/avr/5.4.0/avr5\libgcc.a(_copy_data.o)
 .text.libgcc.prologue
                0x00000000        0x0 c:/program files (x86)/atmel/studio/7.0/toolchain/avr8/avr8-gnu-toolchain/bin/../lib/gcc/avr/5.4.0/avr5\libgcc.a(_copy_data.o)
 .text.libgcc.builtins
                0x00000000        0x0 c:/program files (x86)/atmel/studio/7.0/toolchain/avr8/avr8-gnu-toolchain/bin/../lib/gcc/avr/5.4.0/avr5\libgcc.a(_copy_data.o)
 .text.libgcc.fmul
                0x00000000        0x0 c:/program files (x86)/atmel/studio/7.0/toolchain/avr8/avr8-gnu-toolchain/bin/../lib/gcc/avr/5.4.0/avr5\libgcc.a(_copy_data.o)
 .text.libgcc.fixed
                0x00000000        0x0 c:/program files (x86)/atmel/studio/7.0/toolchain/avr8/avr8-gnu-toolchain/bin/../lib/gcc/avr/5.4.0/avr5\libgcc.a(_copy_data.o)
 .text          0x00000000        0x0 c:/program files (x86)/atmel/studio/7.0/toolchain/avr8/avr8-gnu-toolchain/bin/../lib/gcc/avr/5.4.0/avr5\libgcc.a(_clear_bss.o)
 .data          0x00000000        0x0 c:/program files (x86)/atmel/studio/7.0/toolchain/avr8/avr8-gnu-toolchain/bin/../lib/gcc/avr/5.4.0/avr5\libgcc.a(_clear_bss.o)
 .bss           0x00000000        0x0 c:/program files (x86)/atmel/studio/7.0/toolchain/avr8/avr8-gnu-toolchain/bin/../lib/gcc/avr/5.4.0/avr5\libgcc.a(_clear_bss.o)
 .text.libgcc.mul
                0x00000000        0x0 c:/program files (x86)/atmel/studio/7.0/toolchain/avr8/avr8-gnu-toolchain/bin/../lib/gcc/avr/5.4.0/avr5\libgcc.a(_clear_bss.o)
 .text.libgcc.div
                0x00000000        0x0 c:/program files (x86)/atmel/studio/7.0/toolchain/avr8/avr8-gnu-toolchain/bin/../lib/gcc/avr/5.4.0/avr5\libgcc.a(_clear_bss.o)
 .text.libgcc   0x00000000        0x0 c:/program files (x86)/atmel/studio/7.0/toolchain/avr8/avr8-gnu-toolchain/bin/../lib/gcc/avr/5.4.0/avr5\libgcc.a(_clear_bss.o)
 .text.libgcc.prologue
                0x00000000        0x0 c:/program files (x86)/atmel/studio/7.0/toolchain/avr8/avr8-gnu-toolchain/bin/../lib/gcc/avr/5.4.0/avr5\libgcc.a(_clear_bss.o)
 .text.libgcc.builtins
                0x00000000        0x0 c:/program files (x86)/atmel/studio/7.0/toolchain/avr8/avr8-gnu-toolchain/bin/../lib/gcc/avr/5.4.0/avr5\libgcc.a(_clear_bss.o)
 .text.libgcc.fmul
                0x00000000        0x0 c:/program files (x86)/atmel/studio/7.0/toolchain/avr8/avr8-gnu-toolchain/bin/../lib/gcc/avr/5.4.0/avr5\libgcc.a(_clear_bss.o)
 .text.libgcc.fixed
                0x00000000        0x0 c:/program files (x86)/atmel/studio/7.0/toolchain/avr8/avr8-gnu-toolchain/bin/../lib/gcc/avr/5.4.0/avr5\libgcc.a(_clear_bss.o)
 .text          0x00000000        0x0 c:/program files (x86)/atmel/studio/7.0/toolchain/avr8/avr8-gnu-toolchain/bin/../lib/gcc/avr/5.4.0/../../../../avr/lib/avr5\libc.a(itoa.o)
 .data          0x00000000        0x0 c:/program files (x86)/atmel/studio/7.0/toolchain/avr8/avr8-gnu-toolchain/bin/../lib/gcc/avr/5.4.0/../../../../avr/lib/avr5\libc.a(itoa.o)
 .bss           0x00000000        0x0 c:/program files (x86)/atmel/studio/7.0/toolchain/avr8/avr8-gnu-toolchain/bin/../lib/gcc/avr/5.4.0/../../../../avr/lib/avr5\libc.a(itoa.o)
 .text.avr-libc
                0x00000000       0x16 c:/program files (x86)/atmel/studio/7.0/toolchain/avr8/avr8-gnu-toolchain/bin/../lib/gcc/avr/5.4.0/../../../../avr/lib/avr5\libc.a(itoa.o)
 .text          0x00000000        0x0 c:/program files (x86)/atmel/studio/7.0/toolchain/avr8/avr8-gnu-toolchain/bin/../lib/gcc/avr/5.4.0/../../../../avr/lib/avr5\libc.a(itoa_ncheck.o)
 .data          0x00000000        0x0 c:/program files (x86)/atmel/studio/7.0/toolchain/avr8/avr8-gnu-toolchain/bin/../lib/gcc/avr/5.4.0/../../../../avr/lib/avr5\libc.a(itoa_ncheck.o)
 .bss           0x00000000        0x0 c:/program files (x86)/atmel/studio/7.0/toolchain/avr8/avr8-gnu-toolchain/bin/../lib/gcc/avr/5.4.0/../../../../avr/lib/avr5\libc.a(itoa_ncheck.o)
 .text.avr-libc
                0x00000000       0x16 c:/program files (x86)/atmel/studio/7.0/toolchain/avr8/avr8-gnu-toolchain/bin/../lib/gcc/avr/5.4.0/../../../../avr/lib/avr5\libc.a(itoa_ncheck.o)
 .text          0x00000000        0x0 c:/program files (x86)/atmel/studio/7.0/toolchain/avr8/avr8-gnu-toolchain/bin/../lib/gcc/avr/5.4.0/../../../../avr/lib/avr5\libc.a(utoa_ncheck.o)
 .data          0x00000000        0x0 c:/program files (x86)/atmel/studio/7.0/toolchain/avr8/avr8-gnu-toolchain/bin/../lib/gcc/avr/5.4.0/../../../../avr/lib/avr5\libc.a(utoa_ncheck.o)
 .bss           0x00000000        0x0 c:/program files (x86)/atmel/studio/7.0/toolchain/avr8/avr8-gnu-toolchain/bin/../lib/gcc/avr/5.4.0/../../../../avr/lib/avr5\libc.a(utoa_ncheck.o)
 .text.avr-libc
                0x00000000       0x34 c:/program files (x86)/atmel/studio/7.0/toolchain/avr8/avr8-gnu-toolchain/bin/../lib/gcc/avr/5.4.0/../../../../avr/lib/avr5\libc.a(utoa_ncheck.o)
 .text          0x00000000        0x0 c:/program files (x86)/atmel/studio/7.0/toolchain/avr8/avr8-gnu-toolchain/bin/../lib/gcc/avr/5.4.0/../../../../avr/lib/avr5\libc.a(strrev.o)
 .data          0x00000000        0x0 c:/program files (x86)/atmel/studio/7.0/toolchain/avr8/avr8-gnu-toolchain/bin/../lib/gcc/avr/5.4.0/../../../../avr/lib/avr5\libc.a(strrev.o)
 .bss           0x00000000        0x0 c:/program files (x86)/atmel/studio/7.0/toolchain/avr8/avr8-gnu-toolchain/bin/../lib/gcc/avr/5.4.0/../../../../avr/lib/avr5\libc.a(strrev.o)
 .text.avr-libc
                0x00000000       0x20 c:/program files (x86)/atmel/studio/7.0/toolchain/avr8/avr8-gnu-toolchain/bin/../lib/gcc/avr/5.4.0/../../../../avr/lib/avr5\libc.a(strrev.o)

Memory Configuration

Name             Origin             Length             Attributes
text             0x00000000         0x00008000         xr
data             0x00800060         0x00000800         rw !x
eeprom           0x00810000         0x00000400         rw !x
fuse             0x00820000         0x00000002         rw !x
lock             0x00830000         0x00000400         rw !x
signature        0x00840000         0x00000400         rw !x
user_signatures  0x00850000         0x00000400         rw !x
*default*        0x00000000         0xffffffff

Linker script and memory map

LOAD C:/Program Files (x86)/Atmel/Studio/7.0/Packs/Atmel/ATmega_DFP/1.6.364/gcc/dev/atmega32/avr5/crtatmega32.o
LOAD HAL/EEPROM/EEPROM.o
LOAD HAL/KeyPad/KeyPad.o
LOAD HAL/LCD/LCD.o
LOAD main.o
LOAD MCAL/ADC/ADC.o
LOAD MCAL/DIO/AT32_Dio.o
LOAD MCAL/IIC/IIC.o
LOAD MCAL/Timer/Timer.o
LOAD MCAL/Timer/Timer_User.o
LOAD MCAL/UART/UART.o
LOAD MCAL/UART/UART_USER.o
START GROUP
LOAD c:/program files (x86)/atmel/studio/7.0/toolchain/avr8/avr8-gnu-toolchain/bin/../lib/gcc/avr/5.4.0/../../../../avr/lib/avr5\libm.a
END GROUP
START GROUP
LOAD c:/program files (x86)/atmel/studio/7.0/toolchain/avr8/avr8-gnu-toolchain/bin/../lib/gcc/avr/5.4.0/avr5\libgcc.a
LOAD c:/program files (x86)/atmel/studio/7.0/toolchain/avr8/avr8-gnu-toolchain/bin/../lib/gcc/avr/5.4.0/../../../../avr/lib/avr5\libm.a
LOAD c:/program files (x86)/atmel/studio/7.0/toolchain/avr8/avr8-gnu-toolchain/bin/../lib/gcc/avr/5.4.0/../../../../avr/lib/avr5\libc.a
LOAD C:/Program Files (x86)/Atmel/Studio/7.0/Packs/Atmel/ATmega_DFP/1.6.364/gcc/dev/atmega32/avr5\libatmega32.a
END GROUP
                0x00000000                __TEXT_REGION_ORIGIN__ = DEFINED (__TEXT_REGION_ORIGIN__)?__TEXT_REGION_ORIGIN__:0x0
                [0x00800060]                __DATA_REGION_ORIGIN__ = DEFINED (__DATA_REGION_ORIGIN__)?__DATA_REGION_ORIGIN__:0x800060
                [0x00008000]                __TEXT_REGION_LENGTH__ = DEFINED (__TEXT_REGION_LENGTH__)?__TEXT_REGION_LENGTH__:0x20000
                [0x00000800]                __DATA_REGION_LENGTH__ = DEFINED (__DATA_REGION_LENGTH__)?__DATA_REGION_LENGTH__:0xffa0
                [0x00000400]                __EEPROM_REGION_LENGTH__ = DEFINED (__EEPROM_REGION_LENGTH__)?__EEPROM_REGION_LENGTH__:0x10000
                [0x00000002]                __FUSE_REGION_LENGTH__ = DEFINED (__FUSE_REGION_LENGTH__)?__FUSE_REGION_LENGTH__:0x400
                0x00000400                __LOCK_REGION_LENGTH__ = DEFINED (__LOCK_REGION_LENGTH__)?__LOCK_REGION_LENGTH__:0x400
                0x00000400                __SIGNATURE_REGION_LENGTH__ = DEFINED (__SIGNATURE_REGION_LENGTH__)?__SIGNATURE_REGION_LENGTH__:0x400
                0x00000400                __USER_SIGNATURE_REGION_LENGTH__ = DEFINED (__USER_SIGNATURE_REGION_LENGTH__)?__USER_SIGNATURE_REGION_LENGTH__:0x400

.hash
 *(.hash)

.dynsym
 *(.dynsym)

.dynstr
 *(.dynstr)

.gnu.version
 *(.gnu.version)

.gnu.version_d
 *(.gnu.version_d)

.gnu.version_r
 *(.gnu.version_r)

.rel.init
 *(.rel.init)

.rela.init
 *(.rela.init)

.rel.text
 *(.rel.text)
 *(.rel.text.*)
 *(.rel.gnu.linkonce.t*)

.rela.text
 *(.rela.text)
 *(.rela.text.*)
 *(.rela.gnu.linkonce.t*)

.rel.fini
 *(.rel.fini)

.rela.fini
 *(.rela.fini)

.rel.rodata
 *(.rel.rodata)
 *(.rel.rodata.*)
 *(.rel.gnu.linkonce.r*)

.rela.rodata
 *(.rela.rodata)
 *(.rela.rodata.*)
 *(.rela.gnu.linkonce.r*)

.rel.data
 *(.rel.data)
 *(.rel.data.*)
 *(.rel.gnu.linkonce.d*)

.rela.data
 *(.rela.data)
 *(.rela.data.*)
 *(.rela.gnu.linkonce.d*)

.rel.ctors
 *(.rel.ctors)

.rela.ctors
 *(.rela.ctors)

.rel.dtors
 *(.rel.dtors)

.rela.dtors
 *(.rela.dtors)

.rel.got
 *(.rel.got)

.rela.got
 *(.rela.got)

.rel.bss
 *(.rel.bss)

.rela.bss
 *(.rela.bss)

.rel.plt
 *(.rel.plt)

.rela.plt
 *(.rela.plt)

.text           0x00000000      0x2e8
 *(.vectors)
 .vectors       0x00000000       0x54 C:/Program Files (x86)/Atmel/Studio/7.0/Packs/Atmel/ATmega_DFP/1.6.364/gcc/dev/atmega32/avr5/crtatmega32.o
                0x00000000                __vector_default
                0x00000000                __vectors
 *(.vectors)
 *(.progmem.gcc*)
                0x00000054                . = ALIGN (0x2)
                0x00000054                __trampolines_start = .
 *(.trampolines)
 .trampolines   0x00000054        0x0 linker stubs
 *(.trampolines*)
                0x00000054                __trampolines_end = .
 *libprintf_flt.a:*(.progmem.data)
 *libc.a:*(.progmem.data)
 *(.progmem*)
                0x00000054                . = ALIGN (0x2)
 *(.jumptables)
 *(.jumptables*)
 *(.lowtext)
 *(.lowtext*)
                0x00000054                __ctors_start = .
 *(.ctors)
                0x00000054                __ctors_end = .
                0x00000054                __dtors_start = .
 *(.dtors)
                0x00000054                __dtors_end = .
 SORT(*)(.ctors)
 SORT(*)(.dtors)
 *(.init0)
 .init0         0x00000054        0x0 C:/Program Files (x86)/Atmel/Studio/7.0/Packs/Atmel/ATmega_DFP/1.6.364/gcc/dev/atmega32/avr5/crtatmega32.o
                0x00000054                __init
 *(.init0)
 *(.init1)
 *(.init1)
 *(.init2)
 .init2         0x00000054        0xc C:/Program Files (x86)/Atmel/Studio/7.0/Packs/Atmel/ATmega_DFP/1.6.364/gcc/dev/atmega32/avr5/crtatmega32.o
 *(.init2)
 *(.init3)
 *(.init3)
 *(.init4)
 .init4         0x00000060       0x16 c:/program files (x86)/atmel/studio/7.0/toolchain/avr8/avr8-gnu-toolchain/bin/../lib/gcc/avr/5.4.0/avr5\libgcc.a(_copy_data.o)
                0x00000060                __do_copy_data
 .init4         0x00000076       0x10 c:/program files (x86)/atmel/studio/7.0/toolchain/avr8/avr8-gnu-toolchain/bin/../lib/gcc/avr/5.4.0/avr5\libgcc.a(_clear_bss.o)
                0x00000076                __do_clear_bss
 *(.init4)
 *(.init5)
 *(.init5)
 *(.init6)
 *(.init6)
 *(.init7)
 *(.init7)
 *(.init8)
 *(.init8)
 *(.init9)
 .init9         0x00000086        0x8 C:/Program Files (x86)/Atmel/Studio/7.0/Packs/Atmel/ATmega_DFP/1.6.364/gcc/dev/atmega32/avr5/crtatmega32.o
 *(.init9)
 *(.text)
 .text          0x0000008e        0x4 C:/Program Files (x86)/Atmel/Studio/7.0/Packs/Atmel/ATmega_DFP/1.6.364/gcc/dev/atmega32/avr5/crtatmega32.o
                0x0000008e                __vector_1
                0x0000008e                __vector_12
                0x0000008e                __bad_interrupt
                0x0000008e                __vector_6
                0x0000008e                __vector_3
                0x0000008e                __vector_17
                0x0000008e                __vector_19
                0x0000008e                __vector_7
                0x0000008e                __vector_5
                0x0000008e                __vector_4
                0x0000008e                __vector_9
                0x0000008e                __vector_2
                0x0000008e                __vector_8
                0x0000008e                __vector_14
                0x0000008e                __vector_16
                0x0000008e                __vector_18
                0x0000008e                __vector_20
                0x00000092                . = ALIGN (0x2)
 *(.text.*)
 .text.main     0x00000092       0x1e main.o
                0x00000092                main
 .text.GPIO_Init
                0x000000b0       0xac MCAL/DIO/AT32_Dio.o
                0x000000b0                GPIO_Init
 .text.GPIO_Write
                0x0000015c       0x2e MCAL/DIO/AT32_Dio.o
                0x0000015c                GPIO_Write
 .text.TWI_Start
                0x0000018a       0x1a MCAL/IIC/IIC.o
                0x0000018a                TWI_Start
 .text.TWI_Write
                0x000001a4       0x16 MCAL/IIC/IIC.o
                0x000001a4                TWI_Write
 .text.TWI_msterSendSLV_RW
                0x000001ba       0x2c MCAL/IIC/IIC.o
                0x000001ba                TWI_msterSendSLV_RW
 .text.__vector_11
                0x000001e6       0x4e MCAL/Timer/Timer.o
                0x000001e6                __vector_11
 .text.__vector_10
                0x00000234       0x14 MCAL/Timer/Timer.o
                0x00000234                __vector_10
 .text.__vector_13
                0x00000248       0x4e MCAL/UART/UART.o
                0x00000248                __vector_13
 .text.__vector_15
                0x00000296       0x4e MCAL/UART/UART.o
                0x00000296                __vector_15
                0x000002e4                . = ALIGN (0x2)
 *(.fini9)
 .fini9         0x000002e4        0x0 c:/program files (x86)/atmel/studio/7.0/toolchain/avr8/avr8-gnu-toolchain/bin/../lib/gcc/avr/5.4.0/avr5\libgcc.a(_exit.o)
                0x000002e4                _exit
                0x000002e4                exit
 *(.fini9)
 *(.fini8)
 *(.fini8)
 *(.fini7)
 *(.fini7)
 *(.fini6)
 *(.fini6)
 *(.fini5)
 *(.fini5)
 *(.fini4)
 *(.fini4)
 *(.fini3)
 *(.fini3)
 *(.fini2)
 *(.fini2)
 *(.fini1)
 *(.fini1)
 *(.fini0)
 .fini0         0x000002e4        0x4 c:/program files (x86)/atmel/studio/7.0/toolchain/avr8/avr8-gnu-toolchain/bin/../lib/gcc/avr/5.4.0/avr5\libgcc.a(_exit.o)
 *(.fini0)
                0x000002e8                _etext = .

.data           0x00800060        0x0 load address 0x000002e8
                0x00800060                PROVIDE (__data_start, .)
 *(.data)
 *(.data*)
 *(.gnu.linkonce.d*)
 *(.rodata)
 *(.rodata*)
 *(.gnu.linkonce.r*)
                0x00800060                . = ALIGN (0x2)
                0x00800060                _edata = .
                0x00800060                PROVIDE (__data_end, .)

.bss            0x00800060        0x6
                0x00800060                PROVIDE (__bss_start, .)
 *(.bss)
 *(.bss*)
 .bss.gcallBack
                0x00800060        0x2 MCAL/Timer/Timer.o
                0x00800060                gcallBack
 .bss.ptr_To_RX_Int_fun
                0x00800062        0x2 MCAL/UART/UART.o
                0x00800062                ptr_To_RX_Int_fun
 .bss.ptr_To_TX_Int_fun
                0x00800064        0x2 MCAL/UART/UART.o
                0x00800064                ptr_To_TX_Int_fun
 *(COMMON)
                0x00800066                PROVIDE (__bss_end, .)
                0x000002e8                __data_load_start = LOADADDR (.data)
                0x000002e8                __data_load_end = (__data_load_start + SIZEOF (.data))

.noinit         0x00800066        0x0
                [!provide]                PROVIDE (__noinit_start, .)
 *(.noinit*)
                [!provide]                PROVIDE (__noinit_end, .)
                0x00800066                _end = .
                [!provide]                PROVIDE (__heap_start, .)

.eeprom         0x00810000        0x0
 *(.eeprom*)
                0x00810000                __eeprom_end = .

.fuse
 *(.fuse)
 *(.lfuse)
 *(.hfuse)
 *(.efuse)

.lock
 *(.lock*)

.signature
 *(.signature*)

.user_signatures
 *(.user_signatures*)

.stab
 *(.stab)

.stabstr
 *(.stabstr)

.stab.excl
 *(.stab.excl)

.stab.exclstr
 *(.stab.exclstr)

.stab.index
 *(.stab.index)

.stab.indexstr
 *(.stab.indexstr)

.comment        0x00000000       0x30
 *(.comment)
 .comment       0x00000000       0x30 main.o
                                 0x31 (size before relaxing)
 .comment       0x00000030       0x31 MCAL/DIO/AT32_Dio.o
 .comment       0x00000030       0x31 MCAL/IIC/IIC.o
 .comment       0x00000030       0x31 MCAL/Timer/Timer.o
 .comment       0x00000030       0x31 MCAL/UART/UART.o

.note.gnu.avr.deviceinfo
                0x00000000       0x3c
 .note.gnu.avr.deviceinfo
                0x00000000       0x3c C:/Program Files (x86)/Atmel/Studio/7.0/Packs/Atmel/ATmega_DFP/1.6.364/gcc/dev/atmega32/avr5/crtatmega32.o

.note.gnu.build-id
 *(.note.gnu.build-id)

.debug
 *(.debug)

.line
 *(.line)

.debug_srcinfo
 *(.debug_srcinfo)

.debug_sfnames
 *(.debug_sfnames)

.debug_aranges  0x00000000      0x188
 *(.debug_aranges)
 .debug_aranges
                0x00000000       0x20 main.o
 .debug_aranges
                0x00000020       0x38 MCAL/DIO/AT32_Dio.o
 .debug_aranges
                0x00000058       0x70 MCAL/IIC/IIC.o
 .debug_aranges
                0x000000c8       0x48 MCAL/Timer/Timer.o
 .debug_aranges
                0x00000110       0x78 MCAL/UART/UART.o

.debug_pubnames
 *(.debug_pubnames)

.debug_info     0x00000000     0x19f4
 *(.debug_info .gnu.linkonce.wi.*)
 .debug_info    0x00000000      0x4e6 C:/Program Files (x86)/Atmel/Studio/7.0/Packs/Atmel/ATmega_DFP/1.6.364/gcc/dev/atmega32/avr5/crtatmega32.o
 .debug_info    0x000004e6      0x4df main.o
 .debug_info    0x000009c5      0x2bf MCAL/DIO/AT32_Dio.o
 .debug_info    0x00000c84      0x3f8 MCAL/IIC/IIC.o
 .debug_info    0x0000107c      0x3b6 MCAL/Timer/Timer.o
 .debug_info    0x00001432      0x5c2 MCAL/UART/UART.o

.debug_abbrev   0x00000000      0xc37
 *(.debug_abbrev)
 .debug_abbrev  0x00000000      0x4a3 C:/Program Files (x86)/Atmel/Studio/7.0/Packs/Atmel/ATmega_DFP/1.6.364/gcc/dev/atmega32/avr5/crtatmega32.o
 .debug_abbrev  0x000004a3      0x151 main.o
 .debug_abbrev  0x000005f4       0xc6 MCAL/DIO/AT32_Dio.o
 .debug_abbrev  0x000006ba      0x1c5 MCAL/IIC/IIC.o
 .debug_abbrev  0x0000087f      0x1c5 MCAL/Timer/Timer.o
 .debug_abbrev  0x00000a44      0x1f3 MCAL/UART/UART.o

.debug_line     0x00000000      0xbc2
 *(.debug_line .debug_line.* .debug_line_end)
 .debug_line    0x00000000      0x116 C:/Program Files (x86)/Atmel/Studio/7.0/Packs/Atmel/ATmega_DFP/1.6.364/gcc/dev/atmega32/avr5/crtatmega32.o
 .debug_line    0x00000116       0xd4 main.o
 .debug_line    0x000001ea      0x219 MCAL/DIO/AT32_Dio.o
 .debug_line    0x00000403      0x29d MCAL/IIC/IIC.o
 .debug_line    0x000006a0      0x218 MCAL/Timer/Timer.o
 .debug_line    0x000008b8      0x30a MCAL/UART/UART.o

.debug_frame    0x00000000      0x3cc
 *(.debug_frame)
 .debug_frame   0x00000000       0x24 main.o
 .debug_frame   0x00000024       0x54 MCAL/DIO/AT32_Dio.o
 .debug_frame   0x00000078       0xcc MCAL/IIC/IIC.o
 .debug_frame   0x00000144       0xd4 MCAL/Timer/Timer.o
 .debug_frame   0x00000218      0x1b4 MCAL/UART/UART.o

.debug_str      0x00000000      0xf32
 *(.debug_str)
 .debug_str     0x00000000      0x196 C:/Program Files (x86)/Atmel/Studio/7.0/Packs/Atmel/ATmega_DFP/1.6.364/gcc/dev/atmega32/avr5/crtatmega32.o
 .debug_str     0x00000196      0x77b main.o
                                0x813 (size before relaxing)
 .debug_str     0x00000911       0xb2 MCAL/DIO/AT32_Dio.o
                                0x2c6 (size before relaxing)
 .debug_str     0x000009c3       0xe1 MCAL/IIC/IIC.o
                                0x508 (size before relaxing)
 .debug_str     0x00000aa4      0x312 MCAL/Timer/Timer.o
                                0x4fc (size before relaxing)
 .debug_str     0x00000db6      0x17c MCAL/UART/UART.o
                                0x6d7 (size before relaxing)

.debug_loc      0x00000000      0xc0a
 *(.debug_loc)
 .debug_loc     0x00000000      0x3fb MCAL/DIO/AT32_Dio.o
 .debug_loc     0x000003fb      0x102 MCAL/IIC/IIC.o
 .debug_loc     0x000004fd      0x254 MCAL/Timer/Timer.o
 .debug_loc     0x00000751      0x4b9 MCAL/UART/UART.o

.debug_macinfo
 *(.debug_macinfo)

.debug_weaknames
 *(.debug_weaknames)

.debug_funcnames
 *(.debug_funcnames)

.debug_typenames
 *(.debug_typenames)

.debug_varnames
 *(.debug_varnames)

.debug_pubtypes
 *(.debug_pubtypes)

.debug_ranges   0x00000000      0x150
 *(.debug_ranges)
 .debug_ranges  0x00000000       0x10 main.o
 .debug_ranges  0x00000010       0x28 MCAL/DIO/AT32_Dio.o
 .debug_ranges  0x00000038       0x60 MCAL/IIC/IIC.o
 .debug_ranges  0x00000098       0x50 MCAL/Timer/Timer.o
 .debug_ranges  0x000000e8       0x68 MCAL/UART/UART.o

.debug_macro
 *(.debug_macro)
OUTPUT(Sprints_Atmega32.elf elf32-avr)
LOAD linker stubs
