Archive member included to satisfy reference by file (symbol)

c:/program files (x86)/atmel/studio/7.0/toolchain/avr8/avr8-gnu-toolchain/bin/../lib/gcc/avr/5.4.0/../../../../avr/lib/avr5\libm.a(addsf3.o)
                              ECUAL/LCD/LCD_program.o (__subsf3)
c:/program files (x86)/atmel/studio/7.0/toolchain/avr8/avr8-gnu-toolchain/bin/../lib/gcc/avr/5.4.0/../../../../avr/lib/avr5\libm.a(addsf3x.o)
                              c:/program files (x86)/atmel/studio/7.0/toolchain/avr8/avr8-gnu-toolchain/bin/../lib/gcc/avr/5.4.0/../../../../avr/lib/avr5\libm.a(addsf3.o) (__addsf3x)
c:/program files (x86)/atmel/studio/7.0/toolchain/avr8/avr8-gnu-toolchain/bin/../lib/gcc/avr/5.4.0/../../../../avr/lib/avr5\libm.a(divsf3.o)
                              ECUAL/LCD/LCD_program.o (__divsf3)
c:/program files (x86)/atmel/studio/7.0/toolchain/avr8/avr8-gnu-toolchain/bin/../lib/gcc/avr/5.4.0/../../../../avr/lib/avr5\libm.a(divsf3x.o)
                              c:/program files (x86)/atmel/studio/7.0/toolchain/avr8/avr8-gnu-toolchain/bin/../lib/gcc/avr/5.4.0/../../../../avr/lib/avr5\libm.a(divsf3.o) (__divsf3x)
c:/program files (x86)/atmel/studio/7.0/toolchain/avr8/avr8-gnu-toolchain/bin/../lib/gcc/avr/5.4.0/../../../../avr/lib/avr5\libm.a(fixunssfsi.o)
                              ECUAL/LCD/LCD_program.o (__fixunssfsi)
c:/program files (x86)/atmel/studio/7.0/toolchain/avr8/avr8-gnu-toolchain/bin/../lib/gcc/avr/5.4.0/../../../../avr/lib/avr5\libm.a(floatsisf.o)
                              ECUAL/LCD/LCD_program.o (__floatunsisf)
c:/program files (x86)/atmel/studio/7.0/toolchain/avr8/avr8-gnu-toolchain/bin/../lib/gcc/avr/5.4.0/../../../../avr/lib/avr5\libm.a(fp_inf.o)
                              c:/program files (x86)/atmel/studio/7.0/toolchain/avr8/avr8-gnu-toolchain/bin/../lib/gcc/avr/5.4.0/../../../../avr/lib/avr5\libm.a(addsf3x.o) (__fp_inf)
c:/program files (x86)/atmel/studio/7.0/toolchain/avr8/avr8-gnu-toolchain/bin/../lib/gcc/avr/5.4.0/../../../../avr/lib/avr5\libm.a(fp_nan.o)
                              c:/program files (x86)/atmel/studio/7.0/toolchain/avr8/avr8-gnu-toolchain/bin/../lib/gcc/avr/5.4.0/../../../../avr/lib/avr5\libm.a(addsf3x.o) (__fp_nan)
c:/program files (x86)/atmel/studio/7.0/toolchain/avr8/avr8-gnu-toolchain/bin/../lib/gcc/avr/5.4.0/../../../../avr/lib/avr5\libm.a(fp_pscA.o)
                              c:/program files (x86)/atmel/studio/7.0/toolchain/avr8/avr8-gnu-toolchain/bin/../lib/gcc/avr/5.4.0/../../../../avr/lib/avr5\libm.a(addsf3x.o) (__fp_pscA)
c:/program files (x86)/atmel/studio/7.0/toolchain/avr8/avr8-gnu-toolchain/bin/../lib/gcc/avr/5.4.0/../../../../avr/lib/avr5\libm.a(fp_pscB.o)
                              c:/program files (x86)/atmel/studio/7.0/toolchain/avr8/avr8-gnu-toolchain/bin/../lib/gcc/avr/5.4.0/../../../../avr/lib/avr5\libm.a(addsf3x.o) (__fp_pscB)
c:/program files (x86)/atmel/studio/7.0/toolchain/avr8/avr8-gnu-toolchain/bin/../lib/gcc/avr/5.4.0/../../../../avr/lib/avr5\libm.a(fp_round.o)
                              c:/program files (x86)/atmel/studio/7.0/toolchain/avr8/avr8-gnu-toolchain/bin/../lib/gcc/avr/5.4.0/../../../../avr/lib/avr5\libm.a(addsf3.o) (__fp_round)
c:/program files (x86)/atmel/studio/7.0/toolchain/avr8/avr8-gnu-toolchain/bin/../lib/gcc/avr/5.4.0/../../../../avr/lib/avr5\libm.a(fp_split3.o)
                              c:/program files (x86)/atmel/studio/7.0/toolchain/avr8/avr8-gnu-toolchain/bin/../lib/gcc/avr/5.4.0/../../../../avr/lib/avr5\libm.a(addsf3x.o) (__fp_split3)
c:/program files (x86)/atmel/studio/7.0/toolchain/avr8/avr8-gnu-toolchain/bin/../lib/gcc/avr/5.4.0/../../../../avr/lib/avr5\libm.a(fp_zero.o)
                              c:/program files (x86)/atmel/studio/7.0/toolchain/avr8/avr8-gnu-toolchain/bin/../lib/gcc/avr/5.4.0/../../../../avr/lib/avr5\libm.a(addsf3x.o) (__fp_zero)
c:/program files (x86)/atmel/studio/7.0/toolchain/avr8/avr8-gnu-toolchain/bin/../lib/gcc/avr/5.4.0/../../../../avr/lib/avr5\libm.a(log10.o)
                              ECUAL/LCD/LCD_program.o (log10)
c:/program files (x86)/atmel/studio/7.0/toolchain/avr8/avr8-gnu-toolchain/bin/../lib/gcc/avr/5.4.0/../../../../avr/lib/avr5\libm.a(log.o)
                              c:/program files (x86)/atmel/studio/7.0/toolchain/avr8/avr8-gnu-toolchain/bin/../lib/gcc/avr/5.4.0/../../../../avr/lib/avr5\libm.a(log10.o) (log)
c:/program files (x86)/atmel/studio/7.0/toolchain/avr8/avr8-gnu-toolchain/bin/../lib/gcc/avr/5.4.0/../../../../avr/lib/avr5\libm.a(mulsf3.o)
                              ECUAL/LCD/LCD_program.o (__mulsf3)
c:/program files (x86)/atmel/studio/7.0/toolchain/avr8/avr8-gnu-toolchain/bin/../lib/gcc/avr/5.4.0/../../../../avr/lib/avr5\libm.a(mulsf3x.o)
                              c:/program files (x86)/atmel/studio/7.0/toolchain/avr8/avr8-gnu-toolchain/bin/../lib/gcc/avr/5.4.0/../../../../avr/lib/avr5\libm.a(log.o) (__mulsf3x)
c:/program files (x86)/atmel/studio/7.0/toolchain/avr8/avr8-gnu-toolchain/bin/../lib/gcc/avr/5.4.0/../../../../avr/lib/avr5\libm.a(pow.o)
                              ECUAL/LCD/LCD_program.o (pow)
c:/program files (x86)/atmel/studio/7.0/toolchain/avr8/avr8-gnu-toolchain/bin/../lib/gcc/avr/5.4.0/../../../../avr/lib/avr5\libm.a(exp.o)
                              c:/program files (x86)/atmel/studio/7.0/toolchain/avr8/avr8-gnu-toolchain/bin/../lib/gcc/avr/5.4.0/../../../../avr/lib/avr5\libm.a(pow.o) (exp)
c:/program files (x86)/atmel/studio/7.0/toolchain/avr8/avr8-gnu-toolchain/bin/../lib/gcc/avr/5.4.0/../../../../avr/lib/avr5\libm.a(fp_mpack.o)
                              c:/program files (x86)/atmel/studio/7.0/toolchain/avr8/avr8-gnu-toolchain/bin/../lib/gcc/avr/5.4.0/../../../../avr/lib/avr5\libm.a(log.o) (__fp_mpack)
c:/program files (x86)/atmel/studio/7.0/toolchain/avr8/avr8-gnu-toolchain/bin/../lib/gcc/avr/5.4.0/../../../../avr/lib/avr5\libm.a(fp_powser.o)
                              c:/program files (x86)/atmel/studio/7.0/toolchain/avr8/avr8-gnu-toolchain/bin/../lib/gcc/avr/5.4.0/../../../../avr/lib/avr5\libm.a(log.o) (__fp_powser)
c:/program files (x86)/atmel/studio/7.0/toolchain/avr8/avr8-gnu-toolchain/bin/../lib/gcc/avr/5.4.0/../../../../avr/lib/avr5\libm.a(inverse.o)
                              c:/program files (x86)/atmel/studio/7.0/toolchain/avr8/avr8-gnu-toolchain/bin/../lib/gcc/avr/5.4.0/../../../../avr/lib/avr5\libm.a(exp.o) (inverse)
c:/program files (x86)/atmel/studio/7.0/toolchain/avr8/avr8-gnu-toolchain/bin/../lib/gcc/avr/5.4.0/../../../../avr/lib/avr5\libm.a(ldexp.o)
                              c:/program files (x86)/atmel/studio/7.0/toolchain/avr8/avr8-gnu-toolchain/bin/../lib/gcc/avr/5.4.0/../../../../avr/lib/avr5\libm.a(exp.o) (ldexp)
c:/program files (x86)/atmel/studio/7.0/toolchain/avr8/avr8-gnu-toolchain/bin/../lib/gcc/avr/5.4.0/../../../../avr/lib/avr5\libm.a(modf.o)
                              c:/program files (x86)/atmel/studio/7.0/toolchain/avr8/avr8-gnu-toolchain/bin/../lib/gcc/avr/5.4.0/../../../../avr/lib/avr5\libm.a(exp.o) (modf)
c:/program files (x86)/atmel/studio/7.0/toolchain/avr8/avr8-gnu-toolchain/bin/../lib/gcc/avr/5.4.0/avr5\libgcc.a(_udivmodsi4.o)
                              ECUAL/LM35/LM35_program.o (__udivmodsi4)
c:/program files (x86)/atmel/studio/7.0/toolchain/avr8/avr8-gnu-toolchain/bin/../lib/gcc/avr/5.4.0/avr5\libgcc.a(_exit.o)
                              C:/Program Files (x86)/Atmel/Studio/7.0/Packs/atmel/ATmega_DFP/1.6.364/gcc/dev/atmega32a/avr5/crtatmega32a.o (exit)
c:/program files (x86)/atmel/studio/7.0/toolchain/avr8/avr8-gnu-toolchain/bin/../lib/gcc/avr/5.4.0/avr5\libgcc.a(_copy_data.o)
                              ECUAL/KEYPAD/KEYPAD_program.o (__do_copy_data)
c:/program files (x86)/atmel/studio/7.0/toolchain/avr8/avr8-gnu-toolchain/bin/../lib/gcc/avr/5.4.0/avr5\libgcc.a(_clear_bss.o)
                              ECUAL/LM35/LM35_program.o (__do_clear_bss)
c:/program files (x86)/atmel/studio/7.0/toolchain/avr8/avr8-gnu-toolchain/bin/../lib/gcc/avr/5.4.0/avr5\libgcc.a(_umulhisi3.o)
                              ECUAL/KEYPAD/KEYPAD_program.o (__umulhisi3)
c:/program files (x86)/atmel/studio/7.0/toolchain/avr8/avr8-gnu-toolchain/bin/../lib/gcc/avr/5.4.0/avr5\libgcc.a(_muluhisi3.o)
                              MCAL/TIMERS/TIMERS_program.o (__muluhisi3)

Discarded input sections

 .data          0x00000000        0x0 C:/Program Files (x86)/Atmel/Studio/7.0/Packs/atmel/ATmega_DFP/1.6.364/gcc/dev/atmega32a/avr5/crtatmega32a.o
 .bss           0x00000000        0x0 C:/Program Files (x86)/Atmel/Studio/7.0/Packs/atmel/ATmega_DFP/1.6.364/gcc/dev/atmega32a/avr5/crtatmega32a.o
 .text          0x00000000        0x0 APP/CARD.o
 .data          0x00000000        0x0 APP/CARD.o
 .bss           0x00000000        0x0 APP/CARD.o
 .text          0x00000000        0x0 ECUAL/BUZZER/BUZZER_program.o
 .data          0x00000000        0x0 ECUAL/BUZZER/BUZZER_program.o
 .bss           0x00000000        0x0 ECUAL/BUZZER/BUZZER_program.o
 .text.BUZZER_en
                0x00000000        0xc ECUAL/BUZZER/BUZZER_program.o
 .text.BUZZER_on
                0x00000000        0xc ECUAL/BUZZER/BUZZER_program.o
 .text.BUZZER_off
                0x00000000        0xc ECUAL/BUZZER/BUZZER_program.o
 .debug_info    0x00000000      0x12d ECUAL/BUZZER/BUZZER_program.o
 .debug_abbrev  0x00000000       0x64 ECUAL/BUZZER/BUZZER_program.o
 .debug_aranges
                0x00000000       0x30 ECUAL/BUZZER/BUZZER_program.o
 .debug_ranges  0x00000000       0x20 ECUAL/BUZZER/BUZZER_program.o
 .debug_line    0x00000000       0xb0 ECUAL/BUZZER/BUZZER_program.o
 .debug_str     0x00000000      0x1de ECUAL/BUZZER/BUZZER_program.o
 .comment       0x00000000       0x31 ECUAL/BUZZER/BUZZER_program.o
 .debug_frame   0x00000000       0x44 ECUAL/BUZZER/BUZZER_program.o
 .text          0x00000000        0x0 ECUAL/EEPROM/EEPROM_program.o
 .data          0x00000000        0x0 ECUAL/EEPROM/EEPROM_program.o
 .bss           0x00000000        0x0 ECUAL/EEPROM/EEPROM_program.o
 .text.EEPROM_u8WriteWantedByte
                0x00000000       0x60 ECUAL/EEPROM/EEPROM_program.o
 .text.EEPROM_u8ReadWantedByte
                0x00000000       0x80 ECUAL/EEPROM/EEPROM_program.o
 .text.EEPROM_u8ReadCurrentByte
                0x00000000       0x2a ECUAL/EEPROM/EEPROM_program.o
 .text          0x00000000        0x0 ECUAL/KEYPAD/KEYPAD_program.o
 .data          0x00000000        0x0 ECUAL/KEYPAD/KEYPAD_program.o
 .bss           0x00000000        0x0 ECUAL/KEYPAD/KEYPAD_program.o
 .text.Key_U8Delay
                0x00000000       0x62 ECUAL/KEYPAD/KEYPAD_program.o
 .text.Keyad_VoidINit
                0x00000000       0xa2 ECUAL/KEYPAD/KEYPAD_program.o
 .text.KeyPad_U8Data
                0x00000000       0xe0 ECUAL/KEYPAD/KEYPAD_program.o
 .rodata.g_keymap
                0x00000000       0x10 ECUAL/KEYPAD/KEYPAD_program.o
 .debug_info    0x00000000      0x47c ECUAL/KEYPAD/KEYPAD_program.o
 .debug_abbrev  0x00000000       0xf8 ECUAL/KEYPAD/KEYPAD_program.o
 .debug_loc     0x00000000      0x14e ECUAL/KEYPAD/KEYPAD_program.o
 .debug_aranges
                0x00000000       0x30 ECUAL/KEYPAD/KEYPAD_program.o
 .debug_ranges  0x00000000       0x20 ECUAL/KEYPAD/KEYPAD_program.o
 .debug_line    0x00000000      0x20f ECUAL/KEYPAD/KEYPAD_program.o
 .debug_str     0x00000000      0x290 ECUAL/KEYPAD/KEYPAD_program.o
 .comment       0x00000000       0x31 ECUAL/KEYPAD/KEYPAD_program.o
 .debug_frame   0x00000000       0x5c ECUAL/KEYPAD/KEYPAD_program.o
 .text          0x00000000        0x0 ECUAL/LCD/LCD_program.o
 .data          0x00000000        0x0 ECUAL/LCD/LCD_program.o
 .bss           0x00000000        0x0 ECUAL/LCD/LCD_program.o
 .text.LCD_command
                0x00000000       0x78 ECUAL/LCD/LCD_program.o
 .text.LCD_init
                0x00000000       0xce ECUAL/LCD/LCD_program.o
 .text.LCD_data
                0x00000000       0x78 ECUAL/LCD/LCD_program.o
 .text.LCD_printString
                0x00000000       0x26 ECUAL/LCD/LCD_program.o
 .text.LCD_printDigits
                0x00000000      0x122 ECUAL/LCD/LCD_program.o
 .text.LCD_cursorMove
                0x00000000       0x42 ECUAL/LCD/LCD_program.o
 .text.LCD_newLine
                0x00000000        0x8 ECUAL/LCD/LCD_program.o
 .debug_info    0x00000000      0x774 ECUAL/LCD/LCD_program.o
 .debug_abbrev  0x00000000      0x136 ECUAL/LCD/LCD_program.o
 .debug_loc     0x00000000      0x287 ECUAL/LCD/LCD_program.o
 .debug_aranges
                0x00000000       0x50 ECUAL/LCD/LCD_program.o
 .debug_ranges  0x00000000       0x40 ECUAL/LCD/LCD_program.o
 .debug_line    0x00000000      0x3a2 ECUAL/LCD/LCD_program.o
 .debug_str     0x00000000      0x2bb ECUAL/LCD/LCD_program.o
 .comment       0x00000000       0x31 ECUAL/LCD/LCD_program.o
 .debug_frame   0x00000000       0xd8 ECUAL/LCD/LCD_program.o
 .text          0x00000000        0x0 ECUAL/LM35/LM35_program.o
 .data          0x00000000        0x0 ECUAL/LM35/LM35_program.o
 .bss           0x00000000        0x0 ECUAL/LM35/LM35_program.o
 .text.LM35_voidInit
                0x00000000       0x1e ECUAL/LM35/LM35_program.o
 .text.LM35_u8GetTempInC
                0x00000000       0xda ECUAL/LM35/LM35_program.o
 .bss.su8_Temp4.1639
                0x00000000        0x1 ECUAL/LM35/LM35_program.o
 .bss.su8_Temp1.1636
                0x00000000        0x1 ECUAL/LM35/LM35_program.o
 .bss.su8_Temp2.1637
                0x00000000        0x1 ECUAL/LM35/LM35_program.o
 .bss.su8_NewTemp3.1638
                0x00000000        0x1 ECUAL/LM35/LM35_program.o
 .debug_info    0x00000000      0x21e ECUAL/LM35/LM35_program.o
 .debug_abbrev  0x00000000       0xdb ECUAL/LM35/LM35_program.o
 .debug_loc     0x00000000       0xfa ECUAL/LM35/LM35_program.o
 .debug_aranges
                0x00000000       0x28 ECUAL/LM35/LM35_program.o
 .debug_ranges  0x00000000       0x18 ECUAL/LM35/LM35_program.o
 .debug_line    0x00000000      0x177 ECUAL/LM35/LM35_program.o
 .debug_str     0x00000000      0x2a2 ECUAL/LM35/LM35_program.o
 .comment       0x00000000       0x31 ECUAL/LM35/LM35_program.o
 .debug_frame   0x00000000       0x50 ECUAL/LM35/LM35_program.o
 .text          0x00000000        0x0 ECUAL/MOTOR/MOTOR_program.o
 .data          0x00000000        0x0 ECUAL/MOTOR/MOTOR_program.o
 .bss           0x00000000        0x0 ECUAL/MOTOR/MOTOR_program.o
 .text.Motor_Init
                0x00000000       0x7a ECUAL/MOTOR/MOTOR_program.o
 .text.Motor_setDirection
                0x00000000       0x76 ECUAL/MOTOR/MOTOR_program.o
 .text.Motor_Move
                0x00000000       0x1e ECUAL/MOTOR/MOTOR_program.o
 .text.MoveAllMotors
                0x00000000       0x1a ECUAL/MOTOR/MOTOR_program.o
 .text.motorOn  0x00000000       0x28 ECUAL/MOTOR/MOTOR_program.o
 .text.motorOff
                0x00000000       0x28 ECUAL/MOTOR/MOTOR_program.o
 .debug_info    0x00000000      0x4ba ECUAL/MOTOR/MOTOR_program.o
 .debug_abbrev  0x00000000       0xb6 ECUAL/MOTOR/MOTOR_program.o
 .debug_loc     0x00000000      0x3f7 ECUAL/MOTOR/MOTOR_program.o
 .debug_aranges
                0x00000000       0x48 ECUAL/MOTOR/MOTOR_program.o
 .debug_ranges  0x00000000       0x38 ECUAL/MOTOR/MOTOR_program.o
 .debug_line    0x00000000      0x253 ECUAL/MOTOR/MOTOR_program.o
 .debug_str     0x00000000      0x277 ECUAL/MOTOR/MOTOR_program.o
 .comment       0x00000000       0x31 ECUAL/MOTOR/MOTOR_program.o
 .debug_frame   0x00000000       0x7c ECUAL/MOTOR/MOTOR_program.o
 .text          0x00000000        0x0 MCAL/ADC/ADC_program.o
 .data          0x00000000        0x0 MCAL/ADC/ADC_program.o
 .bss           0x00000000        0x0 MCAL/ADC/ADC_program.o
 .text.ADC_voidInit
                0x00000000       0x62 MCAL/ADC/ADC_program.o
 .text.ADC_voidStartConversion
                0x00000000        0xe MCAL/ADC/ADC_program.o
 .text.ADC_voidStop
                0x00000000        0x8 MCAL/ADC/ADC_program.o
 .text.ADC_u8AutoTrigOn
                0x00000000       0xe0 MCAL/ADC/ADC_program.o
 .text.ADC_u8AutoTrigOff
                0x00000000        0x8 MCAL/ADC/ADC_program.o
 .text.ADC_voidIntEn
                0x00000000        0x8 MCAL/ADC/ADC_program.o
 .text.ADC_voidIntDis
                0x00000000        0x8 MCAL/ADC/ADC_program.o
 .text.ADC_u8GetFlagInt
                0x00000000       0x16 MCAL/ADC/ADC_program.o
 .text.ADC_u8GetResult
                0x00000000       0x26 MCAL/ADC/ADC_program.o
 .text.ADC_voidSetCallBack
                0x00000000        0xa MCAL/ADC/ADC_program.o
 .text          0x00000000        0x0 MCAL/DIO/DIO_program.o
 .data          0x00000000        0x0 MCAL/DIO/DIO_program.o
 .bss           0x00000000        0x0 MCAL/DIO/DIO_program.o
 .text.DIO_TogPinValue
                0x00000000       0x74 MCAL/DIO/DIO_program.o
 .text.DIO_TogPinDirection
                0x00000000       0x74 MCAL/DIO/DIO_program.o
 .text.DIO_Setau8_PORTDirection
                0x00000000       0x2c MCAL/DIO/DIO_program.o
 .text.DIO_Setau8_PORTValue
                0x00000000       0x2c MCAL/DIO/DIO_program.o
 .text.DIO_GetPinValue
                0x00000000       0x5c MCAL/DIO/DIO_program.o
 .text.DIO_Getau8_PORTValue
                0x00000000       0x24 MCAL/DIO/DIO_program.o
 .text          0x00000000        0x0 MCAL/I2C/I2C_program.o
 .data          0x00000000        0x0 MCAL/I2C/I2C_program.o
 .bss           0x00000000        0x0 MCAL/I2C/I2C_program.o
 .text.I2C_slaveInit
                0x00000000        0x6 MCAL/I2C/I2C_program.o
 .text.I2C_slaveWrite
                0x00000000       0x10 MCAL/I2C/I2C_program.o
 .text.I2C_slaveAckWrite
                0x00000000       0x16 MCAL/I2C/I2C_program.o
 .text.I2C_slaveRead
                0x00000000       0x16 MCAL/I2C/I2C_program.o
 .text.I2C_slaveAckRead
                0x00000000       0x16 MCAL/I2C/I2C_program.o
 .text          0x00000000        0x0 MCAL/EXTI/EXTERNAL_interrupts.o
 .data          0x00000000        0x0 MCAL/EXTI/EXTERNAL_interrupts.o
 .bss           0x00000000        0x0 MCAL/EXTI/EXTERNAL_interrupts.o
 .text          0x00000000        0x0 MCAL/SPI/SPI_program.o
 .data          0x00000000        0x0 MCAL/SPI/SPI_program.o
 .bss           0x00000000        0x0 MCAL/SPI/SPI_program.o
 .text          0x00000000        0x0 MCAL/TIMERS/TIMERS_program.o
 .data          0x00000000        0x0 MCAL/TIMERS/TIMERS_program.o
 .bss           0x00000000        0x0 MCAL/TIMERS/TIMERS_program.o
 .text.OVI0_init
                0x00000000        0xe MCAL/TIMERS/TIMERS_program.o
 .text.OCI0_init
                0x00000000        0xe MCAL/TIMERS/TIMERS_program.o
 .text.OVI2_init
                0x00000000        0xe MCAL/TIMERS/TIMERS_program.o
 .text.OCI2_init
                0x00000000        0xe MCAL/TIMERS/TIMERS_program.o
 .text.TIMER0_start
                0x00000000       0x64 MCAL/TIMERS/TIMERS_program.o
 .text.TIMER0_stop
                0x00000000        0x4 MCAL/TIMERS/TIMERS_program.o
 .text.TIMER0_msdelay
                0x00000000       0xd4 MCAL/TIMERS/TIMERS_program.o
 .text.TIMER2_start
                0x00000000       0x64 MCAL/TIMERS/TIMERS_program.o
 .text.TIMER2_stop
                0x00000000        0x4 MCAL/TIMERS/TIMERS_program.o
 .text          0x00000000        0x0 MCAL/USART/UART_program.o
 .data          0x00000000        0x0 MCAL/USART/UART_program.o
 .bss           0x00000000        0x0 MCAL/USART/UART_program.o
 .text.USART_voidSendPacket
                0x00000000       0x34 MCAL/USART/UART_program.o
 .text.USART_voidRecieveString
                0x00000000       0x3a MCAL/USART/UART_program.o
 .text.USART_voidReceiveByteIterrupt
                0x00000000        0x8 MCAL/USART/UART_program.o
 .text.USART_RX_Int_CallBack_fun
                0x00000000        0xa MCAL/USART/UART_program.o
 .text.USART_TX_Int_CallBack_fun
                0x00000000        0xa MCAL/USART/UART_program.o
 .text          0x00000000        0x0 SERVICE/CARD_functions.o
 .data          0x00000000        0x0 SERVICE/CARD_functions.o
 .bss           0x00000000        0x0 SERVICE/CARD_functions.o
 .text          0x00000000        0x0 c:/program files (x86)/atmel/studio/7.0/toolchain/avr8/avr8-gnu-toolchain/bin/../lib/gcc/avr/5.4.0/../../../../avr/lib/avr5\libm.a(addsf3.o)
 .data          0x00000000        0x0 c:/program files (x86)/atmel/studio/7.0/toolchain/avr8/avr8-gnu-toolchain/bin/../lib/gcc/avr/5.4.0/../../../../avr/lib/avr5\libm.a(addsf3.o)
 .bss           0x00000000        0x0 c:/program files (x86)/atmel/studio/7.0/toolchain/avr8/avr8-gnu-toolchain/bin/../lib/gcc/avr/5.4.0/../../../../avr/lib/avr5\libm.a(addsf3.o)
 .text.avr-libc.fplib
                0x00000000        0xe c:/program files (x86)/atmel/studio/7.0/toolchain/avr8/avr8-gnu-toolchain/bin/../lib/gcc/avr/5.4.0/../../../../avr/lib/avr5\libm.a(addsf3.o)
 .text          0x00000000        0x0 c:/program files (x86)/atmel/studio/7.0/toolchain/avr8/avr8-gnu-toolchain/bin/../lib/gcc/avr/5.4.0/../../../../avr/lib/avr5\libm.a(addsf3x.o)
 .data          0x00000000        0x0 c:/program files (x86)/atmel/studio/7.0/toolchain/avr8/avr8-gnu-toolchain/bin/../lib/gcc/avr/5.4.0/../../../../avr/lib/avr5\libm.a(addsf3x.o)
 .bss           0x00000000        0x0 c:/program files (x86)/atmel/studio/7.0/toolchain/avr8/avr8-gnu-toolchain/bin/../lib/gcc/avr/5.4.0/../../../../avr/lib/avr5\libm.a(addsf3x.o)
 .text.avr-libc.fplib
                0x00000000       0xcc c:/program files (x86)/atmel/studio/7.0/toolchain/avr8/avr8-gnu-toolchain/bin/../lib/gcc/avr/5.4.0/../../../../avr/lib/avr5\libm.a(addsf3x.o)
 .text          0x00000000        0x0 c:/program files (x86)/atmel/studio/7.0/toolchain/avr8/avr8-gnu-toolchain/bin/../lib/gcc/avr/5.4.0/../../../../avr/lib/avr5\libm.a(divsf3.o)
 .data          0x00000000        0x0 c:/program files (x86)/atmel/studio/7.0/toolchain/avr8/avr8-gnu-toolchain/bin/../lib/gcc/avr/5.4.0/../../../../avr/lib/avr5\libm.a(divsf3.o)
 .bss           0x00000000        0x0 c:/program files (x86)/atmel/studio/7.0/toolchain/avr8/avr8-gnu-toolchain/bin/../lib/gcc/avr/5.4.0/../../../../avr/lib/avr5\libm.a(divsf3.o)
 .text.avr-libc.fplib
                0x00000000        0x8 c:/program files (x86)/atmel/studio/7.0/toolchain/avr8/avr8-gnu-toolchain/bin/../lib/gcc/avr/5.4.0/../../../../avr/lib/avr5\libm.a(divsf3.o)
 .text          0x00000000        0x0 c:/program files (x86)/atmel/studio/7.0/toolchain/avr8/avr8-gnu-toolchain/bin/../lib/gcc/avr/5.4.0/../../../../avr/lib/avr5\libm.a(divsf3x.o)
 .data          0x00000000        0x0 c:/program files (x86)/atmel/studio/7.0/toolchain/avr8/avr8-gnu-toolchain/bin/../lib/gcc/avr/5.4.0/../../../../avr/lib/avr5\libm.a(divsf3x.o)
 .bss           0x00000000        0x0 c:/program files (x86)/atmel/studio/7.0/toolchain/avr8/avr8-gnu-toolchain/bin/../lib/gcc/avr/5.4.0/../../../../avr/lib/avr5\libm.a(divsf3x.o)
 .text.avr-libc.fplib
                0x00000000       0xdc c:/program files (x86)/atmel/studio/7.0/toolchain/avr8/avr8-gnu-toolchain/bin/../lib/gcc/avr/5.4.0/../../../../avr/lib/avr5\libm.a(divsf3x.o)
 .text          0x00000000        0x0 c:/program files (x86)/atmel/studio/7.0/toolchain/avr8/avr8-gnu-toolchain/bin/../lib/gcc/avr/5.4.0/../../../../avr/lib/avr5\libm.a(fixunssfsi.o)
 .data          0x00000000        0x0 c:/program files (x86)/atmel/studio/7.0/toolchain/avr8/avr8-gnu-toolchain/bin/../lib/gcc/avr/5.4.0/../../../../avr/lib/avr5\libm.a(fixunssfsi.o)
 .bss           0x00000000        0x0 c:/program files (x86)/atmel/studio/7.0/toolchain/avr8/avr8-gnu-toolchain/bin/../lib/gcc/avr/5.4.0/../../../../avr/lib/avr5\libm.a(fixunssfsi.o)
 .text.avr-libc.fplib
                0x00000000       0x5e c:/program files (x86)/atmel/studio/7.0/toolchain/avr8/avr8-gnu-toolchain/bin/../lib/gcc/avr/5.4.0/../../../../avr/lib/avr5\libm.a(fixunssfsi.o)
 .text          0x00000000        0x0 c:/program files (x86)/atmel/studio/7.0/toolchain/avr8/avr8-gnu-toolchain/bin/../lib/gcc/avr/5.4.0/../../../../avr/lib/avr5\libm.a(floatsisf.o)
 .data          0x00000000        0x0 c:/program files (x86)/atmel/studio/7.0/toolchain/avr8/avr8-gnu-toolchain/bin/../lib/gcc/avr/5.4.0/../../../../avr/lib/avr5\libm.a(floatsisf.o)
 .bss           0x00000000        0x0 c:/program files (x86)/atmel/studio/7.0/toolchain/avr8/avr8-gnu-toolchain/bin/../lib/gcc/avr/5.4.0/../../../../avr/lib/avr5\libm.a(floatsisf.o)
 .text.avr-libc.fplib
                0x00000000       0x7a c:/program files (x86)/atmel/studio/7.0/toolchain/avr8/avr8-gnu-toolchain/bin/../lib/gcc/avr/5.4.0/../../../../avr/lib/avr5\libm.a(floatsisf.o)
 .text          0x00000000        0x0 c:/program files (x86)/atmel/studio/7.0/toolchain/avr8/avr8-gnu-toolchain/bin/../lib/gcc/avr/5.4.0/../../../../avr/lib/avr5\libm.a(fp_inf.o)
 .data          0x00000000        0x0 c:/program files (x86)/atmel/studio/7.0/toolchain/avr8/avr8-gnu-toolchain/bin/../lib/gcc/avr/5.4.0/../../../../avr/lib/avr5\libm.a(fp_inf.o)
 .bss           0x00000000        0x0 c:/program files (x86)/atmel/studio/7.0/toolchain/avr8/avr8-gnu-toolchain/bin/../lib/gcc/avr/5.4.0/../../../../avr/lib/avr5\libm.a(fp_inf.o)
 .text.avr-libc.fplib
                0x00000000        0xc c:/program files (x86)/atmel/studio/7.0/toolchain/avr8/avr8-gnu-toolchain/bin/../lib/gcc/avr/5.4.0/../../../../avr/lib/avr5\libm.a(fp_inf.o)
 .text          0x00000000        0x0 c:/program files (x86)/atmel/studio/7.0/toolchain/avr8/avr8-gnu-toolchain/bin/../lib/gcc/avr/5.4.0/../../../../avr/lib/avr5\libm.a(fp_nan.o)
 .data          0x00000000        0x0 c:/program files (x86)/atmel/studio/7.0/toolchain/avr8/avr8-gnu-toolchain/bin/../lib/gcc/avr/5.4.0/../../../../avr/lib/avr5\libm.a(fp_nan.o)
 .bss           0x00000000        0x0 c:/program files (x86)/atmel/studio/7.0/toolchain/avr8/avr8-gnu-toolchain/bin/../lib/gcc/avr/5.4.0/../../../../avr/lib/avr5\libm.a(fp_nan.o)
 .text.avr-libc.fplib
                0x00000000        0x6 c:/program files (x86)/atmel/studio/7.0/toolchain/avr8/avr8-gnu-toolchain/bin/../lib/gcc/avr/5.4.0/../../../../avr/lib/avr5\libm.a(fp_nan.o)
 .text          0x00000000        0x0 c:/program files (x86)/atmel/studio/7.0/toolchain/avr8/avr8-gnu-toolchain/bin/../lib/gcc/avr/5.4.0/../../../../avr/lib/avr5\libm.a(fp_pscA.o)
 .data          0x00000000        0x0 c:/program files (x86)/atmel/studio/7.0/toolchain/avr8/avr8-gnu-toolchain/bin/../lib/gcc/avr/5.4.0/../../../../avr/lib/avr5\libm.a(fp_pscA.o)
 .bss           0x00000000        0x0 c:/program files (x86)/atmel/studio/7.0/toolchain/avr8/avr8-gnu-toolchain/bin/../lib/gcc/avr/5.4.0/../../../../avr/lib/avr5\libm.a(fp_pscA.o)
 .text.avr-libc.fplib
                0x00000000        0xe c:/program files (x86)/atmel/studio/7.0/toolchain/avr8/avr8-gnu-toolchain/bin/../lib/gcc/avr/5.4.0/../../../../avr/lib/avr5\libm.a(fp_pscA.o)
 .text          0x00000000        0x0 c:/program files (x86)/atmel/studio/7.0/toolchain/avr8/avr8-gnu-toolchain/bin/../lib/gcc/avr/5.4.0/../../../../avr/lib/avr5\libm.a(fp_pscB.o)
 .data          0x00000000        0x0 c:/program files (x86)/atmel/studio/7.0/toolchain/avr8/avr8-gnu-toolchain/bin/../lib/gcc/avr/5.4.0/../../../../avr/lib/avr5\libm.a(fp_pscB.o)
 .bss           0x00000000        0x0 c:/program files (x86)/atmel/studio/7.0/toolchain/avr8/avr8-gnu-toolchain/bin/../lib/gcc/avr/5.4.0/../../../../avr/lib/avr5\libm.a(fp_pscB.o)
 .text.avr-libc.fplib
                0x00000000        0xe c:/program files (x86)/atmel/studio/7.0/toolchain/avr8/avr8-gnu-toolchain/bin/../lib/gcc/avr/5.4.0/../../../../avr/lib/avr5\libm.a(fp_pscB.o)
 .text          0x00000000        0x0 c:/program files (x86)/atmel/studio/7.0/toolchain/avr8/avr8-gnu-toolchain/bin/../lib/gcc/avr/5.4.0/../../../../avr/lib/avr5\libm.a(fp_round.o)
 .data          0x00000000        0x0 c:/program files (x86)/atmel/studio/7.0/toolchain/avr8/avr8-gnu-toolchain/bin/../lib/gcc/avr/5.4.0/../../../../avr/lib/avr5\libm.a(fp_round.o)
 .bss           0x00000000        0x0 c:/program files (x86)/atmel/studio/7.0/toolchain/avr8/avr8-gnu-toolchain/bin/../lib/gcc/avr/5.4.0/../../../../avr/lib/avr5\libm.a(fp_round.o)
 .text.avr-libc.fplib
                0x00000000       0x22 c:/program files (x86)/atmel/studio/7.0/toolchain/avr8/avr8-gnu-toolchain/bin/../lib/gcc/avr/5.4.0/../../../../avr/lib/avr5\libm.a(fp_round.o)
 .text          0x00000000        0x0 c:/program files (x86)/atmel/studio/7.0/toolchain/avr8/avr8-gnu-toolchain/bin/../lib/gcc/avr/5.4.0/../../../../avr/lib/avr5\libm.a(fp_split3.o)
 .data          0x00000000        0x0 c:/program files (x86)/atmel/studio/7.0/toolchain/avr8/avr8-gnu-toolchain/bin/../lib/gcc/avr/5.4.0/../../../../avr/lib/avr5\libm.a(fp_split3.o)
 .bss           0x00000000        0x0 c:/program files (x86)/atmel/studio/7.0/toolchain/avr8/avr8-gnu-toolchain/bin/../lib/gcc/avr/5.4.0/../../../../avr/lib/avr5\libm.a(fp_split3.o)
 .text.avr-libc.fplib
                0x00000000       0x44 c:/program files (x86)/atmel/studio/7.0/toolchain/avr8/avr8-gnu-toolchain/bin/../lib/gcc/avr/5.4.0/../../../../avr/lib/avr5\libm.a(fp_split3.o)
 .text          0x00000000        0x0 c:/program files (x86)/atmel/studio/7.0/toolchain/avr8/avr8-gnu-toolchain/bin/../lib/gcc/avr/5.4.0/../../../../avr/lib/avr5\libm.a(fp_zero.o)
 .data          0x00000000        0x0 c:/program files (x86)/atmel/studio/7.0/toolchain/avr8/avr8-gnu-toolchain/bin/../lib/gcc/avr/5.4.0/../../../../avr/lib/avr5\libm.a(fp_zero.o)
 .bss           0x00000000        0x0 c:/program files (x86)/atmel/studio/7.0/toolchain/avr8/avr8-gnu-toolchain/bin/../lib/gcc/avr/5.4.0/../../../../avr/lib/avr5\libm.a(fp_zero.o)
 .text.avr-libc.fplib
                0x00000000        0xe c:/program files (x86)/atmel/studio/7.0/toolchain/avr8/avr8-gnu-toolchain/bin/../lib/gcc/avr/5.4.0/../../../../avr/lib/avr5\libm.a(fp_zero.o)
 .text          0x00000000        0x0 c:/program files (x86)/atmel/studio/7.0/toolchain/avr8/avr8-gnu-toolchain/bin/../lib/gcc/avr/5.4.0/../../../../avr/lib/avr5\libm.a(log10.o)
 .data          0x00000000        0x0 c:/program files (x86)/atmel/studio/7.0/toolchain/avr8/avr8-gnu-toolchain/bin/../lib/gcc/avr/5.4.0/../../../../avr/lib/avr5\libm.a(log10.o)
 .bss           0x00000000        0x0 c:/program files (x86)/atmel/studio/7.0/toolchain/avr8/avr8-gnu-toolchain/bin/../lib/gcc/avr/5.4.0/../../../../avr/lib/avr5\libm.a(log10.o)
 .text.avr-libc.fplib
                0x00000000       0x10 c:/program files (x86)/atmel/studio/7.0/toolchain/avr8/avr8-gnu-toolchain/bin/../lib/gcc/avr/5.4.0/../../../../avr/lib/avr5\libm.a(log10.o)
 .text          0x00000000        0x0 c:/program files (x86)/atmel/studio/7.0/toolchain/avr8/avr8-gnu-toolchain/bin/../lib/gcc/avr/5.4.0/../../../../avr/lib/avr5\libm.a(log.o)
 .data          0x00000000        0x0 c:/program files (x86)/atmel/studio/7.0/toolchain/avr8/avr8-gnu-toolchain/bin/../lib/gcc/avr/5.4.0/../../../../avr/lib/avr5\libm.a(log.o)
 .bss           0x00000000        0x0 c:/program files (x86)/atmel/studio/7.0/toolchain/avr8/avr8-gnu-toolchain/bin/../lib/gcc/avr/5.4.0/../../../../avr/lib/avr5\libm.a(log.o)
 .text.avr-libc.fplib
                0x00000000       0xa0 c:/program files (x86)/atmel/studio/7.0/toolchain/avr8/avr8-gnu-toolchain/bin/../lib/gcc/avr/5.4.0/../../../../avr/lib/avr5\libm.a(log.o)
 .progmem.gcc_fplib
                0x00000000       0x5a c:/program files (x86)/atmel/studio/7.0/toolchain/avr8/avr8-gnu-toolchain/bin/../lib/gcc/avr/5.4.0/../../../../avr/lib/avr5\libm.a(log.o)
 .text          0x00000000        0x0 c:/program files (x86)/atmel/studio/7.0/toolchain/avr8/avr8-gnu-toolchain/bin/../lib/gcc/avr/5.4.0/../../../../avr/lib/avr5\libm.a(mulsf3.o)
 .data          0x00000000        0x0 c:/program files (x86)/atmel/studio/7.0/toolchain/avr8/avr8-gnu-toolchain/bin/../lib/gcc/avr/5.4.0/../../../../avr/lib/avr5\libm.a(mulsf3.o)
 .bss           0x00000000        0x0 c:/program files (x86)/atmel/studio/7.0/toolchain/avr8/avr8-gnu-toolchain/bin/../lib/gcc/avr/5.4.0/../../../../avr/lib/avr5\libm.a(mulsf3.o)
 .text.avr-libc.fplib
                0x00000000        0x8 c:/program files (x86)/atmel/studio/7.0/toolchain/avr8/avr8-gnu-toolchain/bin/../lib/gcc/avr/5.4.0/../../../../avr/lib/avr5\libm.a(mulsf3.o)
 .text          0x00000000        0x0 c:/program files (x86)/atmel/studio/7.0/toolchain/avr8/avr8-gnu-toolchain/bin/../lib/gcc/avr/5.4.0/../../../../avr/lib/avr5\libm.a(mulsf3x.o)
 .data          0x00000000        0x0 c:/program files (x86)/atmel/studio/7.0/toolchain/avr8/avr8-gnu-toolchain/bin/../lib/gcc/avr/5.4.0/../../../../avr/lib/avr5\libm.a(mulsf3x.o)
 .bss           0x00000000        0x0 c:/program files (x86)/atmel/studio/7.0/toolchain/avr8/avr8-gnu-toolchain/bin/../lib/gcc/avr/5.4.0/../../../../avr/lib/avr5\libm.a(mulsf3x.o)
 .text.avr-libc.fplib
                0x00000000       0xd2 c:/program files (x86)/atmel/studio/7.0/toolchain/avr8/avr8-gnu-toolchain/bin/../lib/gcc/avr/5.4.0/../../../../avr/lib/avr5\libm.a(mulsf3x.o)
 .text          0x00000000        0x0 c:/program files (x86)/atmel/studio/7.0/toolchain/avr8/avr8-gnu-toolchain/bin/../lib/gcc/avr/5.4.0/../../../../avr/lib/avr5\libm.a(pow.o)
 .data          0x00000000        0x0 c:/program files (x86)/atmel/studio/7.0/toolchain/avr8/avr8-gnu-toolchain/bin/../lib/gcc/avr/5.4.0/../../../../avr/lib/avr5\libm.a(pow.o)
 .bss           0x00000000        0x0 c:/program files (x86)/atmel/studio/7.0/toolchain/avr8/avr8-gnu-toolchain/bin/../lib/gcc/avr/5.4.0/../../../../avr/lib/avr5\libm.a(pow.o)
 .text.avr-libc.fplib
                0x00000000       0xa0 c:/program files (x86)/atmel/studio/7.0/toolchain/avr8/avr8-gnu-toolchain/bin/../lib/gcc/avr/5.4.0/../../../../avr/lib/avr5\libm.a(pow.o)
 .text          0x00000000        0x0 c:/program files (x86)/atmel/studio/7.0/toolchain/avr8/avr8-gnu-toolchain/bin/../lib/gcc/avr/5.4.0/../../../../avr/lib/avr5\libm.a(exp.o)
 .data          0x00000000        0x0 c:/program files (x86)/atmel/studio/7.0/toolchain/avr8/avr8-gnu-toolchain/bin/../lib/gcc/avr/5.4.0/../../../../avr/lib/avr5\libm.a(exp.o)
 .bss           0x00000000        0x0 c:/program files (x86)/atmel/studio/7.0/toolchain/avr8/avr8-gnu-toolchain/bin/../lib/gcc/avr/5.4.0/../../../../avr/lib/avr5\libm.a(exp.o)
 .text.avr-libc.fplib
                0x00000000       0x74 c:/program files (x86)/atmel/studio/7.0/toolchain/avr8/avr8-gnu-toolchain/bin/../lib/gcc/avr/5.4.0/../../../../avr/lib/avr5\libm.a(exp.o)
 .progmem.gcc_fplib
                0x00000000       0x28 c:/program files (x86)/atmel/studio/7.0/toolchain/avr8/avr8-gnu-toolchain/bin/../lib/gcc/avr/5.4.0/../../../../avr/lib/avr5\libm.a(exp.o)
 .text          0x00000000        0x0 c:/program files (x86)/atmel/studio/7.0/toolchain/avr8/avr8-gnu-toolchain/bin/../lib/gcc/avr/5.4.0/../../../../avr/lib/avr5\libm.a(fp_mpack.o)
 .data          0x00000000        0x0 c:/program files (x86)/atmel/studio/7.0/toolchain/avr8/avr8-gnu-toolchain/bin/../lib/gcc/avr/5.4.0/../../../../avr/lib/avr5\libm.a(fp_mpack.o)
 .bss           0x00000000        0x0 c:/program files (x86)/atmel/studio/7.0/toolchain/avr8/avr8-gnu-toolchain/bin/../lib/gcc/avr/5.4.0/../../../../avr/lib/avr5\libm.a(fp_mpack.o)
 .text.avr-libc.fplib
                0x00000000       0x1c c:/program files (x86)/atmel/studio/7.0/toolchain/avr8/avr8-gnu-toolchain/bin/../lib/gcc/avr/5.4.0/../../../../avr/lib/avr5\libm.a(fp_mpack.o)
 .text          0x00000000        0x0 c:/program files (x86)/atmel/studio/7.0/toolchain/avr8/avr8-gnu-toolchain/bin/../lib/gcc/avr/5.4.0/../../../../avr/lib/avr5\libm.a(fp_powser.o)
 .data          0x00000000        0x0 c:/program files (x86)/atmel/studio/7.0/toolchain/avr8/avr8-gnu-toolchain/bin/../lib/gcc/avr/5.4.0/../../../../avr/lib/avr5\libm.a(fp_powser.o)
 .bss           0x00000000        0x0 c:/program files (x86)/atmel/studio/7.0/toolchain/avr8/avr8-gnu-toolchain/bin/../lib/gcc/avr/5.4.0/../../../../avr/lib/avr5\libm.a(fp_powser.o)
 .text.avr-libc.fplib
                0x00000000       0x4e c:/program files (x86)/atmel/studio/7.0/toolchain/avr8/avr8-gnu-toolchain/bin/../lib/gcc/avr/5.4.0/../../../../avr/lib/avr5\libm.a(fp_powser.o)
 .text          0x00000000        0x0 c:/program files (x86)/atmel/studio/7.0/toolchain/avr8/avr8-gnu-toolchain/bin/../lib/gcc/avr/5.4.0/../../../../avr/lib/avr5\libm.a(inverse.o)
 .data          0x00000000        0x0 c:/program files (x86)/atmel/studio/7.0/toolchain/avr8/avr8-gnu-toolchain/bin/../lib/gcc/avr/5.4.0/../../../../avr/lib/avr5\libm.a(inverse.o)
 .bss           0x00000000        0x0 c:/program files (x86)/atmel/studio/7.0/toolchain/avr8/avr8-gnu-toolchain/bin/../lib/gcc/avr/5.4.0/../../../../avr/lib/avr5\libm.a(inverse.o)
 .text.avr-libc.fplib
                0x00000000       0x10 c:/program files (x86)/atmel/studio/7.0/toolchain/avr8/avr8-gnu-toolchain/bin/../lib/gcc/avr/5.4.0/../../../../avr/lib/avr5\libm.a(inverse.o)
 .text          0x00000000        0x0 c:/program files (x86)/atmel/studio/7.0/toolchain/avr8/avr8-gnu-toolchain/bin/../lib/gcc/avr/5.4.0/../../../../avr/lib/avr5\libm.a(ldexp.o)
 .data          0x00000000        0x0 c:/program files (x86)/atmel/studio/7.0/toolchain/avr8/avr8-gnu-toolchain/bin/../lib/gcc/avr/5.4.0/../../../../avr/lib/avr5\libm.a(ldexp.o)
 .bss           0x00000000        0x0 c:/program files (x86)/atmel/studio/7.0/toolchain/avr8/avr8-gnu-toolchain/bin/../lib/gcc/avr/5.4.0/../../../../avr/lib/avr5\libm.a(ldexp.o)
 .text.avr-libc.fplib
                0x00000000       0x74 c:/program files (x86)/atmel/studio/7.0/toolchain/avr8/avr8-gnu-toolchain/bin/../lib/gcc/avr/5.4.0/../../../../avr/lib/avr5\libm.a(ldexp.o)
 .text          0x00000000        0x0 c:/program files (x86)/atmel/studio/7.0/toolchain/avr8/avr8-gnu-toolchain/bin/../lib/gcc/avr/5.4.0/../../../../avr/lib/avr5\libm.a(modf.o)
 .data          0x00000000        0x0 c:/program files (x86)/atmel/studio/7.0/toolchain/avr8/avr8-gnu-toolchain/bin/../lib/gcc/avr/5.4.0/../../../../avr/lib/avr5\libm.a(modf.o)
 .bss           0x00000000        0x0 c:/program files (x86)/atmel/studio/7.0/toolchain/avr8/avr8-gnu-toolchain/bin/../lib/gcc/avr/5.4.0/../../../../avr/lib/avr5\libm.a(modf.o)
 .text.avr-libc.fplib
                0x00000000       0x68 c:/program files (x86)/atmel/studio/7.0/toolchain/avr8/avr8-gnu-toolchain/bin/../lib/gcc/avr/5.4.0/../../../../avr/lib/avr5\libm.a(modf.o)
 .text          0x00000000        0x0 c:/program files (x86)/atmel/studio/7.0/toolchain/avr8/avr8-gnu-toolchain/bin/../lib/gcc/avr/5.4.0/avr5\libgcc.a(_udivmodsi4.o)
 .data          0x00000000        0x0 c:/program files (x86)/atmel/studio/7.0/toolchain/avr8/avr8-gnu-toolchain/bin/../lib/gcc/avr/5.4.0/avr5\libgcc.a(_udivmodsi4.o)
 .bss           0x00000000        0x0 c:/program files (x86)/atmel/studio/7.0/toolchain/avr8/avr8-gnu-toolchain/bin/../lib/gcc/avr/5.4.0/avr5\libgcc.a(_udivmodsi4.o)
 .text.libgcc.mul
                0x00000000        0x0 c:/program files (x86)/atmel/studio/7.0/toolchain/avr8/avr8-gnu-toolchain/bin/../lib/gcc/avr/5.4.0/avr5\libgcc.a(_udivmodsi4.o)
 .text.libgcc.div
                0x00000000       0x44 c:/program files (x86)/atmel/studio/7.0/toolchain/avr8/avr8-gnu-toolchain/bin/../lib/gcc/avr/5.4.0/avr5\libgcc.a(_udivmodsi4.o)
 .text.libgcc   0x00000000        0x0 c:/program files (x86)/atmel/studio/7.0/toolchain/avr8/avr8-gnu-toolchain/bin/../lib/gcc/avr/5.4.0/avr5\libgcc.a(_udivmodsi4.o)
 .text.libgcc.prologue
                0x00000000        0x0 c:/program files (x86)/atmel/studio/7.0/toolchain/avr8/avr8-gnu-toolchain/bin/../lib/gcc/avr/5.4.0/avr5\libgcc.a(_udivmodsi4.o)
 .text.libgcc.builtins
                0x00000000        0x0 c:/program files (x86)/atmel/studio/7.0/toolchain/avr8/avr8-gnu-toolchain/bin/../lib/gcc/avr/5.4.0/avr5\libgcc.a(_udivmodsi4.o)
 .text.libgcc.fmul
                0x00000000        0x0 c:/program files (x86)/atmel/studio/7.0/toolchain/avr8/avr8-gnu-toolchain/bin/../lib/gcc/avr/5.4.0/avr5\libgcc.a(_udivmodsi4.o)
 .text.libgcc.fixed
                0x00000000        0x0 c:/program files (x86)/atmel/studio/7.0/toolchain/avr8/avr8-gnu-toolchain/bin/../lib/gcc/avr/5.4.0/avr5\libgcc.a(_udivmodsi4.o)
 .text          0x00000000        0x0 c:/program files (x86)/atmel/studio/7.0/toolchain/avr8/avr8-gnu-toolchain/bin/../lib/gcc/avr/5.4.0/avr5\libgcc.a(_exit.o)
 .data          0x00000000        0x0 c:/program files (x86)/atmel/studio/7.0/toolchain/avr8/avr8-gnu-toolchain/bin/../lib/gcc/avr/5.4.0/avr5\libgcc.a(_exit.o)
 .bss           0x00000000        0x0 c:/program files (x86)/atmel/studio/7.0/toolchain/avr8/avr8-gnu-toolchain/bin/../lib/gcc/avr/5.4.0/avr5\libgcc.a(_exit.o)
 .text.libgcc.mul
                0x00000000        0x0 c:/program files (x86)/atmel/studio/7.0/toolchain/avr8/avr8-gnu-toolchain/bin/../lib/gcc/avr/5.4.0/avr5\libgcc.a(_exit.o)
 .text.libgcc.div
                0x00000000        0x0 c:/program files (x86)/atmel/studio/7.0/toolchain/avr8/avr8-gnu-toolchain/bin/../lib/gcc/avr/5.4.0/avr5\libgcc.a(_exit.o)
 .text.libgcc   0x00000000        0x0 c:/program files (x86)/atmel/studio/7.0/toolchain/avr8/avr8-gnu-toolchain/bin/../lib/gcc/avr/5.4.0/avr5\libgcc.a(_exit.o)
 .text.libgcc.prologue
                0x00000000        0x0 c:/program files (x86)/atmel/studio/7.0/toolchain/avr8/avr8-gnu-toolchain/bin/../lib/gcc/avr/5.4.0/avr5\libgcc.a(_exit.o)
 .text.libgcc.builtins
                0x00000000        0x0 c:/program files (x86)/atmel/studio/7.0/toolchain/avr8/avr8-gnu-toolchain/bin/../lib/gcc/avr/5.4.0/avr5\libgcc.a(_exit.o)
 .text.libgcc.fmul
                0x00000000        0x0 c:/program files (x86)/atmel/studio/7.0/toolchain/avr8/avr8-gnu-toolchain/bin/../lib/gcc/avr/5.4.0/avr5\libgcc.a(_exit.o)
 .text.libgcc.fixed
                0x00000000        0x0 c:/program files (x86)/atmel/studio/7.0/toolchain/avr8/avr8-gnu-toolchain/bin/../lib/gcc/avr/5.4.0/avr5\libgcc.a(_exit.o)
 .text          0x00000000        0x0 c:/program files (x86)/atmel/studio/7.0/toolchain/avr8/avr8-gnu-toolchain/bin/../lib/gcc/avr/5.4.0/avr5\libgcc.a(_copy_data.o)
 .data          0x00000000        0x0 c:/program files (x86)/atmel/studio/7.0/toolchain/avr8/avr8-gnu-toolchain/bin/../lib/gcc/avr/5.4.0/avr5\libgcc.a(_copy_data.o)
 .bss           0x00000000        0x0 c:/program files (x86)/atmel/studio/7.0/toolchain/avr8/avr8-gnu-toolchain/bin/../lib/gcc/avr/5.4.0/avr5\libgcc.a(_copy_data.o)
 .text.libgcc.mul
                0x00000000        0x0 c:/program files (x86)/atmel/studio/7.0/toolchain/avr8/avr8-gnu-toolchain/bin/../lib/gcc/avr/5.4.0/avr5\libgcc.a(_copy_data.o)
 .text.libgcc.div
                0x00000000        0x0 c:/program files (x86)/atmel/studio/7.0/toolchain/avr8/avr8-gnu-toolchain/bin/../lib/gcc/avr/5.4.0/avr5\libgcc.a(_copy_data.o)
 .text.libgcc   0x00000000        0x0 c:/program files (x86)/atmel/studio/7.0/toolchain/avr8/avr8-gnu-toolchain/bin/../lib/gcc/avr/5.4.0/avr5\libgcc.a(_copy_data.o)
 .text.libgcc.prologue
                0x00000000        0x0 c:/program files (x86)/atmel/studio/7.0/toolchain/avr8/avr8-gnu-toolchain/bin/../lib/gcc/avr/5.4.0/avr5\libgcc.a(_copy_data.o)
 .text.libgcc.builtins
                0x00000000        0x0 c:/program files (x86)/atmel/studio/7.0/toolchain/avr8/avr8-gnu-toolchain/bin/../lib/gcc/avr/5.4.0/avr5\libgcc.a(_copy_data.o)
 .text.libgcc.fmul
                0x00000000        0x0 c:/program files (x86)/atmel/studio/7.0/toolchain/avr8/avr8-gnu-toolchain/bin/../lib/gcc/avr/5.4.0/avr5\libgcc.a(_copy_data.o)
 .text.libgcc.fixed
                0x00000000        0x0 c:/program files (x86)/atmel/studio/7.0/toolchain/avr8/avr8-gnu-toolchain/bin/../lib/gcc/avr/5.4.0/avr5\libgcc.a(_copy_data.o)
 .text          0x00000000        0x0 c:/program files (x86)/atmel/studio/7.0/toolchain/avr8/avr8-gnu-toolchain/bin/../lib/gcc/avr/5.4.0/avr5\libgcc.a(_clear_bss.o)
 .data          0x00000000        0x0 c:/program files (x86)/atmel/studio/7.0/toolchain/avr8/avr8-gnu-toolchain/bin/../lib/gcc/avr/5.4.0/avr5\libgcc.a(_clear_bss.o)
 .bss           0x00000000        0x0 c:/program files (x86)/atmel/studio/7.0/toolchain/avr8/avr8-gnu-toolchain/bin/../lib/gcc/avr/5.4.0/avr5\libgcc.a(_clear_bss.o)
 .text.libgcc.mul
                0x00000000        0x0 c:/program files (x86)/atmel/studio/7.0/toolchain/avr8/avr8-gnu-toolchain/bin/../lib/gcc/avr/5.4.0/avr5\libgcc.a(_clear_bss.o)
 .text.libgcc.div
                0x00000000        0x0 c:/program files (x86)/atmel/studio/7.0/toolchain/avr8/avr8-gnu-toolchain/bin/../lib/gcc/avr/5.4.0/avr5\libgcc.a(_clear_bss.o)
 .text.libgcc   0x00000000        0x0 c:/program files (x86)/atmel/studio/7.0/toolchain/avr8/avr8-gnu-toolchain/bin/../lib/gcc/avr/5.4.0/avr5\libgcc.a(_clear_bss.o)
 .text.libgcc.prologue
                0x00000000        0x0 c:/program files (x86)/atmel/studio/7.0/toolchain/avr8/avr8-gnu-toolchain/bin/../lib/gcc/avr/5.4.0/avr5\libgcc.a(_clear_bss.o)
 .text.libgcc.builtins
                0x00000000        0x0 c:/program files (x86)/atmel/studio/7.0/toolchain/avr8/avr8-gnu-toolchain/bin/../lib/gcc/avr/5.4.0/avr5\libgcc.a(_clear_bss.o)
 .text.libgcc.fmul
                0x00000000        0x0 c:/program files (x86)/atmel/studio/7.0/toolchain/avr8/avr8-gnu-toolchain/bin/../lib/gcc/avr/5.4.0/avr5\libgcc.a(_clear_bss.o)
 .text.libgcc.fixed
                0x00000000        0x0 c:/program files (x86)/atmel/studio/7.0/toolchain/avr8/avr8-gnu-toolchain/bin/../lib/gcc/avr/5.4.0/avr5\libgcc.a(_clear_bss.o)
 .text          0x00000000        0x0 c:/program files (x86)/atmel/studio/7.0/toolchain/avr8/avr8-gnu-toolchain/bin/../lib/gcc/avr/5.4.0/avr5\libgcc.a(_umulhisi3.o)
 .data          0x00000000        0x0 c:/program files (x86)/atmel/studio/7.0/toolchain/avr8/avr8-gnu-toolchain/bin/../lib/gcc/avr/5.4.0/avr5\libgcc.a(_umulhisi3.o)
 .bss           0x00000000        0x0 c:/program files (x86)/atmel/studio/7.0/toolchain/avr8/avr8-gnu-toolchain/bin/../lib/gcc/avr/5.4.0/avr5\libgcc.a(_umulhisi3.o)
 .text.libgcc.mul
                0x00000000       0x1e c:/program files (x86)/atmel/studio/7.0/toolchain/avr8/avr8-gnu-toolchain/bin/../lib/gcc/avr/5.4.0/avr5\libgcc.a(_umulhisi3.o)
 .text.libgcc.div
                0x00000000        0x0 c:/program files (x86)/atmel/studio/7.0/toolchain/avr8/avr8-gnu-toolchain/bin/../lib/gcc/avr/5.4.0/avr5\libgcc.a(_umulhisi3.o)
 .text.libgcc   0x00000000        0x0 c:/program files (x86)/atmel/studio/7.0/toolchain/avr8/avr8-gnu-toolchain/bin/../lib/gcc/avr/5.4.0/avr5\libgcc.a(_umulhisi3.o)
 .text.libgcc.prologue
                0x00000000        0x0 c:/program files (x86)/atmel/studio/7.0/toolchain/avr8/avr8-gnu-toolchain/bin/../lib/gcc/avr/5.4.0/avr5\libgcc.a(_umulhisi3.o)
 .text.libgcc.builtins
                0x00000000        0x0 c:/program files (x86)/atmel/studio/7.0/toolchain/avr8/avr8-gnu-toolchain/bin/../lib/gcc/avr/5.4.0/avr5\libgcc.a(_umulhisi3.o)
 .text.libgcc.fmul
                0x00000000        0x0 c:/program files (x86)/atmel/studio/7.0/toolchain/avr8/avr8-gnu-toolchain/bin/../lib/gcc/avr/5.4.0/avr5\libgcc.a(_umulhisi3.o)
 .text.libgcc.fixed
                0x00000000        0x0 c:/program files (x86)/atmel/studio/7.0/toolchain/avr8/avr8-gnu-toolchain/bin/../lib/gcc/avr/5.4.0/avr5\libgcc.a(_umulhisi3.o)
 .text          0x00000000        0x0 c:/program files (x86)/atmel/studio/7.0/toolchain/avr8/avr8-gnu-toolchain/bin/../lib/gcc/avr/5.4.0/avr5\libgcc.a(_muluhisi3.o)
 .data          0x00000000        0x0 c:/program files (x86)/atmel/studio/7.0/toolchain/avr8/avr8-gnu-toolchain/bin/../lib/gcc/avr/5.4.0/avr5\libgcc.a(_muluhisi3.o)
 .bss           0x00000000        0x0 c:/program files (x86)/atmel/studio/7.0/toolchain/avr8/avr8-gnu-toolchain/bin/../lib/gcc/avr/5.4.0/avr5\libgcc.a(_muluhisi3.o)
 .text.libgcc.mul
                0x00000000       0x16 c:/program files (x86)/atmel/studio/7.0/toolchain/avr8/avr8-gnu-toolchain/bin/../lib/gcc/avr/5.4.0/avr5\libgcc.a(_muluhisi3.o)
 .text.libgcc.div
                0x00000000        0x0 c:/program files (x86)/atmel/studio/7.0/toolchain/avr8/avr8-gnu-toolchain/bin/../lib/gcc/avr/5.4.0/avr5\libgcc.a(_muluhisi3.o)
 .text.libgcc   0x00000000        0x0 c:/program files (x86)/atmel/studio/7.0/toolchain/avr8/avr8-gnu-toolchain/bin/../lib/gcc/avr/5.4.0/avr5\libgcc.a(_muluhisi3.o)
 .text.libgcc.prologue
                0x00000000        0x0 c:/program files (x86)/atmel/studio/7.0/toolchain/avr8/avr8-gnu-toolchain/bin/../lib/gcc/avr/5.4.0/avr5\libgcc.a(_muluhisi3.o)
 .text.libgcc.builtins
                0x00000000        0x0 c:/program files (x86)/atmel/studio/7.0/toolchain/avr8/avr8-gnu-toolchain/bin/../lib/gcc/avr/5.4.0/avr5\libgcc.a(_muluhisi3.o)
 .text.libgcc.fmul
                0x00000000        0x0 c:/program files (x86)/atmel/studio/7.0/toolchain/avr8/avr8-gnu-toolchain/bin/../lib/gcc/avr/5.4.0/avr5\libgcc.a(_muluhisi3.o)
 .text.libgcc.fixed
                0x00000000        0x0 c:/program files (x86)/atmel/studio/7.0/toolchain/avr8/avr8-gnu-toolchain/bin/../lib/gcc/avr/5.4.0/avr5\libgcc.a(_muluhisi3.o)

Memory Configuration

Name             Origin             Length             Attributes
text             0x00000000         0x00008000         xr
data             0x00800060         0x00000800         rw !x
eeprom           0x00810000         0x00000400         rw !x
fuse             0x00820000         0x00000002         rw !x
lock             0x00830000         0x00000400         rw !x
signature        0x00840000         0x00000400         rw !x
user_signatures  0x00850000         0x00000400         rw !x
*default*        0x00000000         0xffffffff

Linker script and memory map

LOAD C:/Program Files (x86)/Atmel/Studio/7.0/Packs/atmel/ATmega_DFP/1.6.364/gcc/dev/atmega32a/avr5/crtatmega32a.o
LOAD APP/CARD.o
LOAD ECUAL/BUZZER/BUZZER_program.o
LOAD ECUAL/EEPROM/EEPROM_program.o
LOAD ECUAL/KEYPAD/KEYPAD_program.o
LOAD ECUAL/LCD/LCD_program.o
LOAD ECUAL/LM35/LM35_program.o
LOAD ECUAL/MOTOR/MOTOR_program.o
LOAD MCAL/ADC/ADC_program.o
LOAD MCAL/DIO/DIO_program.o
LOAD MCAL/I2C/I2C_program.o
LOAD MCAL/EXTI/EXTERNAL_interrupts.o
LOAD MCAL/SPI/SPI_program.o
LOAD MCAL/TIMERS/TIMERS_program.o
LOAD MCAL/USART/UART_program.o
LOAD SERVICE/CARD_functions.o
START GROUP
LOAD c:/program files (x86)/atmel/studio/7.0/toolchain/avr8/avr8-gnu-toolchain/bin/../lib/gcc/avr/5.4.0/../../../../avr/lib/avr5\libm.a
END GROUP
START GROUP
LOAD c:/program files (x86)/atmel/studio/7.0/toolchain/avr8/avr8-gnu-toolchain/bin/../lib/gcc/avr/5.4.0/avr5\libgcc.a
LOAD c:/program files (x86)/atmel/studio/7.0/toolchain/avr8/avr8-gnu-toolchain/bin/../lib/gcc/avr/5.4.0/../../../../avr/lib/avr5\libm.a
LOAD c:/program files (x86)/atmel/studio/7.0/toolchain/avr8/avr8-gnu-toolchain/bin/../lib/gcc/avr/5.4.0/../../../../avr/lib/avr5\libc.a
LOAD C:/Program Files (x86)/Atmel/Studio/7.0/Packs/atmel/ATmega_DFP/1.6.364/gcc/dev/atmega32a/avr5\libatmega32a.a
END GROUP
                [0x00000000]                __TEXT_REGION_ORIGIN__ = DEFINED (__TEXT_REGION_ORIGIN__)?__TEXT_REGION_ORIGIN__:0x0
                [0x00800060]                __DATA_REGION_ORIGIN__ = DEFINED (__DATA_REGION_ORIGIN__)?__DATA_REGION_ORIGIN__:0x800060
                [0x00008000]                __TEXT_REGION_LENGTH__ = DEFINED (__TEXT_REGION_LENGTH__)?__TEXT_REGION_LENGTH__:0x20000
                [0x00000800]                __DATA_REGION_LENGTH__ = DEFINED (__DATA_REGION_LENGTH__)?__DATA_REGION_LENGTH__:0xffa0
                [0x00000400]                __EEPROM_REGION_LENGTH__ = DEFINED (__EEPROM_REGION_LENGTH__)?__EEPROM_REGION_LENGTH__:0x10000
                [0x00000002]                __FUSE_REGION_LENGTH__ = DEFINED (__FUSE_REGION_LENGTH__)?__FUSE_REGION_LENGTH__:0x400
                0x00000400                __LOCK_REGION_LENGTH__ = DEFINED (__LOCK_REGION_LENGTH__)?__LOCK_REGION_LENGTH__:0x400
                0x00000400                __SIGNATURE_REGION_LENGTH__ = DEFINED (__SIGNATURE_REGION_LENGTH__)?__SIGNATURE_REGION_LENGTH__:0x400
                0x00000400                __USER_SIGNATURE_REGION_LENGTH__ = DEFINED (__USER_SIGNATURE_REGION_LENGTH__)?__USER_SIGNATURE_REGION_LENGTH__:0x400

.hash
 *(.hash)

.dynsym
 *(.dynsym)

.dynstr
 *(.dynstr)

.gnu.version
 *(.gnu.version)

.gnu.version_d
 *(.gnu.version_d)

.gnu.version_r
 *(.gnu.version_r)

.rel.init
 *(.rel.init)

.rela.init
 *(.rela.init)

.rel.text
 *(.rel.text)
 *(.rel.text.*)
 *(.rel.gnu.linkonce.t*)

.rela.text
 *(.rela.text)
 *(.rela.text.*)
 *(.rela.gnu.linkonce.t*)

.rel.fini
 *(.rel.fini)

.rela.fini
 *(.rela.fini)

.rel.rodata
 *(.rel.rodata)
 *(.rel.rodata.*)
 *(.rel.gnu.linkonce.r*)

.rela.rodata
 *(.rela.rodata)
 *(.rela.rodata.*)
 *(.rela.gnu.linkonce.r*)

.rel.data
 *(.rel.data)
 *(.rel.data.*)
 *(.rel.gnu.linkonce.d*)

.rela.data
 *(.rela.data)
 *(.rela.data.*)
 *(.rela.gnu.linkonce.d*)

.rel.ctors
 *(.rel.ctors)

.rela.ctors
 *(.rela.ctors)

.rel.dtors
 *(.rel.dtors)

.rela.dtors
 *(.rela.dtors)

.rel.got
 *(.rel.got)

.rela.got
 *(.rela.got)

.rel.bss
 *(.rel.bss)

.rela.bss
 *(.rela.bss)

.rel.plt
 *(.rel.plt)

.rela.plt
 *(.rela.plt)

.text           0x00000000      0xc8e
 *(.vectors)
 .vectors       0x00000000       0x54 C:/Program Files (x86)/Atmel/Studio/7.0/Packs/atmel/ATmega_DFP/1.6.364/gcc/dev/atmega32a/avr5/crtatmega32a.o
                0x00000000                __vector_default
                0x00000000                __vectors
 *(.vectors)
 *(.progmem.gcc*)
                0x00000054                . = ALIGN (0x2)
                0x00000054                __trampolines_start = .
 *(.trampolines)
 .trampolines   0x00000054        0x0 linker stubs
 *(.trampolines*)
                0x00000054                __trampolines_end = .
 *libprintf_flt.a:*(.progmem.data)
 *libc.a:*(.progmem.data)
 *(.progmem*)
                0x00000054                . = ALIGN (0x2)
 *(.jumptables)
 *(.jumptables*)
 *(.lowtext)
 *(.lowtext*)
                0x00000054                __ctors_start = .
 *(.ctors)
                0x00000054                __ctors_end = .
                0x00000054                __dtors_start = .
 *(.dtors)
                0x00000054                __dtors_end = .
 SORT(*)(.ctors)
 SORT(*)(.dtors)
 *(.init0)
 .init0         0x00000054        0x0 C:/Program Files (x86)/Atmel/Studio/7.0/Packs/atmel/ATmega_DFP/1.6.364/gcc/dev/atmega32a/avr5/crtatmega32a.o
                0x00000054                __init
 *(.init0)
 *(.init1)
 *(.init1)
 *(.init2)
 .init2         0x00000054        0xc C:/Program Files (x86)/Atmel/Studio/7.0/Packs/atmel/ATmega_DFP/1.6.364/gcc/dev/atmega32a/avr5/crtatmega32a.o
 *(.init2)
 *(.init3)
 *(.init3)
 *(.init4)
 .init4         0x00000060       0x16 c:/program files (x86)/atmel/studio/7.0/toolchain/avr8/avr8-gnu-toolchain/bin/../lib/gcc/avr/5.4.0/avr5\libgcc.a(_copy_data.o)
                0x00000060                __do_copy_data
 .init4         0x00000076       0x10 c:/program files (x86)/atmel/studio/7.0/toolchain/avr8/avr8-gnu-toolchain/bin/../lib/gcc/avr/5.4.0/avr5\libgcc.a(_clear_bss.o)
                0x00000076                __do_clear_bss
 *(.init4)
 *(.init5)
 *(.init5)
 *(.init6)
 *(.init6)
 *(.init7)
 *(.init7)
 *(.init8)
 *(.init8)
 *(.init9)
 .init9         0x00000086        0x8 C:/Program Files (x86)/Atmel/Studio/7.0/Packs/atmel/ATmega_DFP/1.6.364/gcc/dev/atmega32a/avr5/crtatmega32a.o
 *(.init9)
 *(.text)
 .text          0x0000008e        0x4 C:/Program Files (x86)/Atmel/Studio/7.0/Packs/atmel/ATmega_DFP/1.6.364/gcc/dev/atmega32a/avr5/crtatmega32a.o
                0x0000008e                __vector_12
                0x0000008e                __bad_interrupt
                0x0000008e                __vector_6
                0x0000008e                __vector_17
                0x0000008e                __vector_19
                0x0000008e                __vector_7
                0x0000008e                __vector_5
                0x0000008e                __vector_4
                0x0000008e                __vector_9
                0x0000008e                __vector_8
                0x0000008e                __vector_14
                0x0000008e                __vector_10
                0x0000008e                __vector_18
                0x0000008e                __vector_20
                0x00000092                . = ALIGN (0x2)
 *(.text.*)
 .text.main     0x00000092        0xa APP/CARD.o
                0x00000092                main
 .text.EEPROM_voidInit
                0x0000009c        0x6 ECUAL/EEPROM/EEPROM_program.o
                0x0000009c                EEPROM_voidInit
 .text.EEPROM_u8WriteNeededPartBlock
                0x000000a2       0x9a ECUAL/EEPROM/EEPROM_program.o
                0x000000a2                EEPROM_u8WriteNeededPartBlock
 .text.EEPROM_u8ReadNeededPartBlock
                0x0000013c       0xa4 ECUAL/EEPROM/EEPROM_program.o
                0x0000013c                EEPROM_u8ReadNeededPartBlock
 .text.__vector_16
                0x000001e0       0x52 MCAL/ADC/ADC_program.o
                0x000001e0                __vector_16
 .text.DIO_SetPinDirection
                0x00000232      0x114 MCAL/DIO/DIO_program.o
                0x00000232                DIO_SetPinDirection
 .text.DIO_SetPinValue
                0x00000346      0x114 MCAL/DIO/DIO_program.o
                0x00000346                DIO_SetPinValue
 .text.I2C_masterInit
                0x0000045a        0x8 MCAL/I2C/I2C_program.o
                0x0000045a                I2C_masterInit
 .text.I2C_masterStart
                0x00000462       0x16 MCAL/I2C/I2C_program.o
                0x00000462                I2C_masterStart
 .text.I2C_repeatedStart
                0x00000478       0x14 MCAL/I2C/I2C_program.o
                0x00000478                I2C_repeatedStart
 .text.I2C_masterWriteToAddress
                0x0000048c       0x30 MCAL/I2C/I2C_program.o
                0x0000048c                I2C_masterWriteToAddress
 .text.I2C_masterReadFromAddress
                0x000004bc       0x40 MCAL/I2C/I2C_program.o
                0x000004bc                I2C_masterReadFromAddress
 .text.I2C_masterWriteData
                0x000004fc       0x16 MCAL/I2C/I2C_program.o
                0x000004fc                I2C_masterWriteData
 .text.I2C_masterReadData
                0x00000512       0x16 MCAL/I2C/I2C_program.o
                0x00000512                I2C_masterReadData
 .text.I2C_masterReadFinalData
                0x00000528       0x16 MCAL/I2C/I2C_program.o
                0x00000528                I2C_masterReadFinalData
 .text.I2C_masterStop
                0x0000053e        0xc MCAL/I2C/I2C_program.o
                0x0000053e                I2C_masterStop
 .text.External_Interrupts_Init
                0x0000054a       0xaa MCAL/EXTI/EXTERNAL_interrupts.o
                0x0000054a                External_Interrupts_Init
 .text.__vector_1
                0x000005f4       0x4e MCAL/EXTI/EXTERNAL_interrupts.o
                0x000005f4                __vector_1
 .text.__vector_2
                0x00000642       0x4e MCAL/EXTI/EXTERNAL_interrupts.o
                0x00000642                __vector_2
 .text.__vector_3
                0x00000690       0x4e MCAL/EXTI/EXTERNAL_interrupts.o
                0x00000690                __vector_3
 .text.SPI_init
                0x000006de       0x4e MCAL/SPI/SPI_program.o
                0x000006de                SPI_init
 .text.SPI_tranceiver
                0x0000072c       0x24 MCAL/SPI/SPI_program.o
                0x0000072c                SPI_tranceiver
 .text.SPI_masterTransmitString
                0x00000750       0x2e MCAL/SPI/SPI_program.o
                0x00000750                SPI_masterTransmitString
 .text.__vector_11
                0x0000077e       0x4a MCAL/TIMERS/TIMERS_program.o
                0x0000077e                __vector_11
 .text.USART_voidInit
                0x000007c8       0xcc MCAL/USART/UART_program.o
                0x000007c8                USART_voidInit
 .text.USART_voidTransmit
                0x00000894        0x8 MCAL/USART/UART_program.o
                0x00000894                USART_voidTransmit
 .text.USART_u8Receive
                0x0000089c        0x8 MCAL/USART/UART_program.o
                0x0000089c                USART_u8Receive
 .text.USART_voidRecievePacket
                0x000008a4       0x78 MCAL/USART/UART_program.o
                0x000008a4                USART_voidRecievePacket
 .text.USART_voidSendString
                0x0000091c       0x42 MCAL/USART/UART_program.o
                0x0000091c                USART_voidSendString
 .text.__vector_13
                0x0000095e        0xc MCAL/USART/UART_program.o
                0x0000095e                __vector_13
 .text.__vector_15
                0x0000096a        0xc MCAL/USART/UART_program.o
                0x0000096a                __vector_15
 .text.ATM_voidSetWaitingState
                0x00000976        0x6 SERVICE/CARD_functions.o
 .text.ATM_voidSetPanSendState
                0x0000097c        0x8 SERVICE/CARD_functions.o
 .text.ATM_voidSetPinSendState
                0x00000984        0x8 SERVICE/CARD_functions.o
 .text.ATM_voidSetEndOfTransState
                0x0000098c        0x8 SERVICE/CARD_functions.o
 .text.TERMINAL_init
                0x00000994        0xa SERVICE/CARD_functions.o
                0x00000994                TERMINAL_init
 .text.CARD_init
                0x0000099e       0x36 SERVICE/CARD_functions.o
                0x0000099e                CARD_init
 .text.TERMINAL_display
                0x000009d4        0xa SERVICE/CARD_functions.o
                0x000009d4                TERMINAL_display
 .text.TERMINAL_command
                0x000009de        0x8 SERVICE/CARD_functions.o
                0x000009de                TERMINAL_command
 .text.CARD_voidCheckPanValidity
                0x000009e6       0x8e SERVICE/CARD_functions.o
                0x000009e6                CARD_voidCheckPanValidity
 .text.CARD_voidCheckPinValidity
                0x00000a74       0x80 SERVICE/CARD_functions.o
                0x00000a74                CARD_voidCheckPinValidity
 .text.CARD_u8ModeSelection
                0x00000af4       0x56 SERVICE/CARD_functions.o
                0x00000af4                CARD_u8ModeSelection
 .text.CARD_voidProgram
                0x00000b4a      0x140 SERVICE/CARD_functions.o
                0x00000b4a                CARD_voidProgram
                0x00000c8a                . = ALIGN (0x2)
 *(.fini9)
 .fini9         0x00000c8a        0x0 c:/program files (x86)/atmel/studio/7.0/toolchain/avr8/avr8-gnu-toolchain/bin/../lib/gcc/avr/5.4.0/avr5\libgcc.a(_exit.o)
                0x00000c8a                _exit
                0x00000c8a                exit
 *(.fini9)
 *(.fini8)
 *(.fini8)
 *(.fini7)
 *(.fini7)
 *(.fini6)
 *(.fini6)
 *(.fini5)
 *(.fini5)
 *(.fini4)
 *(.fini4)
 *(.fini3)
 *(.fini3)
 *(.fini2)
 *(.fini2)
 *(.fini1)
 *(.fini1)
 *(.fini0)
 .fini0         0x00000c8a        0x4 c:/program files (x86)/atmel/studio/7.0/toolchain/avr8/avr8-gnu-toolchain/bin/../lib/gcc/avr/5.4.0/avr5\libgcc.a(_exit.o)
 *(.fini0)
                0x00000c8e                _etext = .

.data           0x00800060       0xcc load address 0x00000c8e
                0x00800060                PROVIDE (__data_start, .)
 *(.data)
 *(.data*)
 .data.gstr_USART_Config
                0x00800060        0xb MCAL/USART/UART_program.o
                0x00800060                gstr_USART_Config
 *(.gnu.linkonce.d*)
 *(.rodata)
 *(.rodata*)
 .rodata.str1.1
                0x0080006b       0xc1 SERVICE/CARD_functions.o
                                 0xc4 (size before relaxing)
 *(.gnu.linkonce.r*)
                0x0080012c                . = ALIGN (0x2)
                0x0080012c                _edata = .
                0x0080012c                PROVIDE (__data_end, .)

.bss            0x0080012c       0x2c
                0x0080012c                PROVIDE (__bss_start, .)
 *(.bss)
 *(.bss*)
 .bss.ADCSetCallBackISR
                0x0080012c        0x2 MCAL/ADC/ADC_program.o
 .bss.External_Int2_Fun
                0x0080012e        0x2 MCAL/EXTI/EXTERNAL_interrupts.o
                0x0080012e                External_Int2_Fun
 .bss.External_Int1_Fun
                0x00800130        0x2 MCAL/EXTI/EXTERNAL_interrupts.o
                0x00800130                External_Int1_Fun
 .bss.External_Int0_Fun
                0x00800132        0x2 MCAL/EXTI/EXTERNAL_interrupts.o
                0x00800132                External_Int0_Fun
 .bss.counts    0x00800134        0x4 MCAL/TIMERS/TIMERS_program.o
                0x00800134                counts
 .bss.MYUBRR    0x00800138        0x2 MCAL/USART/UART_program.o
                0x00800138                MYUBRR
 .bss.ptr_To_RX_Int_fun
                0x0080013a        0x2 MCAL/USART/UART_program.o
                0x0080013a                ptr_To_RX_Int_fun
 .bss.ptr_To_TX_Int_fun
                0x0080013c        0x2 MCAL/USART/UART_program.o
                0x0080013c                ptr_To_TX_Int_fun
 .bss.u8_beginUserMode.2004
                0x0080013e        0x1 SERVICE/CARD_functions.o
 .bss.pu8_cardPIN.2013
                0x0080013f        0x5 SERVICE/CARD_functions.o
 .bss.u8_panSize.2009
                0x00800144        0x1 SERVICE/CARD_functions.o
 .bss.pu8_cardPAN.2017
                0x00800145       0x11 SERVICE/CARD_functions.o
 .bss.sendStatus
                0x00800156        0x1 SERVICE/CARD_functions.o
                0x00800156                sendStatus
 .bss.u8_mode   0x00800157        0x1 SERVICE/CARD_functions.o
                0x00800157                u8_mode
 *(COMMON)
                0x00800158                PROVIDE (__bss_end, .)
                0x00000c8e                __data_load_start = LOADADDR (.data)
                0x00000d5a                __data_load_end = (__data_load_start + SIZEOF (.data))

.noinit         0x00800158        0x0
                [!provide]                PROVIDE (__noinit_start, .)
 *(.noinit*)
                [!provide]                PROVIDE (__noinit_end, .)
                0x00800158                _end = .
                [!provide]                PROVIDE (__heap_start, .)

.eeprom         0x00810000        0x0
 *(.eeprom*)
                0x00810000                __eeprom_end = .

.fuse
 *(.fuse)
 *(.lfuse)
 *(.hfuse)
 *(.efuse)

.lock
 *(.lock*)

.signature
 *(.signature*)

.user_signatures
 *(.user_signatures*)

.stab
 *(.stab)

.stabstr
 *(.stabstr)

.stab.excl
 *(.stab.excl)

.stab.exclstr
 *(.stab.exclstr)

.stab.index
 *(.stab.index)

.stab.indexstr
 *(.stab.indexstr)

.comment        0x00000000       0x30
 *(.comment)
 .comment       0x00000000       0x30 APP/CARD.o
                                 0x31 (size before relaxing)
 .comment       0x00000030       0x31 ECUAL/EEPROM/EEPROM_program.o
 .comment       0x00000030       0x31 MCAL/ADC/ADC_program.o
 .comment       0x00000030       0x31 MCAL/DIO/DIO_program.o
 .comment       0x00000030       0x31 MCAL/I2C/I2C_program.o
 .comment       0x00000030       0x31 MCAL/EXTI/EXTERNAL_interrupts.o
 .comment       0x00000030       0x31 MCAL/SPI/SPI_program.o
 .comment       0x00000030       0x31 MCAL/TIMERS/TIMERS_program.o
 .comment       0x00000030       0x31 MCAL/USART/UART_program.o
 .comment       0x00000030       0x31 SERVICE/CARD_functions.o

.note.gnu.avr.deviceinfo
                0x00000000       0x3c
 .note.gnu.avr.deviceinfo
                0x00000000       0x3c C:/Program Files (x86)/Atmel/Studio/7.0/Packs/atmel/ATmega_DFP/1.6.364/gcc/dev/atmega32a/avr5/crtatmega32a.o

.note.gnu.build-id
 *(.note.gnu.build-id)

.debug
 *(.debug)

.line
 *(.line)

.debug_srcinfo
 *(.debug_srcinfo)

.debug_sfnames
 *(.debug_sfnames)

.debug_aranges  0x00000000      0x378
 *(.debug_aranges)
 .debug_aranges
                0x00000000       0x20 APP/CARD.o
 .debug_aranges
                0x00000020       0x48 ECUAL/EEPROM/EEPROM_program.o
 .debug_aranges
                0x00000068       0x70 MCAL/ADC/ADC_program.o
 .debug_aranges
                0x000000d8       0x58 MCAL/DIO/DIO_program.o
 .debug_aranges
                0x00000130       0x88 MCAL/I2C/I2C_program.o
 .debug_aranges
                0x000001b8       0x38 MCAL/EXTI/EXTERNAL_interrupts.o
 .debug_aranges
                0x000001f0       0x30 MCAL/SPI/SPI_program.o
 .debug_aranges
                0x00000220       0x68 MCAL/TIMERS/TIMERS_program.o
 .debug_aranges
                0x00000288       0x78 MCAL/USART/UART_program.o
 .debug_aranges
                0x00000300       0x78 SERVICE/CARD_functions.o

.debug_pubnames
 *(.debug_pubnames)

.debug_info     0x00000000     0x29c8
 *(.debug_info .gnu.linkonce.wi.*)
 .debug_info    0x00000000      0x4e6 C:/Program Files (x86)/Atmel/Studio/7.0/Packs/atmel/ATmega_DFP/1.6.364/gcc/dev/atmega32a/avr5/crtatmega32a.o
 .debug_info    0x000004e6       0xca APP/CARD.o
 .debug_info    0x000005b0      0x57a ECUAL/EEPROM/EEPROM_program.o
 .debug_info    0x00000b2a      0x23c MCAL/ADC/ADC_program.o
 .debug_info    0x00000d66      0x2db MCAL/DIO/DIO_program.o
 .debug_info    0x00001041      0x238 MCAL/I2C/I2C_program.o
 .debug_info    0x00001279      0x173 MCAL/EXTI/EXTERNAL_interrupts.o
 .debug_info    0x000013ec      0x1d3 MCAL/SPI/SPI_program.o
 .debug_info    0x000015bf      0x212 MCAL/TIMERS/TIMERS_program.o
 .debug_info    0x000017d1      0x544 MCAL/USART/UART_program.o
 .debug_info    0x00001d15      0xcb3 SERVICE/CARD_functions.o

.debug_abbrev   0x00000000      0xdeb
 *(.debug_abbrev)
 .debug_abbrev  0x00000000      0x4a3 C:/Program Files (x86)/Atmel/Studio/7.0/Packs/atmel/ATmega_DFP/1.6.364/gcc/dev/atmega32a/avr5/crtatmega32a.o
 .debug_abbrev  0x000004a3       0x68 APP/CARD.o
 .debug_abbrev  0x0000050b       0xc1 ECUAL/EEPROM/EEPROM_program.o
 .debug_abbrev  0x000005cc      0x132 MCAL/ADC/ADC_program.o
 .debug_abbrev  0x000006fe       0xa0 MCAL/DIO/DIO_program.o
 .debug_abbrev  0x0000079e       0xae MCAL/I2C/I2C_program.o
 .debug_abbrev  0x0000084c       0xb9 MCAL/EXTI/EXTERNAL_interrupts.o
 .debug_abbrev  0x00000905       0xe6 MCAL/SPI/SPI_program.o
 .debug_abbrev  0x000009eb       0xec MCAL/TIMERS/TIMERS_program.o
 .debug_abbrev  0x00000ad7      0x153 MCAL/USART/UART_program.o
 .debug_abbrev  0x00000c2a      0x1c1 SERVICE/CARD_functions.o

.debug_line     0x00000000     0x1b80
 *(.debug_line .debug_line.* .debug_line_end)
 .debug_line    0x00000000      0x116 C:/Program Files (x86)/Atmel/Studio/7.0/Packs/atmel/ATmega_DFP/1.6.364/gcc/dev/atmega32a/avr5/crtatmega32a.o
 .debug_line    0x00000116       0x6f APP/CARD.o
 .debug_line    0x00000185      0x32a ECUAL/EEPROM/EEPROM_program.o
 .debug_line    0x000004af      0x2f7 MCAL/ADC/ADC_program.o
 .debug_line    0x000007a6      0x3ed MCAL/DIO/DIO_program.o
 .debug_line    0x00000b93      0x331 MCAL/I2C/I2C_program.o
 .debug_line    0x00000ec4      0x1b4 MCAL/EXTI/EXTERNAL_interrupts.o
 .debug_line    0x00001078      0x140 MCAL/SPI/SPI_program.o
 .debug_line    0x000011b8      0x230 MCAL/TIMERS/TIMERS_program.o
 .debug_line    0x000013e8      0x316 MCAL/USART/UART_program.o
 .debug_line    0x000016fe      0x482 SERVICE/CARD_functions.o

.debug_frame    0x00000000      0x880
 *(.debug_frame)
 .debug_frame   0x00000000       0x24 APP/CARD.o
 .debug_frame   0x00000024       0xf0 ECUAL/EEPROM/EEPROM_program.o
 .debug_frame   0x00000114      0x10c MCAL/ADC/ADC_program.o
 .debug_frame   0x00000220       0x94 MCAL/DIO/DIO_program.o
 .debug_frame   0x000002b4      0x104 MCAL/I2C/I2C_program.o
 .debug_frame   0x000003b8      0x12c MCAL/EXTI/EXTERNAL_interrupts.o
 .debug_frame   0x000004e4       0x5c MCAL/SPI/SPI_program.o
 .debug_frame   0x00000540       0xf8 MCAL/TIMERS/TIMERS_program.o
 .debug_frame   0x00000638      0x148 MCAL/USART/UART_program.o
 .debug_frame   0x00000780      0x100 SERVICE/CARD_functions.o

.debug_str      0x00000000     0x114b
 *(.debug_str)
 .debug_str     0x00000000      0x196 C:/Program Files (x86)/Atmel/Studio/7.0/Packs/atmel/ATmega_DFP/1.6.364/gcc/dev/atmega32a/avr5/crtatmega32a.o
 .debug_str     0x00000196      0x164 APP/CARD.o
                                0x192 (size before relaxing)
 .debug_str     0x000002fa      0x252 ECUAL/EEPROM/EEPROM_program.o
                                0x38d (size before relaxing)
 .debug_str     0x0000054c      0x153 MCAL/ADC/ADC_program.o
                                0x29f (size before relaxing)
 .debug_str     0x0000069f       0xed MCAL/DIO/DIO_program.o
                                0x26d (size before relaxing)
 .debug_str     0x0000078c       0x8e MCAL/I2C/I2C_program.o
                                0x2c2 (size before relaxing)
 .debug_str     0x0000081a      0x111 MCAL/EXTI/EXTERNAL_interrupts.o
                                0x254 (size before relaxing)
 .debug_str     0x0000092b       0x58 MCAL/SPI/SPI_program.o
                                0x210 (size before relaxing)
 .debug_str     0x00000983       0xcb MCAL/TIMERS/TIMERS_program.o
                                0x23b (size before relaxing)
 .debug_str     0x00000a4e      0x48d MCAL/USART/UART_program.o
                                0x68b (size before relaxing)
 .debug_str     0x00000edb      0x270 SERVICE/CARD_functions.o
                                0x86d (size before relaxing)

.debug_loc      0x00000000     0x218c
 *(.debug_loc)
 .debug_loc     0x00000000      0x9f1 ECUAL/EEPROM/EEPROM_program.o
 .debug_loc     0x000009f1      0x2a2 MCAL/ADC/ADC_program.o
 .debug_loc     0x00000c93      0x6f0 MCAL/DIO/DIO_program.o
 .debug_loc     0x00001383      0x101 MCAL/I2C/I2C_program.o
 .debug_loc     0x00001484      0x2e6 MCAL/EXTI/EXTERNAL_interrupts.o
 .debug_loc     0x0000176a       0xdf MCAL/SPI/SPI_program.o
 .debug_loc     0x00001849      0x2c9 MCAL/TIMERS/TIMERS_program.o
 .debug_loc     0x00001b12      0x394 MCAL/USART/UART_program.o
 .debug_loc     0x00001ea6      0x2e6 SERVICE/CARD_functions.o

.debug_macinfo
 *(.debug_macinfo)

.debug_weaknames
 *(.debug_weaknames)

.debug_funcnames
 *(.debug_funcnames)

.debug_typenames
 *(.debug_typenames)

.debug_varnames
 *(.debug_varnames)

.debug_pubtypes
 *(.debug_pubtypes)

.debug_ranges   0x00000000      0x2d8
 *(.debug_ranges)
 .debug_ranges  0x00000000       0x10 APP/CARD.o
 .debug_ranges  0x00000010       0x38 ECUAL/EEPROM/EEPROM_program.o
 .debug_ranges  0x00000048       0x60 MCAL/ADC/ADC_program.o
 .debug_ranges  0x000000a8       0x48 MCAL/DIO/DIO_program.o
 .debug_ranges  0x000000f0       0x78 MCAL/I2C/I2C_program.o
 .debug_ranges  0x00000168       0x28 MCAL/EXTI/EXTERNAL_interrupts.o
 .debug_ranges  0x00000190       0x20 MCAL/SPI/SPI_program.o
 .debug_ranges  0x000001b0       0x58 MCAL/TIMERS/TIMERS_program.o
 .debug_ranges  0x00000208       0x68 MCAL/USART/UART_program.o
 .debug_ranges  0x00000270       0x68 SERVICE/CARD_functions.o

.debug_macro
 *(.debug_macro)
OUTPUT(CARD.elf elf32-avr)
LOAD linker stubs
