Archive member included to satisfy reference by file (symbol)

c:/program files (x86)/atmel/studio/7.0/toolchain/avr8/avr8-gnu-toolchain/bin/../lib/gcc/avr/5.4.0/../../../../avr/lib/avr5\libm.a(addsf3.o)
                              ECUAL/LCD/LCD.o (__subsf3)
c:/program files (x86)/atmel/studio/7.0/toolchain/avr8/avr8-gnu-toolchain/bin/../lib/gcc/avr/5.4.0/../../../../avr/lib/avr5\libm.a(addsf3x.o)
                              c:/program files (x86)/atmel/studio/7.0/toolchain/avr8/avr8-gnu-toolchain/bin/../lib/gcc/avr/5.4.0/../../../../avr/lib/avr5\libm.a(addsf3.o) (__addsf3x)
c:/program files (x86)/atmel/studio/7.0/toolchain/avr8/avr8-gnu-toolchain/bin/../lib/gcc/avr/5.4.0/../../../../avr/lib/avr5\libm.a(divsf3.o)
                              ECUAL/LCD/LCD.o (__divsf3)
c:/program files (x86)/atmel/studio/7.0/toolchain/avr8/avr8-gnu-toolchain/bin/../lib/gcc/avr/5.4.0/../../../../avr/lib/avr5\libm.a(divsf3x.o)
                              c:/program files (x86)/atmel/studio/7.0/toolchain/avr8/avr8-gnu-toolchain/bin/../lib/gcc/avr/5.4.0/../../../../avr/lib/avr5\libm.a(divsf3.o) (__divsf3x)
c:/program files (x86)/atmel/studio/7.0/toolchain/avr8/avr8-gnu-toolchain/bin/../lib/gcc/avr/5.4.0/../../../../avr/lib/avr5\libm.a(fixunssfsi.o)
                              ECUAL/LCD/LCD.o (__fixunssfsi)
c:/program files (x86)/atmel/studio/7.0/toolchain/avr8/avr8-gnu-toolchain/bin/../lib/gcc/avr/5.4.0/../../../../avr/lib/avr5\libm.a(floatsisf.o)
                              ECUAL/LCD/LCD.o (__floatunsisf)
c:/program files (x86)/atmel/studio/7.0/toolchain/avr8/avr8-gnu-toolchain/bin/../lib/gcc/avr/5.4.0/../../../../avr/lib/avr5\libm.a(fp_inf.o)
                              c:/program files (x86)/atmel/studio/7.0/toolchain/avr8/avr8-gnu-toolchain/bin/../lib/gcc/avr/5.4.0/../../../../avr/lib/avr5\libm.a(addsf3x.o) (__fp_inf)
c:/program files (x86)/atmel/studio/7.0/toolchain/avr8/avr8-gnu-toolchain/bin/../lib/gcc/avr/5.4.0/../../../../avr/lib/avr5\libm.a(fp_nan.o)
                              c:/program files (x86)/atmel/studio/7.0/toolchain/avr8/avr8-gnu-toolchain/bin/../lib/gcc/avr/5.4.0/../../../../avr/lib/avr5\libm.a(addsf3x.o) (__fp_nan)
c:/program files (x86)/atmel/studio/7.0/toolchain/avr8/avr8-gnu-toolchain/bin/../lib/gcc/avr/5.4.0/../../../../avr/lib/avr5\libm.a(fp_pscA.o)
                              c:/program files (x86)/atmel/studio/7.0/toolchain/avr8/avr8-gnu-toolchain/bin/../lib/gcc/avr/5.4.0/../../../../avr/lib/avr5\libm.a(addsf3x.o) (__fp_pscA)
c:/program files (x86)/atmel/studio/7.0/toolchain/avr8/avr8-gnu-toolchain/bin/../lib/gcc/avr/5.4.0/../../../../avr/lib/avr5\libm.a(fp_pscB.o)
                              c:/program files (x86)/atmel/studio/7.0/toolchain/avr8/avr8-gnu-toolchain/bin/../lib/gcc/avr/5.4.0/../../../../avr/lib/avr5\libm.a(addsf3x.o) (__fp_pscB)
c:/program files (x86)/atmel/studio/7.0/toolchain/avr8/avr8-gnu-toolchain/bin/../lib/gcc/avr/5.4.0/../../../../avr/lib/avr5\libm.a(fp_round.o)
                              c:/program files (x86)/atmel/studio/7.0/toolchain/avr8/avr8-gnu-toolchain/bin/../lib/gcc/avr/5.4.0/../../../../avr/lib/avr5\libm.a(addsf3.o) (__fp_round)
c:/program files (x86)/atmel/studio/7.0/toolchain/avr8/avr8-gnu-toolchain/bin/../lib/gcc/avr/5.4.0/../../../../avr/lib/avr5\libm.a(fp_split3.o)
                              c:/program files (x86)/atmel/studio/7.0/toolchain/avr8/avr8-gnu-toolchain/bin/../lib/gcc/avr/5.4.0/../../../../avr/lib/avr5\libm.a(addsf3x.o) (__fp_split3)
c:/program files (x86)/atmel/studio/7.0/toolchain/avr8/avr8-gnu-toolchain/bin/../lib/gcc/avr/5.4.0/../../../../avr/lib/avr5\libm.a(fp_zero.o)
                              c:/program files (x86)/atmel/studio/7.0/toolchain/avr8/avr8-gnu-toolchain/bin/../lib/gcc/avr/5.4.0/../../../../avr/lib/avr5\libm.a(addsf3x.o) (__fp_zero)
c:/program files (x86)/atmel/studio/7.0/toolchain/avr8/avr8-gnu-toolchain/bin/../lib/gcc/avr/5.4.0/../../../../avr/lib/avr5\libm.a(log10.o)
                              ECUAL/LCD/LCD.o (log10)
c:/program files (x86)/atmel/studio/7.0/toolchain/avr8/avr8-gnu-toolchain/bin/../lib/gcc/avr/5.4.0/../../../../avr/lib/avr5\libm.a(log.o)
                              c:/program files (x86)/atmel/studio/7.0/toolchain/avr8/avr8-gnu-toolchain/bin/../lib/gcc/avr/5.4.0/../../../../avr/lib/avr5\libm.a(log10.o) (log)
c:/program files (x86)/atmel/studio/7.0/toolchain/avr8/avr8-gnu-toolchain/bin/../lib/gcc/avr/5.4.0/../../../../avr/lib/avr5\libm.a(mulsf3.o)
                              ECUAL/LCD/LCD.o (__mulsf3)
c:/program files (x86)/atmel/studio/7.0/toolchain/avr8/avr8-gnu-toolchain/bin/../lib/gcc/avr/5.4.0/../../../../avr/lib/avr5\libm.a(mulsf3x.o)
                              c:/program files (x86)/atmel/studio/7.0/toolchain/avr8/avr8-gnu-toolchain/bin/../lib/gcc/avr/5.4.0/../../../../avr/lib/avr5\libm.a(log.o) (__mulsf3x)
c:/program files (x86)/atmel/studio/7.0/toolchain/avr8/avr8-gnu-toolchain/bin/../lib/gcc/avr/5.4.0/../../../../avr/lib/avr5\libm.a(pow.o)
                              ECUAL/LCD/LCD.o (pow)
c:/program files (x86)/atmel/studio/7.0/toolchain/avr8/avr8-gnu-toolchain/bin/../lib/gcc/avr/5.4.0/../../../../avr/lib/avr5\libm.a(round.o)
                              MCAL/TIMER1/TIMER1_program.o (round)
c:/program files (x86)/atmel/studio/7.0/toolchain/avr8/avr8-gnu-toolchain/bin/../lib/gcc/avr/5.4.0/../../../../avr/lib/avr5\libm.a(exp.o)
                              c:/program files (x86)/atmel/studio/7.0/toolchain/avr8/avr8-gnu-toolchain/bin/../lib/gcc/avr/5.4.0/../../../../avr/lib/avr5\libm.a(pow.o) (exp)
c:/program files (x86)/atmel/studio/7.0/toolchain/avr8/avr8-gnu-toolchain/bin/../lib/gcc/avr/5.4.0/../../../../avr/lib/avr5\libm.a(fp_mintl.o)
                              c:/program files (x86)/atmel/studio/7.0/toolchain/avr8/avr8-gnu-toolchain/bin/../lib/gcc/avr/5.4.0/../../../../avr/lib/avr5\libm.a(round.o) (__fp_mintl)
c:/program files (x86)/atmel/studio/7.0/toolchain/avr8/avr8-gnu-toolchain/bin/../lib/gcc/avr/5.4.0/../../../../avr/lib/avr5\libm.a(fp_mpack.o)
                              c:/program files (x86)/atmel/studio/7.0/toolchain/avr8/avr8-gnu-toolchain/bin/../lib/gcc/avr/5.4.0/../../../../avr/lib/avr5\libm.a(log.o) (__fp_mpack)
c:/program files (x86)/atmel/studio/7.0/toolchain/avr8/avr8-gnu-toolchain/bin/../lib/gcc/avr/5.4.0/../../../../avr/lib/avr5\libm.a(fp_powser.o)
                              c:/program files (x86)/atmel/studio/7.0/toolchain/avr8/avr8-gnu-toolchain/bin/../lib/gcc/avr/5.4.0/../../../../avr/lib/avr5\libm.a(log.o) (__fp_powser)
c:/program files (x86)/atmel/studio/7.0/toolchain/avr8/avr8-gnu-toolchain/bin/../lib/gcc/avr/5.4.0/../../../../avr/lib/avr5\libm.a(inverse.o)
                              c:/program files (x86)/atmel/studio/7.0/toolchain/avr8/avr8-gnu-toolchain/bin/../lib/gcc/avr/5.4.0/../../../../avr/lib/avr5\libm.a(exp.o) (inverse)
c:/program files (x86)/atmel/studio/7.0/toolchain/avr8/avr8-gnu-toolchain/bin/../lib/gcc/avr/5.4.0/../../../../avr/lib/avr5\libm.a(ldexp.o)
                              c:/program files (x86)/atmel/studio/7.0/toolchain/avr8/avr8-gnu-toolchain/bin/../lib/gcc/avr/5.4.0/../../../../avr/lib/avr5\libm.a(exp.o) (ldexp)
c:/program files (x86)/atmel/studio/7.0/toolchain/avr8/avr8-gnu-toolchain/bin/../lib/gcc/avr/5.4.0/../../../../avr/lib/avr5\libm.a(modf.o)
                              c:/program files (x86)/atmel/studio/7.0/toolchain/avr8/avr8-gnu-toolchain/bin/../lib/gcc/avr/5.4.0/../../../../avr/lib/avr5\libm.a(exp.o) (modf)
c:/program files (x86)/atmel/studio/7.0/toolchain/avr8/avr8-gnu-toolchain/bin/../lib/gcc/avr/5.4.0/avr5\libgcc.a(_udivmodsi4.o)
                              ECUAL/ULTRASONIC/ULTRASONIC_program.o (__udivmodsi4)
c:/program files (x86)/atmel/studio/7.0/toolchain/avr8/avr8-gnu-toolchain/bin/../lib/gcc/avr/5.4.0/avr5\libgcc.a(_exit.o)
                              C:/Program Files (x86)/Atmel/Studio/7.0/Packs/atmel/ATmega_DFP/1.6.364/gcc/dev/atmega32a/avr5/crtatmega32a.o (exit)
c:/program files (x86)/atmel/studio/7.0/toolchain/avr8/avr8-gnu-toolchain/bin/../lib/gcc/avr/5.4.0/avr5\libgcc.a(_tablejump2.o)
                              ECUAL/NON_BLOCKING_LCD/lcd_program.o (__tablejump2__)
c:/program files (x86)/atmel/studio/7.0/toolchain/avr8/avr8-gnu-toolchain/bin/../lib/gcc/avr/5.4.0/avr5\libgcc.a(_copy_data.o)
                              APP/ROBOT_CONTROL/ROBOT_control.o (__do_copy_data)
c:/program files (x86)/atmel/studio/7.0/toolchain/avr8/avr8-gnu-toolchain/bin/../lib/gcc/avr/5.4.0/avr5\libgcc.a(_clear_bss.o)
                              APP/ROBOT_CONTROL/ROBOT_control.o (__do_clear_bss)
c:/program files (x86)/atmel/studio/7.0/toolchain/avr8/avr8-gnu-toolchain/bin/../lib/gcc/avr/5.4.0/avr5\libgcc.a(_umulhisi3.o)
                              ECUAL/softwarePWM/softwarePWM_program.o (__umulhisi3)
c:/program files (x86)/atmel/studio/7.0/toolchain/avr8/avr8-gnu-toolchain/bin/../lib/gcc/avr/5.4.0/avr5\libgcc.a(_muluhisi3.o)
                              ECUAL/ULTRASONIC/ULTRASONIC_program.o (__muluhisi3)
c:/program files (x86)/atmel/studio/7.0/toolchain/avr8/avr8-gnu-toolchain/bin/../lib/gcc/avr/5.4.0/avr5\libgcc.a(_adddi3_s8.o)
                              MCAL/TIMERS0_2/timers_program.o (__adddi3_s8)
c:/program files (x86)/atmel/studio/7.0/toolchain/avr8/avr8-gnu-toolchain/bin/../lib/gcc/avr/5.4.0/avr5\libgcc.a(_cmpdi2.o)
                              MCAL/TIMERS0_2/timers_program.o (__cmpdi2)
c:/program files (x86)/atmel/studio/7.0/toolchain/avr8/avr8-gnu-toolchain/bin/../lib/gcc/avr/5.4.0/avr5\libgcc.a(_cmpdi2_s8.o)
                              MCAL/TIMERS0_2/timers_program.o (__cmpdi2_s8)

Allocating common symbols
Common symbol       size              file

gu8_lcdState        0x1               APP/ROBOT_CONTROL/ROBOT_control.o

Discarded input sections

 .data          0x00000000        0x0 C:/Program Files (x86)/Atmel/Studio/7.0/Packs/atmel/ATmega_DFP/1.6.364/gcc/dev/atmega32a/avr5/crtatmega32a.o
 .bss           0x00000000        0x0 C:/Program Files (x86)/Atmel/Studio/7.0/Packs/atmel/ATmega_DFP/1.6.364/gcc/dev/atmega32a/avr5/crtatmega32a.o
 .text          0x00000000        0x0 APP/APP.o
 .data          0x00000000        0x0 APP/APP.o
 .bss           0x00000000        0x0 APP/APP.o
 .text          0x00000000        0x0 APP/ROBOT_CONTROL/ROBOT_control.o
 .data          0x00000000        0x0 APP/ROBOT_CONTROL/ROBOT_control.o
 .bss           0x00000000        0x0 APP/ROBOT_CONTROL/ROBOT_control.o
 .text          0x00000000        0x0 APP/STEERING/STEERING.o
 .data          0x00000000        0x0 APP/STEERING/STEERING.o
 .bss           0x00000000        0x0 APP/STEERING/STEERING.o
 .text          0x00000000        0x0 ECUAL/ICU/ICU.o
 .data          0x00000000        0x0 ECUAL/ICU/ICU.o
 .bss           0x00000000        0x0 ECUAL/ICU/ICU.o
 COMMON         0x00000000        0x0 ECUAL/ICU/ICU.o
 .text          0x00000000        0x0 ECUAL/LCD/LCD.o
 .data          0x00000000        0x0 ECUAL/LCD/LCD.o
 .bss           0x00000000        0x0 ECUAL/LCD/LCD.o
 .text.LCD_command
                0x00000000       0x88 ECUAL/LCD/LCD.o
 .text.LCD_init
                0x00000000       0xf6 ECUAL/LCD/LCD.o
 .text.LCD_data
                0x00000000       0x88 ECUAL/LCD/LCD.o
 .text.LCD_printString
                0x00000000       0x26 ECUAL/LCD/LCD.o
 .text.LCD_printDigits
                0x00000000      0x122 ECUAL/LCD/LCD.o
 .text.LCD_cursorMove
                0x00000000       0x2c ECUAL/LCD/LCD.o
 .debug_info    0x00000000      0x79b ECUAL/LCD/LCD.o
 .debug_abbrev  0x00000000      0x136 ECUAL/LCD/LCD.o
 .debug_loc     0x00000000      0x20e ECUAL/LCD/LCD.o
 .debug_aranges
                0x00000000       0x48 ECUAL/LCD/LCD.o
 .debug_ranges  0x00000000       0x38 ECUAL/LCD/LCD.o
 .debug_line    0x00000000      0x36e ECUAL/LCD/LCD.o
 .debug_str     0x00000000      0x282 ECUAL/LCD/LCD.o
 .comment       0x00000000       0x31 ECUAL/LCD/LCD.o
 .debug_frame   0x00000000       0xb8 ECUAL/LCD/LCD.o
 .text          0x00000000        0x0 ECUAL/MOTOR_CONTROL/MOTOR.o
 .data          0x00000000        0x0 ECUAL/MOTOR_CONTROL/MOTOR.o
 .bss           0x00000000        0x0 ECUAL/MOTOR_CONTROL/MOTOR.o
 .text          0x00000000        0x0 ECUAL/NON_BLOCKING_LCD/lcd_program.o
 .data          0x00000000        0x0 ECUAL/NON_BLOCKING_LCD/lcd_program.o
 .bss           0x00000000        0x0 ECUAL/NON_BLOCKING_LCD/lcd_program.o
 .text          0x00000000        0x0 ECUAL/softwarePWM/softwarePWM_program.o
 .data          0x00000000        0x0 ECUAL/softwarePWM/softwarePWM_program.o
 .bss           0x00000000        0x0 ECUAL/softwarePWM/softwarePWM_program.o
 .text          0x00000000        0x0 ECUAL/ULTRASONIC/ULTRASONIC_program.o
 .data          0x00000000        0x0 ECUAL/ULTRASONIC/ULTRASONIC_program.o
 .bss           0x00000000        0x0 ECUAL/ULTRASONIC/ULTRASONIC_program.o
 .text          0x00000000        0x0 MCAL/DIO/DIO_program.o
 .data          0x00000000        0x0 MCAL/DIO/DIO_program.o
 .bss           0x00000000        0x0 MCAL/DIO/DIO_program.o
 .text.DIO_TogPinValue
                0x00000000       0x74 MCAL/DIO/DIO_program.o
 .text.DIO_TogPinDirection
                0x00000000       0x74 MCAL/DIO/DIO_program.o
 .text.DIO_Setau8_PORTDirection
                0x00000000       0x2c MCAL/DIO/DIO_program.o
 .text.DIO_Setau8_PORTValue
                0x00000000       0x2c MCAL/DIO/DIO_program.o
 .text.DIO_GetPinValue
                0x00000000       0x5c MCAL/DIO/DIO_program.o
 .text.DIO_Getau8_PORTValue
                0x00000000       0x24 MCAL/DIO/DIO_program.o
 .text          0x00000000        0x0 MCAL/EXTI/EXTERNAL_interrupts.o
 .data          0x00000000        0x0 MCAL/EXTI/EXTERNAL_interrupts.o
 .bss           0x00000000        0x0 MCAL/EXTI/EXTERNAL_interrupts.o
 .text          0x00000000        0x0 MCAL/TIMER1/TIMER1_program.o
 .data          0x00000000        0x0 MCAL/TIMER1/TIMER1_program.o
 .bss           0x00000000        0x0 MCAL/TIMER1/TIMER1_program.o
 .text.TIMER1_OutputCompareInterruptEnable
                0x00000000       0x1a MCAL/TIMER1/TIMER1_program.o
 .text.TIMER1_OutputCompareInterruptDisable
                0x00000000       0x1a MCAL/TIMER1/TIMER1_program.o
 .text          0x00000000        0x0 MCAL/TIMERS0_2/timers_program.o
 .data          0x00000000        0x0 MCAL/TIMERS0_2/timers_program.o
 .bss           0x00000000        0x0 MCAL/TIMERS0_2/timers_program.o
 .text.TIMER0_voidstop
                0x00000000       0x14 MCAL/TIMERS0_2/timers_program.o
 .text.TIMER2_voidstop
                0x00000000       0x14 MCAL/TIMERS0_2/timers_program.o
 .text.TIMERS_u8ClearIntFlag
                0x00000000       0x42 MCAL/TIMERS0_2/timers_program.o
 .text.TIMERS_u8GetIntFlag
                0x00000000       0x54 MCAL/TIMERS0_2/timers_program.o
 .text.TIMER0_u8BusyWaitMS
                0x00000000      0x136 MCAL/TIMERS0_2/timers_program.o
 .text.TIMER0_u8BusyWaitUS
                0x00000000       0xae MCAL/TIMERS0_2/timers_program.o
 .text.TIMER2_u8BusyWaitMS
                0x00000000      0x136 MCAL/TIMERS0_2/timers_program.o
 .text.TIMER2_u8BusyWaitUS
                0x00000000       0xae MCAL/TIMERS0_2/timers_program.o
 .text          0x00000000        0x0 MCAL/USART/usart_program.o
 .data          0x00000000        0x0 MCAL/USART/usart_program.o
 .bss           0x00000000        0x0 MCAL/USART/usart_program.o
 .text.USART_voidInit
                0x00000000       0x74 MCAL/USART/usart_program.o
 .text.USART_u8TransData
                0x00000000       0x42 MCAL/USART/usart_program.o
 .text.USART_u8ReceiveData
                0x00000000       0x60 MCAL/USART/usart_program.o
 .text.USART_u8TransStr
                0x00000000       0x36 MCAL/USART/usart_program.o
 .text.USART_u8ReceiveStr
                0x00000000       0x68 MCAL/USART/usart_program.o
 .debug_info    0x00000000      0x37a MCAL/USART/usart_program.o
 .debug_abbrev  0x00000000      0x106 MCAL/USART/usart_program.o
 .debug_loc     0x00000000      0x491 MCAL/USART/usart_program.o
 .debug_aranges
                0x00000000       0x40 MCAL/USART/usart_program.o
 .debug_ranges  0x00000000       0x30 MCAL/USART/usart_program.o
 .debug_line    0x00000000      0x2b9 MCAL/USART/usart_program.o
 .debug_str     0x00000000      0x327 MCAL/USART/usart_program.o
 .comment       0x00000000       0x31 MCAL/USART/usart_program.o
 .debug_frame   0x00000000       0xa8 MCAL/USART/usart_program.o
 .text          0x00000000        0x0 c:/program files (x86)/atmel/studio/7.0/toolchain/avr8/avr8-gnu-toolchain/bin/../lib/gcc/avr/5.4.0/../../../../avr/lib/avr5\libm.a(addsf3.o)
 .data          0x00000000        0x0 c:/program files (x86)/atmel/studio/7.0/toolchain/avr8/avr8-gnu-toolchain/bin/../lib/gcc/avr/5.4.0/../../../../avr/lib/avr5\libm.a(addsf3.o)
 .bss           0x00000000        0x0 c:/program files (x86)/atmel/studio/7.0/toolchain/avr8/avr8-gnu-toolchain/bin/../lib/gcc/avr/5.4.0/../../../../avr/lib/avr5\libm.a(addsf3.o)
 .text.avr-libc.fplib
                0x00000000        0xe c:/program files (x86)/atmel/studio/7.0/toolchain/avr8/avr8-gnu-toolchain/bin/../lib/gcc/avr/5.4.0/../../../../avr/lib/avr5\libm.a(addsf3.o)
 .text          0x00000000        0x0 c:/program files (x86)/atmel/studio/7.0/toolchain/avr8/avr8-gnu-toolchain/bin/../lib/gcc/avr/5.4.0/../../../../avr/lib/avr5\libm.a(addsf3x.o)
 .data          0x00000000        0x0 c:/program files (x86)/atmel/studio/7.0/toolchain/avr8/avr8-gnu-toolchain/bin/../lib/gcc/avr/5.4.0/../../../../avr/lib/avr5\libm.a(addsf3x.o)
 .bss           0x00000000        0x0 c:/program files (x86)/atmel/studio/7.0/toolchain/avr8/avr8-gnu-toolchain/bin/../lib/gcc/avr/5.4.0/../../../../avr/lib/avr5\libm.a(addsf3x.o)
 .text.avr-libc.fplib
                0x00000000       0xcc c:/program files (x86)/atmel/studio/7.0/toolchain/avr8/avr8-gnu-toolchain/bin/../lib/gcc/avr/5.4.0/../../../../avr/lib/avr5\libm.a(addsf3x.o)
 .text          0x00000000        0x0 c:/program files (x86)/atmel/studio/7.0/toolchain/avr8/avr8-gnu-toolchain/bin/../lib/gcc/avr/5.4.0/../../../../avr/lib/avr5\libm.a(divsf3.o)
 .data          0x00000000        0x0 c:/program files (x86)/atmel/studio/7.0/toolchain/avr8/avr8-gnu-toolchain/bin/../lib/gcc/avr/5.4.0/../../../../avr/lib/avr5\libm.a(divsf3.o)
 .bss           0x00000000        0x0 c:/program files (x86)/atmel/studio/7.0/toolchain/avr8/avr8-gnu-toolchain/bin/../lib/gcc/avr/5.4.0/../../../../avr/lib/avr5\libm.a(divsf3.o)
 .text.avr-libc.fplib
                0x00000000        0x8 c:/program files (x86)/atmel/studio/7.0/toolchain/avr8/avr8-gnu-toolchain/bin/../lib/gcc/avr/5.4.0/../../../../avr/lib/avr5\libm.a(divsf3.o)
 .text          0x00000000        0x0 c:/program files (x86)/atmel/studio/7.0/toolchain/avr8/avr8-gnu-toolchain/bin/../lib/gcc/avr/5.4.0/../../../../avr/lib/avr5\libm.a(divsf3x.o)
 .data          0x00000000        0x0 c:/program files (x86)/atmel/studio/7.0/toolchain/avr8/avr8-gnu-toolchain/bin/../lib/gcc/avr/5.4.0/../../../../avr/lib/avr5\libm.a(divsf3x.o)
 .bss           0x00000000        0x0 c:/program files (x86)/atmel/studio/7.0/toolchain/avr8/avr8-gnu-toolchain/bin/../lib/gcc/avr/5.4.0/../../../../avr/lib/avr5\libm.a(divsf3x.o)
 .text.avr-libc.fplib
                0x00000000       0xdc c:/program files (x86)/atmel/studio/7.0/toolchain/avr8/avr8-gnu-toolchain/bin/../lib/gcc/avr/5.4.0/../../../../avr/lib/avr5\libm.a(divsf3x.o)
 .text          0x00000000        0x0 c:/program files (x86)/atmel/studio/7.0/toolchain/avr8/avr8-gnu-toolchain/bin/../lib/gcc/avr/5.4.0/../../../../avr/lib/avr5\libm.a(fixunssfsi.o)
 .data          0x00000000        0x0 c:/program files (x86)/atmel/studio/7.0/toolchain/avr8/avr8-gnu-toolchain/bin/../lib/gcc/avr/5.4.0/../../../../avr/lib/avr5\libm.a(fixunssfsi.o)
 .bss           0x00000000        0x0 c:/program files (x86)/atmel/studio/7.0/toolchain/avr8/avr8-gnu-toolchain/bin/../lib/gcc/avr/5.4.0/../../../../avr/lib/avr5\libm.a(fixunssfsi.o)
 .text          0x00000000        0x0 c:/program files (x86)/atmel/studio/7.0/toolchain/avr8/avr8-gnu-toolchain/bin/../lib/gcc/avr/5.4.0/../../../../avr/lib/avr5\libm.a(floatsisf.o)
 .data          0x00000000        0x0 c:/program files (x86)/atmel/studio/7.0/toolchain/avr8/avr8-gnu-toolchain/bin/../lib/gcc/avr/5.4.0/../../../../avr/lib/avr5\libm.a(floatsisf.o)
 .bss           0x00000000        0x0 c:/program files (x86)/atmel/studio/7.0/toolchain/avr8/avr8-gnu-toolchain/bin/../lib/gcc/avr/5.4.0/../../../../avr/lib/avr5\libm.a(floatsisf.o)
 .text          0x00000000        0x0 c:/program files (x86)/atmel/studio/7.0/toolchain/avr8/avr8-gnu-toolchain/bin/../lib/gcc/avr/5.4.0/../../../../avr/lib/avr5\libm.a(fp_inf.o)
 .data          0x00000000        0x0 c:/program files (x86)/atmel/studio/7.0/toolchain/avr8/avr8-gnu-toolchain/bin/../lib/gcc/avr/5.4.0/../../../../avr/lib/avr5\libm.a(fp_inf.o)
 .bss           0x00000000        0x0 c:/program files (x86)/atmel/studio/7.0/toolchain/avr8/avr8-gnu-toolchain/bin/../lib/gcc/avr/5.4.0/../../../../avr/lib/avr5\libm.a(fp_inf.o)
 .text.avr-libc.fplib
                0x00000000        0xc c:/program files (x86)/atmel/studio/7.0/toolchain/avr8/avr8-gnu-toolchain/bin/../lib/gcc/avr/5.4.0/../../../../avr/lib/avr5\libm.a(fp_inf.o)
 .text          0x00000000        0x0 c:/program files (x86)/atmel/studio/7.0/toolchain/avr8/avr8-gnu-toolchain/bin/../lib/gcc/avr/5.4.0/../../../../avr/lib/avr5\libm.a(fp_nan.o)
 .data          0x00000000        0x0 c:/program files (x86)/atmel/studio/7.0/toolchain/avr8/avr8-gnu-toolchain/bin/../lib/gcc/avr/5.4.0/../../../../avr/lib/avr5\libm.a(fp_nan.o)
 .bss           0x00000000        0x0 c:/program files (x86)/atmel/studio/7.0/toolchain/avr8/avr8-gnu-toolchain/bin/../lib/gcc/avr/5.4.0/../../../../avr/lib/avr5\libm.a(fp_nan.o)
 .text.avr-libc.fplib
                0x00000000        0x6 c:/program files (x86)/atmel/studio/7.0/toolchain/avr8/avr8-gnu-toolchain/bin/../lib/gcc/avr/5.4.0/../../../../avr/lib/avr5\libm.a(fp_nan.o)
 .text          0x00000000        0x0 c:/program files (x86)/atmel/studio/7.0/toolchain/avr8/avr8-gnu-toolchain/bin/../lib/gcc/avr/5.4.0/../../../../avr/lib/avr5\libm.a(fp_pscA.o)
 .data          0x00000000        0x0 c:/program files (x86)/atmel/studio/7.0/toolchain/avr8/avr8-gnu-toolchain/bin/../lib/gcc/avr/5.4.0/../../../../avr/lib/avr5\libm.a(fp_pscA.o)
 .bss           0x00000000        0x0 c:/program files (x86)/atmel/studio/7.0/toolchain/avr8/avr8-gnu-toolchain/bin/../lib/gcc/avr/5.4.0/../../../../avr/lib/avr5\libm.a(fp_pscA.o)
 .text.avr-libc.fplib
                0x00000000        0xe c:/program files (x86)/atmel/studio/7.0/toolchain/avr8/avr8-gnu-toolchain/bin/../lib/gcc/avr/5.4.0/../../../../avr/lib/avr5\libm.a(fp_pscA.o)
 .text          0x00000000        0x0 c:/program files (x86)/atmel/studio/7.0/toolchain/avr8/avr8-gnu-toolchain/bin/../lib/gcc/avr/5.4.0/../../../../avr/lib/avr5\libm.a(fp_pscB.o)
 .data          0x00000000        0x0 c:/program files (x86)/atmel/studio/7.0/toolchain/avr8/avr8-gnu-toolchain/bin/../lib/gcc/avr/5.4.0/../../../../avr/lib/avr5\libm.a(fp_pscB.o)
 .bss           0x00000000        0x0 c:/program files (x86)/atmel/studio/7.0/toolchain/avr8/avr8-gnu-toolchain/bin/../lib/gcc/avr/5.4.0/../../../../avr/lib/avr5\libm.a(fp_pscB.o)
 .text.avr-libc.fplib
                0x00000000        0xe c:/program files (x86)/atmel/studio/7.0/toolchain/avr8/avr8-gnu-toolchain/bin/../lib/gcc/avr/5.4.0/../../../../avr/lib/avr5\libm.a(fp_pscB.o)
 .text          0x00000000        0x0 c:/program files (x86)/atmel/studio/7.0/toolchain/avr8/avr8-gnu-toolchain/bin/../lib/gcc/avr/5.4.0/../../../../avr/lib/avr5\libm.a(fp_round.o)
 .data          0x00000000        0x0 c:/program files (x86)/atmel/studio/7.0/toolchain/avr8/avr8-gnu-toolchain/bin/../lib/gcc/avr/5.4.0/../../../../avr/lib/avr5\libm.a(fp_round.o)
 .bss           0x00000000        0x0 c:/program files (x86)/atmel/studio/7.0/toolchain/avr8/avr8-gnu-toolchain/bin/../lib/gcc/avr/5.4.0/../../../../avr/lib/avr5\libm.a(fp_round.o)
 .text.avr-libc.fplib
                0x00000000       0x22 c:/program files (x86)/atmel/studio/7.0/toolchain/avr8/avr8-gnu-toolchain/bin/../lib/gcc/avr/5.4.0/../../../../avr/lib/avr5\libm.a(fp_round.o)
 .text          0x00000000        0x0 c:/program files (x86)/atmel/studio/7.0/toolchain/avr8/avr8-gnu-toolchain/bin/../lib/gcc/avr/5.4.0/../../../../avr/lib/avr5\libm.a(fp_split3.o)
 .data          0x00000000        0x0 c:/program files (x86)/atmel/studio/7.0/toolchain/avr8/avr8-gnu-toolchain/bin/../lib/gcc/avr/5.4.0/../../../../avr/lib/avr5\libm.a(fp_split3.o)
 .bss           0x00000000        0x0 c:/program files (x86)/atmel/studio/7.0/toolchain/avr8/avr8-gnu-toolchain/bin/../lib/gcc/avr/5.4.0/../../../../avr/lib/avr5\libm.a(fp_split3.o)
 .text          0x00000000        0x0 c:/program files (x86)/atmel/studio/7.0/toolchain/avr8/avr8-gnu-toolchain/bin/../lib/gcc/avr/5.4.0/../../../../avr/lib/avr5\libm.a(fp_zero.o)
 .data          0x00000000        0x0 c:/program files (x86)/atmel/studio/7.0/toolchain/avr8/avr8-gnu-toolchain/bin/../lib/gcc/avr/5.4.0/../../../../avr/lib/avr5\libm.a(fp_zero.o)
 .bss           0x00000000        0x0 c:/program files (x86)/atmel/studio/7.0/toolchain/avr8/avr8-gnu-toolchain/bin/../lib/gcc/avr/5.4.0/../../../../avr/lib/avr5\libm.a(fp_zero.o)
 .text          0x00000000        0x0 c:/program files (x86)/atmel/studio/7.0/toolchain/avr8/avr8-gnu-toolchain/bin/../lib/gcc/avr/5.4.0/../../../../avr/lib/avr5\libm.a(log10.o)
 .data          0x00000000        0x0 c:/program files (x86)/atmel/studio/7.0/toolchain/avr8/avr8-gnu-toolchain/bin/../lib/gcc/avr/5.4.0/../../../../avr/lib/avr5\libm.a(log10.o)
 .bss           0x00000000        0x0 c:/program files (x86)/atmel/studio/7.0/toolchain/avr8/avr8-gnu-toolchain/bin/../lib/gcc/avr/5.4.0/../../../../avr/lib/avr5\libm.a(log10.o)
 .text.avr-libc.fplib
                0x00000000       0x10 c:/program files (x86)/atmel/studio/7.0/toolchain/avr8/avr8-gnu-toolchain/bin/../lib/gcc/avr/5.4.0/../../../../avr/lib/avr5\libm.a(log10.o)
 .text          0x00000000        0x0 c:/program files (x86)/atmel/studio/7.0/toolchain/avr8/avr8-gnu-toolchain/bin/../lib/gcc/avr/5.4.0/../../../../avr/lib/avr5\libm.a(log.o)
 .data          0x00000000        0x0 c:/program files (x86)/atmel/studio/7.0/toolchain/avr8/avr8-gnu-toolchain/bin/../lib/gcc/avr/5.4.0/../../../../avr/lib/avr5\libm.a(log.o)
 .bss           0x00000000        0x0 c:/program files (x86)/atmel/studio/7.0/toolchain/avr8/avr8-gnu-toolchain/bin/../lib/gcc/avr/5.4.0/../../../../avr/lib/avr5\libm.a(log.o)
 .text.avr-libc.fplib
                0x00000000       0xa0 c:/program files (x86)/atmel/studio/7.0/toolchain/avr8/avr8-gnu-toolchain/bin/../lib/gcc/avr/5.4.0/../../../../avr/lib/avr5\libm.a(log.o)
 .progmem.gcc_fplib
                0x00000000       0x5a c:/program files (x86)/atmel/studio/7.0/toolchain/avr8/avr8-gnu-toolchain/bin/../lib/gcc/avr/5.4.0/../../../../avr/lib/avr5\libm.a(log.o)
 .text          0x00000000        0x0 c:/program files (x86)/atmel/studio/7.0/toolchain/avr8/avr8-gnu-toolchain/bin/../lib/gcc/avr/5.4.0/../../../../avr/lib/avr5\libm.a(mulsf3.o)
 .data          0x00000000        0x0 c:/program files (x86)/atmel/studio/7.0/toolchain/avr8/avr8-gnu-toolchain/bin/../lib/gcc/avr/5.4.0/../../../../avr/lib/avr5\libm.a(mulsf3.o)
 .bss           0x00000000        0x0 c:/program files (x86)/atmel/studio/7.0/toolchain/avr8/avr8-gnu-toolchain/bin/../lib/gcc/avr/5.4.0/../../../../avr/lib/avr5\libm.a(mulsf3.o)
 .text.avr-libc.fplib
                0x00000000        0x8 c:/program files (x86)/atmel/studio/7.0/toolchain/avr8/avr8-gnu-toolchain/bin/../lib/gcc/avr/5.4.0/../../../../avr/lib/avr5\libm.a(mulsf3.o)
 .text          0x00000000        0x0 c:/program files (x86)/atmel/studio/7.0/toolchain/avr8/avr8-gnu-toolchain/bin/../lib/gcc/avr/5.4.0/../../../../avr/lib/avr5\libm.a(mulsf3x.o)
 .data          0x00000000        0x0 c:/program files (x86)/atmel/studio/7.0/toolchain/avr8/avr8-gnu-toolchain/bin/../lib/gcc/avr/5.4.0/../../../../avr/lib/avr5\libm.a(mulsf3x.o)
 .bss           0x00000000        0x0 c:/program files (x86)/atmel/studio/7.0/toolchain/avr8/avr8-gnu-toolchain/bin/../lib/gcc/avr/5.4.0/../../../../avr/lib/avr5\libm.a(mulsf3x.o)
 .text.avr-libc.fplib
                0x00000000       0xd2 c:/program files (x86)/atmel/studio/7.0/toolchain/avr8/avr8-gnu-toolchain/bin/../lib/gcc/avr/5.4.0/../../../../avr/lib/avr5\libm.a(mulsf3x.o)
 .text          0x00000000        0x0 c:/program files (x86)/atmel/studio/7.0/toolchain/avr8/avr8-gnu-toolchain/bin/../lib/gcc/avr/5.4.0/../../../../avr/lib/avr5\libm.a(pow.o)
 .data          0x00000000        0x0 c:/program files (x86)/atmel/studio/7.0/toolchain/avr8/avr8-gnu-toolchain/bin/../lib/gcc/avr/5.4.0/../../../../avr/lib/avr5\libm.a(pow.o)
 .bss           0x00000000        0x0 c:/program files (x86)/atmel/studio/7.0/toolchain/avr8/avr8-gnu-toolchain/bin/../lib/gcc/avr/5.4.0/../../../../avr/lib/avr5\libm.a(pow.o)
 .text.avr-libc.fplib
                0x00000000       0xa0 c:/program files (x86)/atmel/studio/7.0/toolchain/avr8/avr8-gnu-toolchain/bin/../lib/gcc/avr/5.4.0/../../../../avr/lib/avr5\libm.a(pow.o)
 .text          0x00000000        0x0 c:/program files (x86)/atmel/studio/7.0/toolchain/avr8/avr8-gnu-toolchain/bin/../lib/gcc/avr/5.4.0/../../../../avr/lib/avr5\libm.a(round.o)
 .data          0x00000000        0x0 c:/program files (x86)/atmel/studio/7.0/toolchain/avr8/avr8-gnu-toolchain/bin/../lib/gcc/avr/5.4.0/../../../../avr/lib/avr5\libm.a(round.o)
 .bss           0x00000000        0x0 c:/program files (x86)/atmel/studio/7.0/toolchain/avr8/avr8-gnu-toolchain/bin/../lib/gcc/avr/5.4.0/../../../../avr/lib/avr5\libm.a(round.o)
 .text          0x00000000        0x0 c:/program files (x86)/atmel/studio/7.0/toolchain/avr8/avr8-gnu-toolchain/bin/../lib/gcc/avr/5.4.0/../../../../avr/lib/avr5\libm.a(exp.o)
 .data          0x00000000        0x0 c:/program files (x86)/atmel/studio/7.0/toolchain/avr8/avr8-gnu-toolchain/bin/../lib/gcc/avr/5.4.0/../../../../avr/lib/avr5\libm.a(exp.o)
 .bss           0x00000000        0x0 c:/program files (x86)/atmel/studio/7.0/toolchain/avr8/avr8-gnu-toolchain/bin/../lib/gcc/avr/5.4.0/../../../../avr/lib/avr5\libm.a(exp.o)
 .text.avr-libc.fplib
                0x00000000       0x74 c:/program files (x86)/atmel/studio/7.0/toolchain/avr8/avr8-gnu-toolchain/bin/../lib/gcc/avr/5.4.0/../../../../avr/lib/avr5\libm.a(exp.o)
 .progmem.gcc_fplib
                0x00000000       0x28 c:/program files (x86)/atmel/studio/7.0/toolchain/avr8/avr8-gnu-toolchain/bin/../lib/gcc/avr/5.4.0/../../../../avr/lib/avr5\libm.a(exp.o)
 .text          0x00000000        0x0 c:/program files (x86)/atmel/studio/7.0/toolchain/avr8/avr8-gnu-toolchain/bin/../lib/gcc/avr/5.4.0/../../../../avr/lib/avr5\libm.a(fp_mintl.o)
 .data          0x00000000        0x0 c:/program files (x86)/atmel/studio/7.0/toolchain/avr8/avr8-gnu-toolchain/bin/../lib/gcc/avr/5.4.0/../../../../avr/lib/avr5\libm.a(fp_mintl.o)
 .bss           0x00000000        0x0 c:/program files (x86)/atmel/studio/7.0/toolchain/avr8/avr8-gnu-toolchain/bin/../lib/gcc/avr/5.4.0/../../../../avr/lib/avr5\libm.a(fp_mintl.o)
 .text          0x00000000        0x0 c:/program files (x86)/atmel/studio/7.0/toolchain/avr8/avr8-gnu-toolchain/bin/../lib/gcc/avr/5.4.0/../../../../avr/lib/avr5\libm.a(fp_mpack.o)
 .data          0x00000000        0x0 c:/program files (x86)/atmel/studio/7.0/toolchain/avr8/avr8-gnu-toolchain/bin/../lib/gcc/avr/5.4.0/../../../../avr/lib/avr5\libm.a(fp_mpack.o)
 .bss           0x00000000        0x0 c:/program files (x86)/atmel/studio/7.0/toolchain/avr8/avr8-gnu-toolchain/bin/../lib/gcc/avr/5.4.0/../../../../avr/lib/avr5\libm.a(fp_mpack.o)
 .text          0x00000000        0x0 c:/program files (x86)/atmel/studio/7.0/toolchain/avr8/avr8-gnu-toolchain/bin/../lib/gcc/avr/5.4.0/../../../../avr/lib/avr5\libm.a(fp_powser.o)
 .data          0x00000000        0x0 c:/program files (x86)/atmel/studio/7.0/toolchain/avr8/avr8-gnu-toolchain/bin/../lib/gcc/avr/5.4.0/../../../../avr/lib/avr5\libm.a(fp_powser.o)
 .bss           0x00000000        0x0 c:/program files (x86)/atmel/studio/7.0/toolchain/avr8/avr8-gnu-toolchain/bin/../lib/gcc/avr/5.4.0/../../../../avr/lib/avr5\libm.a(fp_powser.o)
 .text.avr-libc.fplib
                0x00000000       0x4e c:/program files (x86)/atmel/studio/7.0/toolchain/avr8/avr8-gnu-toolchain/bin/../lib/gcc/avr/5.4.0/../../../../avr/lib/avr5\libm.a(fp_powser.o)
 .text          0x00000000        0x0 c:/program files (x86)/atmel/studio/7.0/toolchain/avr8/avr8-gnu-toolchain/bin/../lib/gcc/avr/5.4.0/../../../../avr/lib/avr5\libm.a(inverse.o)
 .data          0x00000000        0x0 c:/program files (x86)/atmel/studio/7.0/toolchain/avr8/avr8-gnu-toolchain/bin/../lib/gcc/avr/5.4.0/../../../../avr/lib/avr5\libm.a(inverse.o)
 .bss           0x00000000        0x0 c:/program files (x86)/atmel/studio/7.0/toolchain/avr8/avr8-gnu-toolchain/bin/../lib/gcc/avr/5.4.0/../../../../avr/lib/avr5\libm.a(inverse.o)
 .text.avr-libc.fplib
                0x00000000       0x10 c:/program files (x86)/atmel/studio/7.0/toolchain/avr8/avr8-gnu-toolchain/bin/../lib/gcc/avr/5.4.0/../../../../avr/lib/avr5\libm.a(inverse.o)
 .text          0x00000000        0x0 c:/program files (x86)/atmel/studio/7.0/toolchain/avr8/avr8-gnu-toolchain/bin/../lib/gcc/avr/5.4.0/../../../../avr/lib/avr5\libm.a(ldexp.o)
 .data          0x00000000        0x0 c:/program files (x86)/atmel/studio/7.0/toolchain/avr8/avr8-gnu-toolchain/bin/../lib/gcc/avr/5.4.0/../../../../avr/lib/avr5\libm.a(ldexp.o)
 .bss           0x00000000        0x0 c:/program files (x86)/atmel/studio/7.0/toolchain/avr8/avr8-gnu-toolchain/bin/../lib/gcc/avr/5.4.0/../../../../avr/lib/avr5\libm.a(ldexp.o)
 .text.avr-libc.fplib
                0x00000000       0x74 c:/program files (x86)/atmel/studio/7.0/toolchain/avr8/avr8-gnu-toolchain/bin/../lib/gcc/avr/5.4.0/../../../../avr/lib/avr5\libm.a(ldexp.o)
 .text          0x00000000        0x0 c:/program files (x86)/atmel/studio/7.0/toolchain/avr8/avr8-gnu-toolchain/bin/../lib/gcc/avr/5.4.0/../../../../avr/lib/avr5\libm.a(modf.o)
 .data          0x00000000        0x0 c:/program files (x86)/atmel/studio/7.0/toolchain/avr8/avr8-gnu-toolchain/bin/../lib/gcc/avr/5.4.0/../../../../avr/lib/avr5\libm.a(modf.o)
 .bss           0x00000000        0x0 c:/program files (x86)/atmel/studio/7.0/toolchain/avr8/avr8-gnu-toolchain/bin/../lib/gcc/avr/5.4.0/../../../../avr/lib/avr5\libm.a(modf.o)
 .text.avr-libc.fplib
                0x00000000       0x68 c:/program files (x86)/atmel/studio/7.0/toolchain/avr8/avr8-gnu-toolchain/bin/../lib/gcc/avr/5.4.0/../../../../avr/lib/avr5\libm.a(modf.o)
 .text          0x00000000        0x0 c:/program files (x86)/atmel/studio/7.0/toolchain/avr8/avr8-gnu-toolchain/bin/../lib/gcc/avr/5.4.0/avr5\libgcc.a(_udivmodsi4.o)
 .data          0x00000000        0x0 c:/program files (x86)/atmel/studio/7.0/toolchain/avr8/avr8-gnu-toolchain/bin/../lib/gcc/avr/5.4.0/avr5\libgcc.a(_udivmodsi4.o)
 .bss           0x00000000        0x0 c:/program files (x86)/atmel/studio/7.0/toolchain/avr8/avr8-gnu-toolchain/bin/../lib/gcc/avr/5.4.0/avr5\libgcc.a(_udivmodsi4.o)
 .text.libgcc.mul
                0x00000000        0x0 c:/program files (x86)/atmel/studio/7.0/toolchain/avr8/avr8-gnu-toolchain/bin/../lib/gcc/avr/5.4.0/avr5\libgcc.a(_udivmodsi4.o)
 .text.libgcc   0x00000000        0x0 c:/program files (x86)/atmel/studio/7.0/toolchain/avr8/avr8-gnu-toolchain/bin/../lib/gcc/avr/5.4.0/avr5\libgcc.a(_udivmodsi4.o)
 .text.libgcc.prologue
                0x00000000        0x0 c:/program files (x86)/atmel/studio/7.0/toolchain/avr8/avr8-gnu-toolchain/bin/../lib/gcc/avr/5.4.0/avr5\libgcc.a(_udivmodsi4.o)
 .text.libgcc.builtins
                0x00000000        0x0 c:/program files (x86)/atmel/studio/7.0/toolchain/avr8/avr8-gnu-toolchain/bin/../lib/gcc/avr/5.4.0/avr5\libgcc.a(_udivmodsi4.o)
 .text.libgcc.fmul
                0x00000000        0x0 c:/program files (x86)/atmel/studio/7.0/toolchain/avr8/avr8-gnu-toolchain/bin/../lib/gcc/avr/5.4.0/avr5\libgcc.a(_udivmodsi4.o)
 .text.libgcc.fixed
                0x00000000        0x0 c:/program files (x86)/atmel/studio/7.0/toolchain/avr8/avr8-gnu-toolchain/bin/../lib/gcc/avr/5.4.0/avr5\libgcc.a(_udivmodsi4.o)
 .text          0x00000000        0x0 c:/program files (x86)/atmel/studio/7.0/toolchain/avr8/avr8-gnu-toolchain/bin/../lib/gcc/avr/5.4.0/avr5\libgcc.a(_exit.o)
 .data          0x00000000        0x0 c:/program files (x86)/atmel/studio/7.0/toolchain/avr8/avr8-gnu-toolchain/bin/../lib/gcc/avr/5.4.0/avr5\libgcc.a(_exit.o)
 .bss           0x00000000        0x0 c:/program files (x86)/atmel/studio/7.0/toolchain/avr8/avr8-gnu-toolchain/bin/../lib/gcc/avr/5.4.0/avr5\libgcc.a(_exit.o)
 .text.libgcc.mul
                0x00000000        0x0 c:/program files (x86)/atmel/studio/7.0/toolchain/avr8/avr8-gnu-toolchain/bin/../lib/gcc/avr/5.4.0/avr5\libgcc.a(_exit.o)
 .text.libgcc.div
                0x00000000        0x0 c:/program files (x86)/atmel/studio/7.0/toolchain/avr8/avr8-gnu-toolchain/bin/../lib/gcc/avr/5.4.0/avr5\libgcc.a(_exit.o)
 .text.libgcc   0x00000000        0x0 c:/program files (x86)/atmel/studio/7.0/toolchain/avr8/avr8-gnu-toolchain/bin/../lib/gcc/avr/5.4.0/avr5\libgcc.a(_exit.o)
 .text.libgcc.prologue
                0x00000000        0x0 c:/program files (x86)/atmel/studio/7.0/toolchain/avr8/avr8-gnu-toolchain/bin/../lib/gcc/avr/5.4.0/avr5\libgcc.a(_exit.o)
 .text.libgcc.builtins
                0x00000000        0x0 c:/program files (x86)/atmel/studio/7.0/toolchain/avr8/avr8-gnu-toolchain/bin/../lib/gcc/avr/5.4.0/avr5\libgcc.a(_exit.o)
 .text.libgcc.fmul
                0x00000000        0x0 c:/program files (x86)/atmel/studio/7.0/toolchain/avr8/avr8-gnu-toolchain/bin/../lib/gcc/avr/5.4.0/avr5\libgcc.a(_exit.o)
 .text.libgcc.fixed
                0x00000000        0x0 c:/program files (x86)/atmel/studio/7.0/toolchain/avr8/avr8-gnu-toolchain/bin/../lib/gcc/avr/5.4.0/avr5\libgcc.a(_exit.o)
 .text          0x00000000        0x0 c:/program files (x86)/atmel/studio/7.0/toolchain/avr8/avr8-gnu-toolchain/bin/../lib/gcc/avr/5.4.0/avr5\libgcc.a(_tablejump2.o)
 .data          0x00000000        0x0 c:/program files (x86)/atmel/studio/7.0/toolchain/avr8/avr8-gnu-toolchain/bin/../lib/gcc/avr/5.4.0/avr5\libgcc.a(_tablejump2.o)
 .bss           0x00000000        0x0 c:/program files (x86)/atmel/studio/7.0/toolchain/avr8/avr8-gnu-toolchain/bin/../lib/gcc/avr/5.4.0/avr5\libgcc.a(_tablejump2.o)
 .text.libgcc.mul
                0x00000000        0x0 c:/program files (x86)/atmel/studio/7.0/toolchain/avr8/avr8-gnu-toolchain/bin/../lib/gcc/avr/5.4.0/avr5\libgcc.a(_tablejump2.o)
 .text.libgcc.div
                0x00000000        0x0 c:/program files (x86)/atmel/studio/7.0/toolchain/avr8/avr8-gnu-toolchain/bin/../lib/gcc/avr/5.4.0/avr5\libgcc.a(_tablejump2.o)
 .text.libgcc.prologue
                0x00000000        0x0 c:/program files (x86)/atmel/studio/7.0/toolchain/avr8/avr8-gnu-toolchain/bin/../lib/gcc/avr/5.4.0/avr5\libgcc.a(_tablejump2.o)
 .text.libgcc.builtins
                0x00000000        0x0 c:/program files (x86)/atmel/studio/7.0/toolchain/avr8/avr8-gnu-toolchain/bin/../lib/gcc/avr/5.4.0/avr5\libgcc.a(_tablejump2.o)
 .text.libgcc.fmul
                0x00000000        0x0 c:/program files (x86)/atmel/studio/7.0/toolchain/avr8/avr8-gnu-toolchain/bin/../lib/gcc/avr/5.4.0/avr5\libgcc.a(_tablejump2.o)
 .text.libgcc.fixed
                0x00000000        0x0 c:/program files (x86)/atmel/studio/7.0/toolchain/avr8/avr8-gnu-toolchain/bin/../lib/gcc/avr/5.4.0/avr5\libgcc.a(_tablejump2.o)
 .text          0x00000000        0x0 c:/program files (x86)/atmel/studio/7.0/toolchain/avr8/avr8-gnu-toolchain/bin/../lib/gcc/avr/5.4.0/avr5\libgcc.a(_copy_data.o)
 .data          0x00000000        0x0 c:/program files (x86)/atmel/studio/7.0/toolchain/avr8/avr8-gnu-toolchain/bin/../lib/gcc/avr/5.4.0/avr5\libgcc.a(_copy_data.o)
 .bss           0x00000000        0x0 c:/program files (x86)/atmel/studio/7.0/toolchain/avr8/avr8-gnu-toolchain/bin/../lib/gcc/avr/5.4.0/avr5\libgcc.a(_copy_data.o)
 .text.libgcc.mul
                0x00000000        0x0 c:/program files (x86)/atmel/studio/7.0/toolchain/avr8/avr8-gnu-toolchain/bin/../lib/gcc/avr/5.4.0/avr5\libgcc.a(_copy_data.o)
 .text.libgcc.div
                0x00000000        0x0 c:/program files (x86)/atmel/studio/7.0/toolchain/avr8/avr8-gnu-toolchain/bin/../lib/gcc/avr/5.4.0/avr5\libgcc.a(_copy_data.o)
 .text.libgcc   0x00000000        0x0 c:/program files (x86)/atmel/studio/7.0/toolchain/avr8/avr8-gnu-toolchain/bin/../lib/gcc/avr/5.4.0/avr5\libgcc.a(_copy_data.o)
 .text.libgcc.prologue
                0x00000000        0x0 c:/program files (x86)/atmel/studio/7.0/toolchain/avr8/avr8-gnu-toolchain/bin/../lib/gcc/avr/5.4.0/avr5\libgcc.a(_copy_data.o)
 .text.libgcc.builtins
                0x00000000        0x0 c:/program files (x86)/atmel/studio/7.0/toolchain/avr8/avr8-gnu-toolchain/bin/../lib/gcc/avr/5.4.0/avr5\libgcc.a(_copy_data.o)
 .text.libgcc.fmul
                0x00000000        0x0 c:/program files (x86)/atmel/studio/7.0/toolchain/avr8/avr8-gnu-toolchain/bin/../lib/gcc/avr/5.4.0/avr5\libgcc.a(_copy_data.o)
 .text.libgcc.fixed
                0x00000000        0x0 c:/program files (x86)/atmel/studio/7.0/toolchain/avr8/avr8-gnu-toolchain/bin/../lib/gcc/avr/5.4.0/avr5\libgcc.a(_copy_data.o)
 .text          0x00000000        0x0 c:/program files (x86)/atmel/studio/7.0/toolchain/avr8/avr8-gnu-toolchain/bin/../lib/gcc/avr/5.4.0/avr5\libgcc.a(_clear_bss.o)
 .data          0x00000000        0x0 c:/program files (x86)/atmel/studio/7.0/toolchain/avr8/avr8-gnu-toolchain/bin/../lib/gcc/avr/5.4.0/avr5\libgcc.a(_clear_bss.o)
 .bss           0x00000000        0x0 c:/program files (x86)/atmel/studio/7.0/toolchain/avr8/avr8-gnu-toolchain/bin/../lib/gcc/avr/5.4.0/avr5\libgcc.a(_clear_bss.o)
 .text.libgcc.mul
                0x00000000        0x0 c:/program files (x86)/atmel/studio/7.0/toolchain/avr8/avr8-gnu-toolchain/bin/../lib/gcc/avr/5.4.0/avr5\libgcc.a(_clear_bss.o)
 .text.libgcc.div
                0x00000000        0x0 c:/program files (x86)/atmel/studio/7.0/toolchain/avr8/avr8-gnu-toolchain/bin/../lib/gcc/avr/5.4.0/avr5\libgcc.a(_clear_bss.o)
 .text.libgcc   0x00000000        0x0 c:/program files (x86)/atmel/studio/7.0/toolchain/avr8/avr8-gnu-toolchain/bin/../lib/gcc/avr/5.4.0/avr5\libgcc.a(_clear_bss.o)
 .text.libgcc.prologue
                0x00000000        0x0 c:/program files (x86)/atmel/studio/7.0/toolchain/avr8/avr8-gnu-toolchain/bin/../lib/gcc/avr/5.4.0/avr5\libgcc.a(_clear_bss.o)
 .text.libgcc.builtins
                0x00000000        0x0 c:/program files (x86)/atmel/studio/7.0/toolchain/avr8/avr8-gnu-toolchain/bin/../lib/gcc/avr/5.4.0/avr5\libgcc.a(_clear_bss.o)
 .text.libgcc.fmul
                0x00000000        0x0 c:/program files (x86)/atmel/studio/7.0/toolchain/avr8/avr8-gnu-toolchain/bin/../lib/gcc/avr/5.4.0/avr5\libgcc.a(_clear_bss.o)
 .text.libgcc.fixed
                0x00000000        0x0 c:/program files (x86)/atmel/studio/7.0/toolchain/avr8/avr8-gnu-toolchain/bin/../lib/gcc/avr/5.4.0/avr5\libgcc.a(_clear_bss.o)
 .text          0x00000000        0x0 c:/program files (x86)/atmel/studio/7.0/toolchain/avr8/avr8-gnu-toolchain/bin/../lib/gcc/avr/5.4.0/avr5\libgcc.a(_umulhisi3.o)
 .data          0x00000000        0x0 c:/program files (x86)/atmel/studio/7.0/toolchain/avr8/avr8-gnu-toolchain/bin/../lib/gcc/avr/5.4.0/avr5\libgcc.a(_umulhisi3.o)
 .bss           0x00000000        0x0 c:/program files (x86)/atmel/studio/7.0/toolchain/avr8/avr8-gnu-toolchain/bin/../lib/gcc/avr/5.4.0/avr5\libgcc.a(_umulhisi3.o)
 .text.libgcc.div
                0x00000000        0x0 c:/program files (x86)/atmel/studio/7.0/toolchain/avr8/avr8-gnu-toolchain/bin/../lib/gcc/avr/5.4.0/avr5\libgcc.a(_umulhisi3.o)
 .text.libgcc   0x00000000        0x0 c:/program files (x86)/atmel/studio/7.0/toolchain/avr8/avr8-gnu-toolchain/bin/../lib/gcc/avr/5.4.0/avr5\libgcc.a(_umulhisi3.o)
 .text.libgcc.prologue
                0x00000000        0x0 c:/program files (x86)/atmel/studio/7.0/toolchain/avr8/avr8-gnu-toolchain/bin/../lib/gcc/avr/5.4.0/avr5\libgcc.a(_umulhisi3.o)
 .text.libgcc.builtins
                0x00000000        0x0 c:/program files (x86)/atmel/studio/7.0/toolchain/avr8/avr8-gnu-toolchain/bin/../lib/gcc/avr/5.4.0/avr5\libgcc.a(_umulhisi3.o)
 .text.libgcc.fmul
                0x00000000        0x0 c:/program files (x86)/atmel/studio/7.0/toolchain/avr8/avr8-gnu-toolchain/bin/../lib/gcc/avr/5.4.0/avr5\libgcc.a(_umulhisi3.o)
 .text.libgcc.fixed
                0x00000000        0x0 c:/program files (x86)/atmel/studio/7.0/toolchain/avr8/avr8-gnu-toolchain/bin/../lib/gcc/avr/5.4.0/avr5\libgcc.a(_umulhisi3.o)
 .text          0x00000000        0x0 c:/program files (x86)/atmel/studio/7.0/toolchain/avr8/avr8-gnu-toolchain/bin/../lib/gcc/avr/5.4.0/avr5\libgcc.a(_muluhisi3.o)
 .data          0x00000000        0x0 c:/program files (x86)/atmel/studio/7.0/toolchain/avr8/avr8-gnu-toolchain/bin/../lib/gcc/avr/5.4.0/avr5\libgcc.a(_muluhisi3.o)
 .bss           0x00000000        0x0 c:/program files (x86)/atmel/studio/7.0/toolchain/avr8/avr8-gnu-toolchain/bin/../lib/gcc/avr/5.4.0/avr5\libgcc.a(_muluhisi3.o)
 .text.libgcc.div
                0x00000000        0x0 c:/program files (x86)/atmel/studio/7.0/toolchain/avr8/avr8-gnu-toolchain/bin/../lib/gcc/avr/5.4.0/avr5\libgcc.a(_muluhisi3.o)
 .text.libgcc   0x00000000        0x0 c:/program files (x86)/atmel/studio/7.0/toolchain/avr8/avr8-gnu-toolchain/bin/../lib/gcc/avr/5.4.0/avr5\libgcc.a(_muluhisi3.o)
 .text.libgcc.prologue
                0x00000000        0x0 c:/program files (x86)/atmel/studio/7.0/toolchain/avr8/avr8-gnu-toolchain/bin/../lib/gcc/avr/5.4.0/avr5\libgcc.a(_muluhisi3.o)
 .text.libgcc.builtins
                0x00000000        0x0 c:/program files (x86)/atmel/studio/7.0/toolchain/avr8/avr8-gnu-toolchain/bin/../lib/gcc/avr/5.4.0/avr5\libgcc.a(_muluhisi3.o)
 .text.libgcc.fmul
                0x00000000        0x0 c:/program files (x86)/atmel/studio/7.0/toolchain/avr8/avr8-gnu-toolchain/bin/../lib/gcc/avr/5.4.0/avr5\libgcc.a(_muluhisi3.o)
 .text.libgcc.fixed
                0x00000000        0x0 c:/program files (x86)/atmel/studio/7.0/toolchain/avr8/avr8-gnu-toolchain/bin/../lib/gcc/avr/5.4.0/avr5\libgcc.a(_muluhisi3.o)
 .text          0x00000000        0x0 c:/program files (x86)/atmel/studio/7.0/toolchain/avr8/avr8-gnu-toolchain/bin/../lib/gcc/avr/5.4.0/avr5\libgcc.a(_adddi3_s8.o)
 .data          0x00000000        0x0 c:/program files (x86)/atmel/studio/7.0/toolchain/avr8/avr8-gnu-toolchain/bin/../lib/gcc/avr/5.4.0/avr5\libgcc.a(_adddi3_s8.o)
 .bss           0x00000000        0x0 c:/program files (x86)/atmel/studio/7.0/toolchain/avr8/avr8-gnu-toolchain/bin/../lib/gcc/avr/5.4.0/avr5\libgcc.a(_adddi3_s8.o)
 .text.libgcc.mul
                0x00000000        0x0 c:/program files (x86)/atmel/studio/7.0/toolchain/avr8/avr8-gnu-toolchain/bin/../lib/gcc/avr/5.4.0/avr5\libgcc.a(_adddi3_s8.o)
 .text.libgcc.div
                0x00000000        0x0 c:/program files (x86)/atmel/studio/7.0/toolchain/avr8/avr8-gnu-toolchain/bin/../lib/gcc/avr/5.4.0/avr5\libgcc.a(_adddi3_s8.o)
 .text.libgcc.prologue
                0x00000000        0x0 c:/program files (x86)/atmel/studio/7.0/toolchain/avr8/avr8-gnu-toolchain/bin/../lib/gcc/avr/5.4.0/avr5\libgcc.a(_adddi3_s8.o)
 .text.libgcc.builtins
                0x00000000        0x0 c:/program files (x86)/atmel/studio/7.0/toolchain/avr8/avr8-gnu-toolchain/bin/../lib/gcc/avr/5.4.0/avr5\libgcc.a(_adddi3_s8.o)
 .text.libgcc.fmul
                0x00000000        0x0 c:/program files (x86)/atmel/studio/7.0/toolchain/avr8/avr8-gnu-toolchain/bin/../lib/gcc/avr/5.4.0/avr5\libgcc.a(_adddi3_s8.o)
 .text.libgcc.fixed
                0x00000000        0x0 c:/program files (x86)/atmel/studio/7.0/toolchain/avr8/avr8-gnu-toolchain/bin/../lib/gcc/avr/5.4.0/avr5\libgcc.a(_adddi3_s8.o)
 .text          0x00000000        0x0 c:/program files (x86)/atmel/studio/7.0/toolchain/avr8/avr8-gnu-toolchain/bin/../lib/gcc/avr/5.4.0/avr5\libgcc.a(_cmpdi2.o)
 .data          0x00000000        0x0 c:/program files (x86)/atmel/studio/7.0/toolchain/avr8/avr8-gnu-toolchain/bin/../lib/gcc/avr/5.4.0/avr5\libgcc.a(_cmpdi2.o)
 .bss           0x00000000        0x0 c:/program files (x86)/atmel/studio/7.0/toolchain/avr8/avr8-gnu-toolchain/bin/../lib/gcc/avr/5.4.0/avr5\libgcc.a(_cmpdi2.o)
 .text.libgcc.mul
                0x00000000        0x0 c:/program files (x86)/atmel/studio/7.0/toolchain/avr8/avr8-gnu-toolchain/bin/../lib/gcc/avr/5.4.0/avr5\libgcc.a(_cmpdi2.o)
 .text.libgcc.div
                0x00000000        0x0 c:/program files (x86)/atmel/studio/7.0/toolchain/avr8/avr8-gnu-toolchain/bin/../lib/gcc/avr/5.4.0/avr5\libgcc.a(_cmpdi2.o)
 .text.libgcc   0x00000000       0x12 c:/program files (x86)/atmel/studio/7.0/toolchain/avr8/avr8-gnu-toolchain/bin/../lib/gcc/avr/5.4.0/avr5\libgcc.a(_cmpdi2.o)
 .text.libgcc.prologue
                0x00000000        0x0 c:/program files (x86)/atmel/studio/7.0/toolchain/avr8/avr8-gnu-toolchain/bin/../lib/gcc/avr/5.4.0/avr5\libgcc.a(_cmpdi2.o)
 .text.libgcc.builtins
                0x00000000        0x0 c:/program files (x86)/atmel/studio/7.0/toolchain/avr8/avr8-gnu-toolchain/bin/../lib/gcc/avr/5.4.0/avr5\libgcc.a(_cmpdi2.o)
 .text.libgcc.fmul
                0x00000000        0x0 c:/program files (x86)/atmel/studio/7.0/toolchain/avr8/avr8-gnu-toolchain/bin/../lib/gcc/avr/5.4.0/avr5\libgcc.a(_cmpdi2.o)
 .text.libgcc.fixed
                0x00000000        0x0 c:/program files (x86)/atmel/studio/7.0/toolchain/avr8/avr8-gnu-toolchain/bin/../lib/gcc/avr/5.4.0/avr5\libgcc.a(_cmpdi2.o)
 .text          0x00000000        0x0 c:/program files (x86)/atmel/studio/7.0/toolchain/avr8/avr8-gnu-toolchain/bin/../lib/gcc/avr/5.4.0/avr5\libgcc.a(_cmpdi2_s8.o)
 .data          0x00000000        0x0 c:/program files (x86)/atmel/studio/7.0/toolchain/avr8/avr8-gnu-toolchain/bin/../lib/gcc/avr/5.4.0/avr5\libgcc.a(_cmpdi2_s8.o)
 .bss           0x00000000        0x0 c:/program files (x86)/atmel/studio/7.0/toolchain/avr8/avr8-gnu-toolchain/bin/../lib/gcc/avr/5.4.0/avr5\libgcc.a(_cmpdi2_s8.o)
 .text.libgcc.mul
                0x00000000        0x0 c:/program files (x86)/atmel/studio/7.0/toolchain/avr8/avr8-gnu-toolchain/bin/../lib/gcc/avr/5.4.0/avr5\libgcc.a(_cmpdi2_s8.o)
 .text.libgcc.div
                0x00000000        0x0 c:/program files (x86)/atmel/studio/7.0/toolchain/avr8/avr8-gnu-toolchain/bin/../lib/gcc/avr/5.4.0/avr5\libgcc.a(_cmpdi2_s8.o)
 .text.libgcc.prologue
                0x00000000        0x0 c:/program files (x86)/atmel/studio/7.0/toolchain/avr8/avr8-gnu-toolchain/bin/../lib/gcc/avr/5.4.0/avr5\libgcc.a(_cmpdi2_s8.o)
 .text.libgcc.builtins
                0x00000000        0x0 c:/program files (x86)/atmel/studio/7.0/toolchain/avr8/avr8-gnu-toolchain/bin/../lib/gcc/avr/5.4.0/avr5\libgcc.a(_cmpdi2_s8.o)
 .text.libgcc.fmul
                0x00000000        0x0 c:/program files (x86)/atmel/studio/7.0/toolchain/avr8/avr8-gnu-toolchain/bin/../lib/gcc/avr/5.4.0/avr5\libgcc.a(_cmpdi2_s8.o)
 .text.libgcc.fixed
                0x00000000        0x0 c:/program files (x86)/atmel/studio/7.0/toolchain/avr8/avr8-gnu-toolchain/bin/../lib/gcc/avr/5.4.0/avr5\libgcc.a(_cmpdi2_s8.o)

Memory Configuration

Name             Origin             Length             Attributes
text             0x00000000         0x00008000         xr
data             0x00800060         0x00000800         rw !x
eeprom           0x00810000         0x00000400         rw !x
fuse             0x00820000         0x00000002         rw !x
lock             0x00830000         0x00000400         rw !x
signature        0x00840000         0x00000400         rw !x
user_signatures  0x00850000         0x00000400         rw !x
*default*        0x00000000         0xffffffff

Linker script and memory map

LOAD C:/Program Files (x86)/Atmel/Studio/7.0/Packs/atmel/ATmega_DFP/1.6.364/gcc/dev/atmega32a/avr5/crtatmega32a.o
LOAD APP/APP.o
LOAD APP/ROBOT_CONTROL/ROBOT_control.o
LOAD APP/STEERING/STEERING.o
LOAD ECUAL/ICU/ICU.o
LOAD ECUAL/LCD/LCD.o
LOAD ECUAL/MOTOR_CONTROL/MOTOR.o
LOAD ECUAL/NON_BLOCKING_LCD/lcd_program.o
LOAD ECUAL/softwarePWM/softwarePWM_program.o
LOAD ECUAL/ULTRASONIC/ULTRASONIC_program.o
LOAD MCAL/DIO/DIO_program.o
LOAD MCAL/EXTI/EXTERNAL_interrupts.o
LOAD MCAL/TIMER1/TIMER1_program.o
LOAD MCAL/TIMERS0_2/timers_program.o
LOAD MCAL/USART/usart_program.o
START GROUP
LOAD c:/program files (x86)/atmel/studio/7.0/toolchain/avr8/avr8-gnu-toolchain/bin/../lib/gcc/avr/5.4.0/../../../../avr/lib/avr5\libm.a
END GROUP
START GROUP
LOAD c:/program files (x86)/atmel/studio/7.0/toolchain/avr8/avr8-gnu-toolchain/bin/../lib/gcc/avr/5.4.0/avr5\libgcc.a
LOAD c:/program files (x86)/atmel/studio/7.0/toolchain/avr8/avr8-gnu-toolchain/bin/../lib/gcc/avr/5.4.0/../../../../avr/lib/avr5\libm.a
LOAD c:/program files (x86)/atmel/studio/7.0/toolchain/avr8/avr8-gnu-toolchain/bin/../lib/gcc/avr/5.4.0/../../../../avr/lib/avr5\libc.a
LOAD C:/Program Files (x86)/Atmel/Studio/7.0/Packs/atmel/ATmega_DFP/1.6.364/gcc/dev/atmega32a/avr5\libatmega32a.a
END GROUP
                [0x00000000]                __TEXT_REGION_ORIGIN__ = DEFINED (__TEXT_REGION_ORIGIN__)?__TEXT_REGION_ORIGIN__:0x0
                [0x00800060]                __DATA_REGION_ORIGIN__ = DEFINED (__DATA_REGION_ORIGIN__)?__DATA_REGION_ORIGIN__:0x800060
                [0x00008000]                __TEXT_REGION_LENGTH__ = DEFINED (__TEXT_REGION_LENGTH__)?__TEXT_REGION_LENGTH__:0x20000
                [0x00000800]                __DATA_REGION_LENGTH__ = DEFINED (__DATA_REGION_LENGTH__)?__DATA_REGION_LENGTH__:0xffa0
                [0x00000400]                __EEPROM_REGION_LENGTH__ = DEFINED (__EEPROM_REGION_LENGTH__)?__EEPROM_REGION_LENGTH__:0x10000
                [0x00000002]                __FUSE_REGION_LENGTH__ = DEFINED (__FUSE_REGION_LENGTH__)?__FUSE_REGION_LENGTH__:0x400
                0x00000400                __LOCK_REGION_LENGTH__ = DEFINED (__LOCK_REGION_LENGTH__)?__LOCK_REGION_LENGTH__:0x400
                0x00000400                __SIGNATURE_REGION_LENGTH__ = DEFINED (__SIGNATURE_REGION_LENGTH__)?__SIGNATURE_REGION_LENGTH__:0x400
                0x00000400                __USER_SIGNATURE_REGION_LENGTH__ = DEFINED (__USER_SIGNATURE_REGION_LENGTH__)?__USER_SIGNATURE_REGION_LENGTH__:0x400

.hash
 *(.hash)

.dynsym
 *(.dynsym)

.dynstr
 *(.dynstr)

.gnu.version
 *(.gnu.version)

.gnu.version_d
 *(.gnu.version_d)

.gnu.version_r
 *(.gnu.version_r)

.rel.init
 *(.rel.init)

.rela.init
 *(.rela.init)

.rel.text
 *(.rel.text)
 *(.rel.text.*)
 *(.rel.gnu.linkonce.t*)

.rela.text
 *(.rela.text)
 *(.rela.text.*)
 *(.rela.gnu.linkonce.t*)

.rel.fini
 *(.rel.fini)

.rela.fini
 *(.rela.fini)

.rel.rodata
 *(.rel.rodata)
 *(.rel.rodata.*)
 *(.rel.gnu.linkonce.r*)

.rela.rodata
 *(.rela.rodata)
 *(.rela.rodata.*)
 *(.rela.gnu.linkonce.r*)

.rel.data
 *(.rel.data)
 *(.rel.data.*)
 *(.rel.gnu.linkonce.d*)

.rela.data
 *(.rela.data)
 *(.rela.data.*)
 *(.rela.gnu.linkonce.d*)

.rel.ctors
 *(.rel.ctors)

.rela.ctors
 *(.rela.ctors)

.rel.dtors
 *(.rel.dtors)

.rela.dtors
 *(.rela.dtors)

.rel.got
 *(.rel.got)

.rela.got
 *(.rela.got)

.rel.bss
 *(.rel.bss)

.rela.bss
 *(.rela.bss)

.rel.plt
 *(.rel.plt)

.rela.plt
 *(.rela.plt)

.text           0x00000000     0x1e42
 *(.vectors)
 .vectors       0x00000000       0x54 C:/Program Files (x86)/Atmel/Studio/7.0/Packs/atmel/ATmega_DFP/1.6.364/gcc/dev/atmega32a/avr5/crtatmega32a.o
                0x00000000                __vector_default
                0x00000000                __vectors
 *(.vectors)
 *(.progmem.gcc*)
 .progmem.gcc_sw_table.LCD_u8Init
                0x00000054       0x16 ECUAL/NON_BLOCKING_LCD/lcd_program.o
 .progmem.gcc_sw_table.TIMER0_u8StartWithclockAndPrescalerSelect
                0x0000006a        0xe MCAL/TIMERS0_2/timers_program.o
 .progmem.gcc_sw_table.TIMER2_u8StartWithclockAndPrescalerSelect
                0x00000078        0xe MCAL/TIMERS0_2/timers_program.o
                0x00000086                . = ALIGN (0x2)
                0x00000086                __trampolines_start = .
 *(.trampolines)
 .trampolines   0x00000086        0x0 linker stubs
 *(.trampolines*)
                0x00000086                __trampolines_end = .
 *libprintf_flt.a:*(.progmem.data)
 *libc.a:*(.progmem.data)
 *(.progmem*)
                0x00000086                . = ALIGN (0x2)
 *(.jumptables)
 *(.jumptables*)
 *(.lowtext)
 *(.lowtext*)
                0x00000086                __ctors_start = .
 *(.ctors)
                0x00000086                __ctors_end = .
                0x00000086                __dtors_start = .
 *(.dtors)
                0x00000086                __dtors_end = .
 SORT(*)(.ctors)
 SORT(*)(.dtors)
 *(.init0)
 .init0         0x00000086        0x0 C:/Program Files (x86)/Atmel/Studio/7.0/Packs/atmel/ATmega_DFP/1.6.364/gcc/dev/atmega32a/avr5/crtatmega32a.o
                0x00000086                __init
 *(.init0)
 *(.init1)
 *(.init1)
 *(.init2)
 .init2         0x00000086        0xc C:/Program Files (x86)/Atmel/Studio/7.0/Packs/atmel/ATmega_DFP/1.6.364/gcc/dev/atmega32a/avr5/crtatmega32a.o
 *(.init2)
 *(.init3)
 *(.init3)
 *(.init4)
 .init4         0x00000092       0x16 c:/program files (x86)/atmel/studio/7.0/toolchain/avr8/avr8-gnu-toolchain/bin/../lib/gcc/avr/5.4.0/avr5\libgcc.a(_copy_data.o)
                0x00000092                __do_copy_data
 .init4         0x000000a8       0x10 c:/program files (x86)/atmel/studio/7.0/toolchain/avr8/avr8-gnu-toolchain/bin/../lib/gcc/avr/5.4.0/avr5\libgcc.a(_clear_bss.o)
                0x000000a8                __do_clear_bss
 *(.init4)
 *(.init5)
 *(.init5)
 *(.init6)
 *(.init6)
 *(.init7)
 *(.init7)
 *(.init8)
 *(.init8)
 *(.init9)
 .init9         0x000000b8        0x8 C:/Program Files (x86)/Atmel/Studio/7.0/Packs/atmel/ATmega_DFP/1.6.364/gcc/dev/atmega32a/avr5/crtatmega32a.o
 *(.init9)
 *(.text)
 .text          0x000000c0        0x4 C:/Program Files (x86)/Atmel/Studio/7.0/Packs/atmel/ATmega_DFP/1.6.364/gcc/dev/atmega32a/avr5/crtatmega32a.o
                0x000000c0                __vector_12
                0x000000c0                __bad_interrupt
                0x000000c0                __vector_6
                0x000000c0                __vector_13
                0x000000c0                __vector_17
                0x000000c0                __vector_19
                0x000000c0                __vector_7
                0x000000c0                __vector_15
                0x000000c0                __vector_8
                0x000000c0                __vector_14
                0x000000c0                __vector_16
                0x000000c0                __vector_18
                0x000000c0                __vector_20
                0x000000c4                . = ALIGN (0x2)
 *(.text.*)
 .text.main     0x000000c4       0x10 APP/APP.o
                0x000000c4                main
 .text.ROBOT_init
                0x000000d4       0x3a APP/ROBOT_CONTROL/ROBOT_control.o
                0x000000d4                ROBOT_init
 .text.ROBOT_getCurrentState
                0x0000010e       0x76 APP/ROBOT_CONTROL/ROBOT_control.o
                0x0000010e                ROBOT_getCurrentState
 .text.ROBOT_moveUpdate
                0x00000184      0x20a APP/ROBOT_CONTROL/ROBOT_control.o
                0x00000184                ROBOT_moveUpdate
 .text.STEERING_init
                0x0000038e        0xe APP/STEERING/STEERING.o
                0x0000038e                STEERING_init
 .text.STEERING_forward
                0x0000039c        0xc APP/STEERING/STEERING.o
                0x0000039c                STEERING_forward
 .text.STEERING_backward
                0x000003a8        0xc APP/STEERING/STEERING.o
                0x000003a8                STEERING_backward
 .text.STEERING_right
                0x000003b4        0xc APP/STEERING/STEERING.o
                0x000003b4                STEERING_right
 .text.STEERING_stop
                0x000003c0        0x6 APP/STEERING/STEERING.o
                0x000003c0                STEERING_stop
 .text.ICU_voidExternalInterrupt02FallingISR
                0x000003c6        0x8 ECUAL/ICU/ICU.o
                0x000003c6                ICU_voidExternalInterrupt02FallingISR
 .text.ICU_voidExternalInterrupt02RisgISR
                0x000003ce        0x6 ECUAL/ICU/ICU.o
                0x000003ce                ICU_voidExternalInterrupt02RisgISR
 .text.ICU_enuInit
                0x000003d4       0x18 ECUAL/ICU/ICU.o
                0x000003d4                ICU_enuInit
 .text.ICU_u8SingnalOnTime
                0x000003ec       0x60 ECUAL/ICU/ICU.o
                0x000003ec                ICU_u8SingnalOnTime
 .text.Motor_Init
                0x0000044c       0x7e ECUAL/MOTOR_CONTROL/MOTOR.o
                0x0000044c                Motor_Init
 .text.Motor_setDirection
                0x000004ca       0x76 ECUAL/MOTOR_CONTROL/MOTOR.o
                0x000004ca                Motor_setDirection
 .text.Motor_Move
                0x00000540       0x34 ECUAL/MOTOR_CONTROL/MOTOR.o
                0x00000540                Motor_Move
 .text.MoveAllMotors
                0x00000574       0x28 ECUAL/MOTOR_CONTROL/MOTOR.o
                0x00000574                MoveAllMotors
 .text.Motors_Stop
                0x0000059c       0x18 ECUAL/MOTOR_CONTROL/MOTOR.o
                0x0000059c                Motors_Stop
 .text.LCD_u8sendCommand
                0x000005b4      0x198 ECUAL/NON_BLOCKING_LCD/lcd_program.o
                0x000005b4                LCD_u8sendCommand
 .text.LCD_u8Init
                0x0000074c      0x312 ECUAL/NON_BLOCKING_LCD/lcd_program.o
                0x0000074c                LCD_u8Init
 .text.LCD_u8sendData
                0x00000a5e      0x1a6 ECUAL/NON_BLOCKING_LCD/lcd_program.o
                0x00000a5e                LCD_u8sendData
 .text.LCD_u8PrintStr
                0x00000c04       0x62 ECUAL/NON_BLOCKING_LCD/lcd_program.o
                0x00000c04                LCD_u8PrintStr
 .text.SWPWM_voidChan1OnChan2Off
                0x00000c66       0x16 ECUAL/softwarePWM/softwarePWM_program.o
                0x00000c66                SWPWM_voidChan1OnChan2Off
 .text.SWPWM_voidChan1OffChan2On
                0x00000c7c       0x16 ECUAL/softwarePWM/softwarePWM_program.o
                0x00000c7c                SWPWM_voidChan1OffChan2On
 .text.SWPWM_voidChan1OffChan2Off
                0x00000c92       0x16 ECUAL/softwarePWM/softwarePWM_program.o
                0x00000c92                SWPWM_voidChan1OffChan2Off
 .text.SWPWM_voidChan1OnChan2On
                0x00000ca8       0x16 ECUAL/softwarePWM/softwarePWM_program.o
                0x00000ca8                SWPWM_voidChan1OnChan2On
 .text.SWPWM_voidInit
                0x00000cbe       0x34 ECUAL/softwarePWM/softwarePWM_program.o
                0x00000cbe                SWPWM_voidInit
 .text.SWPWM_u8ControlChannels
                0x00000cf2      0x13e ECUAL/softwarePWM/softwarePWM_program.o
                0x00000cf2                SWPWM_u8ControlChannels
 .text.ULTRASONIC_voidInit
                0x00000e30       0x2c ECUAL/ULTRASONIC/ULTRASONIC_program.o
                0x00000e30                ULTRASONIC_voidInit
 .text.ULTRASONIC_u8GetObstacleDistInCm
                0x00000e5c       0xb2 ECUAL/ULTRASONIC/ULTRASONIC_program.o
                0x00000e5c                ULTRASONIC_u8GetObstacleDistInCm
 .text.DIO_SetPinDirection
                0x00000f0e      0x114 MCAL/DIO/DIO_program.o
                0x00000f0e                DIO_SetPinDirection
 .text.DIO_SetPinValue
                0x00001022      0x114 MCAL/DIO/DIO_program.o
                0x00001022                DIO_SetPinValue
 .text.External_Interrupts_Init
                0x00001136       0xaa MCAL/EXTI/EXTERNAL_interrupts.o
                0x00001136                External_Interrupts_Init
 .text.__vector_1
                0x000011e0       0x4e MCAL/EXTI/EXTERNAL_interrupts.o
                0x000011e0                __vector_1
 .text.__vector_2
                0x0000122e       0x4e MCAL/EXTI/EXTERNAL_interrupts.o
                0x0000122e                __vector_2
 .text.__vector_3
                0x0000127c       0x4e MCAL/EXTI/EXTERNAL_interrupts.o
                0x0000127c                __vector_3
 .text.TIMER1_setCountOverFlow
                0x000012ca       0x30 MCAL/TIMER1/TIMER1_program.o
                0x000012ca                TIMER1_setCountOverFlow
 .text.__vector_9
                0x000012fa       0x52 MCAL/TIMER1/TIMER1_program.o
                0x000012fa                __vector_9
 .text.TIMER1_init
                0x0000134c       0x92 MCAL/TIMER1/TIMER1_program.o
                0x0000134c                TIMER1_init
 .text.TIMER1_stop
                0x000013de       0x14 MCAL/TIMER1/TIMER1_program.o
                0x000013de                TIMER1_stop
 .text.TIMER1_OverFlowInterruptEnable
                0x000013f2        0xa MCAL/TIMER1/TIMER1_program.o
                0x000013f2                TIMER1_OverFlowInterruptEnable
 .text.TIMER1_OverFlowInterruptDisable
                0x000013fc        0xa MCAL/TIMER1/TIMER1_program.o
                0x000013fc                TIMER1_OverFlowInterruptDisable
 .text.TIMER1_voidMicroSecDelay
                0x00001406       0x2a MCAL/TIMER1/TIMER1_program.o
                0x00001406                TIMER1_voidMicroSecDelay
 .text.TIMER1_u32getCounts
                0x00001430       0x42 MCAL/TIMER1/TIMER1_program.o
                0x00001430                TIMER1_u32getCounts
 .text.TIMER1_setclbk
                0x00001472        0xa MCAL/TIMER1/TIMER1_program.o
                0x00001472                TIMER1_setclbk
 .text.TIMER1_msdelay
                0x0000147c       0xd4 MCAL/TIMER1/TIMER1_program.o
                0x0000147c                TIMER1_msdelay
 .text.TIMER1_voidStartCounting
                0x00001550       0x1e MCAL/TIMER1/TIMER1_program.o
                0x00001550                TIMER1_voidStartCounting
 .text.TIMER0_voidIntWaitControlFlagCount
                0x0000156e       0x8a MCAL/TIMERS0_2/timers_program.o
 .text.TIMER2_voidIntWaitControlFlagCount
                0x000015f8       0x8a MCAL/TIMERS0_2/timers_program.o
 .text.TIMER0_voidInit
                0x00001682       0x32 MCAL/TIMERS0_2/timers_program.o
                0x00001682                TIMER0_voidInit
 .text.TIMER2_voidInit
                0x000016b4       0x32 MCAL/TIMERS0_2/timers_program.o
                0x000016b4                TIMER2_voidInit
 .text.TIMER0_u8StartWithclockAndPrescalerSelect
                0x000016e6       0xb4 MCAL/TIMERS0_2/timers_program.o
                0x000016e6                TIMER0_u8StartWithclockAndPrescalerSelect
 .text.TIMER2_u8StartWithclockAndPrescalerSelect
                0x0000179a       0xb4 MCAL/TIMERS0_2/timers_program.o
                0x0000179a                TIMER2_u8StartWithclockAndPrescalerSelect
 .text.TIMERS_u8IntModesEn
                0x0000184e       0x5a MCAL/TIMERS0_2/timers_program.o
                0x0000184e                TIMERS_u8IntModesEn
 .text.TIMERS_u8IntModesDis
                0x000018a8       0x42 MCAL/TIMERS0_2/timers_program.o
                0x000018a8                TIMERS_u8IntModesDis
 .text.Timer0_u8setOverFlowRegTicksBeforeOV
                0x000018ea        0x8 MCAL/TIMERS0_2/timers_program.o
                0x000018ea                Timer0_u8setOverFlowRegTicksBeforeOV
 .text.Timer2_u8setOverFlowRegTicksBeforeOV
                0x000018f2        0x8 MCAL/TIMERS0_2/timers_program.o
                0x000018f2                Timer2_u8setOverFlowRegTicksBeforeOV
 .text.Timer0_u8setCompareRegTicksBeforeOV
                0x000018fa        0x6 MCAL/TIMERS0_2/timers_program.o
                0x000018fa                Timer0_u8setCompareRegTicksBeforeOV
 .text.Timer2_u8setCompareRegTicksBeforeOV
                0x00001900        0x6 MCAL/TIMERS0_2/timers_program.o
                0x00001900                Timer2_u8setCompareRegTicksBeforeOV
 .text.TIMER0_u8setCallBack
                0x00001906       0x30 MCAL/TIMERS0_2/timers_program.o
                0x00001906                TIMER0_u8setCallBack
 .text.TIMER2_u8setCallBack
                0x00001936       0x30 MCAL/TIMERS0_2/timers_program.o
                0x00001936                TIMER2_u8setCallBack
 .text.__vector_10
                0x00001966       0x52 MCAL/TIMERS0_2/timers_program.o
                0x00001966                __vector_10
 .text.__vector_11
                0x000019b8       0x52 MCAL/TIMERS0_2/timers_program.o
                0x000019b8                __vector_11
 .text.__vector_4
                0x00001a0a       0x52 MCAL/TIMERS0_2/timers_program.o
                0x00001a0a                __vector_4
 .text.__vector_5
                0x00001a5c       0x52 MCAL/TIMERS0_2/timers_program.o
                0x00001a5c                __vector_5
 .text.TIMER0_u8InterruptWait
                0x00001aae       0x86 MCAL/TIMERS0_2/timers_program.o
                0x00001aae                TIMER0_u8InterruptWait
 .text.TIMER0_u8GetIntWaitStatus
                0x00001b34        0x6 MCAL/TIMERS0_2/timers_program.o
                0x00001b34                TIMER0_u8GetIntWaitStatus
 .text.TIMER2_u8InterruptWait
                0x00001b3a       0x86 MCAL/TIMERS0_2/timers_program.o
                0x00001b3a                TIMER2_u8InterruptWait
 .text.TIMER2_u8GetIntWaitStatus
                0x00001bc0        0x6 MCAL/TIMERS0_2/timers_program.o
                0x00001bc0                TIMER2_u8GetIntWaitStatus
 .text.avr-libc.fplib
                0x00001bc6       0x5e c:/program files (x86)/atmel/studio/7.0/toolchain/avr8/avr8-gnu-toolchain/bin/../lib/gcc/avr/5.4.0/../../../../avr/lib/avr5\libm.a(fixunssfsi.o)
                0x00001bc6                __fixunssfsi
 .text.avr-libc.fplib
                0x00001c24       0x7a c:/program files (x86)/atmel/studio/7.0/toolchain/avr8/avr8-gnu-toolchain/bin/../lib/gcc/avr/5.4.0/../../../../avr/lib/avr5\libm.a(floatsisf.o)
                0x00001c24                __floatunsisf
                0x00001c28                __floatsisf
 .text.avr-libc.fplib
                0x00001c9e       0x44 c:/program files (x86)/atmel/studio/7.0/toolchain/avr8/avr8-gnu-toolchain/bin/../lib/gcc/avr/5.4.0/../../../../avr/lib/avr5\libm.a(fp_split3.o)
                0x00001c9e                __fp_split3
                0x00001cae                __fp_splitA
 .text.avr-libc.fplib
                0x00001ce2        0xe c:/program files (x86)/atmel/studio/7.0/toolchain/avr8/avr8-gnu-toolchain/bin/../lib/gcc/avr/5.4.0/../../../../avr/lib/avr5\libm.a(fp_zero.o)
                0x00001ce2                __fp_zero
                0x00001ce4                __fp_szero
 .text.avr-libc.fplib
                0x00001cf0       0x48 c:/program files (x86)/atmel/studio/7.0/toolchain/avr8/avr8-gnu-toolchain/bin/../lib/gcc/avr/5.4.0/../../../../avr/lib/avr5\libm.a(round.o)
                0x00001cf0                round
 .text.avr-libc.fplib
                0x00001d38       0x36 c:/program files (x86)/atmel/studio/7.0/toolchain/avr8/avr8-gnu-toolchain/bin/../lib/gcc/avr/5.4.0/../../../../avr/lib/avr5\libm.a(fp_mintl.o)
                0x00001d38                __fp_mintl
 .text.avr-libc.fplib
                0x00001d6e       0x1c c:/program files (x86)/atmel/studio/7.0/toolchain/avr8/avr8-gnu-toolchain/bin/../lib/gcc/avr/5.4.0/../../../../avr/lib/avr5\libm.a(fp_mpack.o)
                0x00001d6e                __fp_mpack
                0x00001d72                __fp_mpack_finite
 .text.libgcc.div
                0x00001d8a       0x44 c:/program files (x86)/atmel/studio/7.0/toolchain/avr8/avr8-gnu-toolchain/bin/../lib/gcc/avr/5.4.0/avr5\libgcc.a(_udivmodsi4.o)
                0x00001d8a                __udivmodsi4
 .text.libgcc   0x00001dce        0xc c:/program files (x86)/atmel/studio/7.0/toolchain/avr8/avr8-gnu-toolchain/bin/../lib/gcc/avr/5.4.0/avr5\libgcc.a(_tablejump2.o)
                0x00001dce                __tablejump2__
 .text.libgcc.mul
                0x00001dda       0x1e c:/program files (x86)/atmel/studio/7.0/toolchain/avr8/avr8-gnu-toolchain/bin/../lib/gcc/avr/5.4.0/avr5\libgcc.a(_umulhisi3.o)
                0x00001dda                __umulhisi3
 .text.libgcc.mul
                0x00001df8       0x16 c:/program files (x86)/atmel/studio/7.0/toolchain/avr8/avr8-gnu-toolchain/bin/../lib/gcc/avr/5.4.0/avr5\libgcc.a(_muluhisi3.o)
                0x00001df8                __muluhisi3
 .text.libgcc   0x00001e0e       0x18 c:/program files (x86)/atmel/studio/7.0/toolchain/avr8/avr8-gnu-toolchain/bin/../lib/gcc/avr/5.4.0/avr5\libgcc.a(_adddi3_s8.o)
                0x00001e0e                __adddi3_s8
 .text.libgcc   0x00001e26       0x18 c:/program files (x86)/atmel/studio/7.0/toolchain/avr8/avr8-gnu-toolchain/bin/../lib/gcc/avr/5.4.0/avr5\libgcc.a(_cmpdi2_s8.o)
                0x00001e26                __cmpdi2_s8
                0x00001e3e                . = ALIGN (0x2)
 *(.fini9)
 .fini9         0x00001e3e        0x0 c:/program files (x86)/atmel/studio/7.0/toolchain/avr8/avr8-gnu-toolchain/bin/../lib/gcc/avr/5.4.0/avr5\libgcc.a(_exit.o)
                0x00001e3e                _exit
                0x00001e3e                exit
 *(.fini9)
 *(.fini8)
 *(.fini8)
 *(.fini7)
 *(.fini7)
 *(.fini6)
 *(.fini6)
 *(.fini5)
 *(.fini5)
 *(.fini4)
 *(.fini4)
 *(.fini3)
 *(.fini3)
 *(.fini2)
 *(.fini2)
 *(.fini1)
 *(.fini1)
 *(.fini0)
 .fini0         0x00001e3e        0x4 c:/program files (x86)/atmel/studio/7.0/toolchain/avr8/avr8-gnu-toolchain/bin/../lib/gcc/avr/5.4.0/avr5\libgcc.a(_exit.o)
 *(.fini0)
                0x00001e42                _etext = .

.data           0x00800060       0x1e load address 0x00001e42
                0x00800060                PROVIDE (__data_start, .)
 *(.data)
 *(.data*)
 .data.u8_rightStr
                0x00800060        0x6 APP/ROBOT_CONTROL/ROBOT_control.o
                0x00800060                u8_rightStr
 .data.u8_backwardStr
                0x00800066        0x9 APP/ROBOT_CONTROL/ROBOT_control.o
                0x00800066                u8_backwardStr
 .data.u8_forwardStr
                0x0080006f        0x8 APP/ROBOT_CONTROL/ROBOT_control.o
                0x0080006f                u8_forwardStr
 .data.gu8_ICU_SIGNAL_STATUS
                0x00800077        0x1 ECUAL/ICU/ICU.o
                0x00800077                gu8_ICU_SIGNAL_STATUS
 .data.LCD_stateData
                0x00800078        0x1 ECUAL/NON_BLOCKING_LCD/lcd_program.o
                0x00800078                LCD_stateData
 .data.EN_timer1Status.1807
                0x00800079        0x1 MCAL/TIMER1/TIMER1_program.o
 .data.gu8_timer2FlagIfUsed
                0x0080007a        0x1 MCAL/TIMERS0_2/timers_program.o
 .data.gu8_timer2FinishIntWaitFlag
                0x0080007b        0x1 MCAL/TIMERS0_2/timers_program.o
                0x0080007b                gu8_timer2FinishIntWaitFlag
 .data.gu8_timer0FlagIfUsed
                0x0080007c        0x1 MCAL/TIMERS0_2/timers_program.o
 .data.gu8_timer0FinishIntWaitFlag
                0x0080007d        0x1 MCAL/TIMERS0_2/timers_program.o
                0x0080007d                gu8_timer0FinishIntWaitFlag
 *(.gnu.linkonce.d*)
 *(.rodata)
 *(.rodata*)
 *(.gnu.linkonce.r*)
                0x0080007e                . = ALIGN (0x2)
                0x0080007e                _edata = .
                0x0080007e                PROVIDE (__data_end, .)

.bss            0x0080007e       0x38
                0x0080007e                PROVIDE (__bss_start, .)
 *(.bss)
 *(.bss*)
 .bss.EN_checkStateChange.1733
                0x0080007e        0x1 APP/ROBOT_CONTROL/ROBOT_control.o
 .bss.u8_printStrDone.1734
                0x0080007f        0x1 APP/ROBOT_CONTROL/ROBOT_control.o
 .bss.u8_clearStrDone.1735
                0x00800080        0x1 APP/ROBOT_CONTROL/ROBOT_control.o
 .bss.u8_waitDelayRequest.1737
                0x00800081        0x1 APP/ROBOT_CONTROL/ROBOT_control.o
 .bss.u8_stopRequired.1736
                0x00800082        0x1 APP/ROBOT_CONTROL/ROBOT_control.o
 .bss.EN_currentObstacleState.1724
                0x00800083        0x1 APP/ROBOT_CONTROL/ROBOT_control.o
 .bss.su8_strIndex.1747
                0x00800084        0x1 ECUAL/NON_BLOCKING_LCD/lcd_program.o
 .bss.spu8_lastDispStr.1746
                0x00800085        0x2 ECUAL/NON_BLOCKING_LCD/lcd_program.o
 .bss.u8_commFinished.1705
                0x00800087        0x1 ECUAL/NON_BLOCKING_LCD/lcd_program.o
 .bss.LCD_stateCommand
                0x00800088        0x1 ECUAL/NON_BLOCKING_LCD/lcd_program.o
                0x00800088                LCD_stateCommand
 .bss.LCD_stateInit
                0x00800089        0x1 ECUAL/NON_BLOCKING_LCD/lcd_program.o
                0x00800089                LCD_stateInit
 .bss.u8_trigBegin.1842
                0x0080008a        0x1 ECUAL/ULTRASONIC/ULTRASONIC_program.o
 .bss.External_Int2_Fun
                0x0080008b        0x2 MCAL/EXTI/EXTERNAL_interrupts.o
                0x0080008b                External_Int2_Fun
 .bss.External_Int1_Fun
                0x0080008d        0x2 MCAL/EXTI/EXTERNAL_interrupts.o
                0x0080008d                External_Int1_Fun
 .bss.External_Int0_Fun
                0x0080008f        0x2 MCAL/EXTI/EXTERNAL_interrupts.o
                0x0080008f                External_Int0_Fun
 .bss.u32_ticks.1804
                0x00800091        0x4 MCAL/TIMER1/TIMER1_program.o
 .bss.u8_timerBusy.1805
                0x00800095        0x1 MCAL/TIMER1/TIMER1_program.o
 .bss.TIMER1_setclbkOverFlow
                0x00800096        0x2 MCAL/TIMER1/TIMER1_program.o
                0x00800096                TIMER1_setclbkOverFlow
 .bss.gu32_overFlowCounts
                0x00800098        0x4 MCAL/TIMER1/TIMER1_program.o
                0x00800098                gu32_overFlowCounts
 .bss.EN_timerOneInitStatus
                0x0080009c        0x1 MCAL/TIMER1/TIMER1_program.o
                0x0080009c                EN_timerOneInitStatus
 .bss.gu64_timer2IntWaitcounter
                0x0080009d        0x8 MCAL/TIMERS0_2/timers_program.o
 .bss.gu64_timer0IntWaitcounter
                0x008000a5        0x8 MCAL/TIMERS0_2/timers_program.o
 .bss.Timer2OverFlowSetCallBackISR
                0x008000ad        0x2 MCAL/TIMERS0_2/timers_program.o
 .bss.Timer2CompareMatchSetCallBackISR
                0x008000af        0x2 MCAL/TIMERS0_2/timers_program.o
 .bss.Timer0OverFlowSetCallBackISR
                0x008000b1        0x2 MCAL/TIMERS0_2/timers_program.o
 .bss.Timer0CompareMatchSetCallBackISR
                0x008000b3        0x2 MCAL/TIMERS0_2/timers_program.o
 *(COMMON)
 COMMON         0x008000b5        0x1 APP/ROBOT_CONTROL/ROBOT_control.o
                0x008000b5                gu8_lcdState
                0x008000b6                PROVIDE (__bss_end, .)
                0x00001e42                __data_load_start = LOADADDR (.data)
                0x00001e60                __data_load_end = (__data_load_start + SIZEOF (.data))

.noinit         0x008000b6        0x0
                [!provide]                PROVIDE (__noinit_start, .)
 *(.noinit*)
                [!provide]                PROVIDE (__noinit_end, .)
                0x008000b6                _end = .
                [!provide]                PROVIDE (__heap_start, .)

.eeprom         0x00810000        0x0
 *(.eeprom*)
                0x00810000                __eeprom_end = .

.fuse
 *(.fuse)
 *(.lfuse)
 *(.hfuse)
 *(.efuse)

.lock
 *(.lock*)

.signature
 *(.signature*)

.user_signatures
 *(.user_signatures*)

.stab
 *(.stab)

.stabstr
 *(.stabstr)

.stab.excl
 *(.stab.excl)

.stab.exclstr
 *(.stab.exclstr)

.stab.index
 *(.stab.index)

.stab.indexstr
 *(.stab.indexstr)

.comment        0x00000000       0x30
 *(.comment)
 .comment       0x00000000       0x30 APP/APP.o
                                 0x31 (size before relaxing)
 .comment       0x00000030       0x31 APP/ROBOT_CONTROL/ROBOT_control.o
 .comment       0x00000030       0x31 APP/STEERING/STEERING.o
 .comment       0x00000030       0x31 ECUAL/ICU/ICU.o
 .comment       0x00000030       0x31 ECUAL/MOTOR_CONTROL/MOTOR.o
 .comment       0x00000030       0x31 ECUAL/NON_BLOCKING_LCD/lcd_program.o
 .comment       0x00000030       0x31 ECUAL/softwarePWM/softwarePWM_program.o
 .comment       0x00000030       0x31 ECUAL/ULTRASONIC/ULTRASONIC_program.o
 .comment       0x00000030       0x31 MCAL/DIO/DIO_program.o
 .comment       0x00000030       0x31 MCAL/EXTI/EXTERNAL_interrupts.o
 .comment       0x00000030       0x31 MCAL/TIMER1/TIMER1_program.o
 .comment       0x00000030       0x31 MCAL/TIMERS0_2/timers_program.o

.note.gnu.avr.deviceinfo
                0x00000000       0x3c
 .note.gnu.avr.deviceinfo
                0x00000000       0x3c C:/Program Files (x86)/Atmel/Studio/7.0/Packs/atmel/ATmega_DFP/1.6.364/gcc/dev/atmega32a/avr5/crtatmega32a.o

.note.gnu.build-id
 *(.note.gnu.build-id)

.debug
 *(.debug)

.line
 *(.line)

.debug_srcinfo
 *(.debug_srcinfo)

.debug_sfnames
 *(.debug_sfnames)

.debug_aranges  0x00000000      0x3c8
 *(.debug_aranges)
 .debug_aranges
                0x00000000       0x20 APP/APP.o
 .debug_aranges
                0x00000020       0x30 APP/ROBOT_CONTROL/ROBOT_control.o
 .debug_aranges
                0x00000050       0x40 APP/STEERING/STEERING.o
 .debug_aranges
                0x00000090       0x38 ECUAL/ICU/ICU.o
 .debug_aranges
                0x000000c8       0x40 ECUAL/MOTOR_CONTROL/MOTOR.o
 .debug_aranges
                0x00000108       0x38 ECUAL/NON_BLOCKING_LCD/lcd_program.o
 .debug_aranges
                0x00000140       0x48 ECUAL/softwarePWM/softwarePWM_program.o
 .debug_aranges
                0x00000188       0x28 ECUAL/ULTRASONIC/ULTRASONIC_program.o
 .debug_aranges
                0x000001b0       0x58 MCAL/DIO/DIO_program.o
 .debug_aranges
                0x00000208       0x38 MCAL/EXTI/EXTERNAL_interrupts.o
 .debug_aranges
                0x00000240       0x80 MCAL/TIMER1/TIMER1_program.o
 .debug_aranges
                0x000002c0      0x108 MCAL/TIMERS0_2/timers_program.o

.debug_pubnames
 *(.debug_pubnames)

.debug_info     0x00000000     0x3b6b
 *(.debug_info .gnu.linkonce.wi.*)
 .debug_info    0x00000000      0x4e6 C:/Program Files (x86)/Atmel/Studio/7.0/Packs/atmel/ATmega_DFP/1.6.364/gcc/dev/atmega32a/avr5/crtatmega32a.o
 .debug_info    0x000004e6       0xd4 APP/APP.o
 .debug_info    0x000005ba      0x50d APP/ROBOT_CONTROL/ROBOT_control.o
 .debug_info    0x00000ac7      0x1d6 APP/STEERING/STEERING.o
 .debug_info    0x00000c9d      0x26f ECUAL/ICU/ICU.o
 .debug_info    0x00000f0c      0x4a5 ECUAL/MOTOR_CONTROL/MOTOR.o
 .debug_info    0x000013b1      0xb18 ECUAL/NON_BLOCKING_LCD/lcd_program.o
 .debug_info    0x00001ec9      0x567 ECUAL/softwarePWM/softwarePWM_program.o
 .debug_info    0x00002430      0x2dc ECUAL/ULTRASONIC/ULTRASONIC_program.o
 .debug_info    0x0000270c      0x2db MCAL/DIO/DIO_program.o
 .debug_info    0x000029e7      0x173 MCAL/EXTI/EXTERNAL_interrupts.o
 .debug_info    0x00002b5a      0x4dd MCAL/TIMER1/TIMER1_program.o
 .debug_info    0x00003037      0xb34 MCAL/TIMERS0_2/timers_program.o

.debug_abbrev   0x00000000     0x1025
 *(.debug_abbrev)
 .debug_abbrev  0x00000000      0x4a3 C:/Program Files (x86)/Atmel/Studio/7.0/Packs/atmel/ATmega_DFP/1.6.364/gcc/dev/atmega32a/avr5/crtatmega32a.o
 .debug_abbrev  0x000004a3       0x73 APP/APP.o
 .debug_abbrev  0x00000516       0xfe APP/ROBOT_CONTROL/ROBOT_control.o
 .debug_abbrev  0x00000614       0x98 APP/STEERING/STEERING.o
 .debug_abbrev  0x000006ac      0x11b ECUAL/ICU/ICU.o
 .debug_abbrev  0x000007c7       0xb6 ECUAL/MOTOR_CONTROL/MOTOR.o
 .debug_abbrev  0x0000087d      0x135 ECUAL/NON_BLOCKING_LCD/lcd_program.o
 .debug_abbrev  0x000009b2       0xc3 ECUAL/softwarePWM/softwarePWM_program.o
 .debug_abbrev  0x00000a75       0xf3 ECUAL/ULTRASONIC/ULTRASONIC_program.o
 .debug_abbrev  0x00000b68       0xa0 MCAL/DIO/DIO_program.o
 .debug_abbrev  0x00000c08       0xb9 MCAL/EXTI/EXTERNAL_interrupts.o
 .debug_abbrev  0x00000cc1      0x19f MCAL/TIMER1/TIMER1_program.o
 .debug_abbrev  0x00000e60      0x1c5 MCAL/TIMERS0_2/timers_program.o

.debug_line     0x00000000     0x29f0
 *(.debug_line .debug_line.* .debug_line_end)
 .debug_line    0x00000000      0x116 C:/Program Files (x86)/Atmel/Studio/7.0/Packs/atmel/ATmega_DFP/1.6.364/gcc/dev/atmega32a/avr5/crtatmega32a.o
 .debug_line    0x00000116       0xaf APP/APP.o
 .debug_line    0x000001c5      0x485 APP/ROBOT_CONTROL/ROBOT_control.o
 .debug_line    0x0000064a      0x122 APP/STEERING/STEERING.o
 .debug_line    0x0000076c      0x1a2 ECUAL/ICU/ICU.o
 .debug_line    0x0000090e      0x263 ECUAL/MOTOR_CONTROL/MOTOR.o
 .debug_line    0x00000b71      0x69c ECUAL/NON_BLOCKING_LCD/lcd_program.o
 .debug_line    0x0000120d      0x2d2 ECUAL/softwarePWM/softwarePWM_program.o
 .debug_line    0x000014df      0x1c7 ECUAL/ULTRASONIC/ULTRASONIC_program.o
 .debug_line    0x000016a6      0x3ef MCAL/DIO/DIO_program.o
 .debug_line    0x00001a95      0x1b4 MCAL/EXTI/EXTERNAL_interrupts.o
 .debug_line    0x00001c49      0x3bf MCAL/TIMER1/TIMER1_program.o
 .debug_line    0x00002008      0x9e8 MCAL/TIMERS0_2/timers_program.o

.debug_frame    0x00000000      0xa4c
 *(.debug_frame)
 .debug_frame   0x00000000       0x24 APP/APP.o
 .debug_frame   0x00000024       0x54 APP/ROBOT_CONTROL/ROBOT_control.o
 .debug_frame   0x00000078       0x64 APP/STEERING/STEERING.o
 .debug_frame   0x000000dc       0x60 ECUAL/ICU/ICU.o
 .debug_frame   0x0000013c       0x78 ECUAL/MOTOR_CONTROL/MOTOR.o
 .debug_frame   0x000001b4       0x64 ECUAL/NON_BLOCKING_LCD/lcd_program.o
 .debug_frame   0x00000218       0x7c ECUAL/softwarePWM/softwarePWM_program.o
 .debug_frame   0x00000294       0x50 ECUAL/ULTRASONIC/ULTRASONIC_program.o
 .debug_frame   0x000002e4       0x94 MCAL/DIO/DIO_program.o
 .debug_frame   0x00000378      0x12c MCAL/EXTI/EXTERNAL_interrupts.o
 .debug_frame   0x000004a4      0x13c MCAL/TIMER1/TIMER1_program.o
 .debug_frame   0x000005e0      0x46c MCAL/TIMERS0_2/timers_program.o

.debug_str      0x00000000     0x172c
 *(.debug_str)
 .debug_str     0x00000000      0x196 C:/Program Files (x86)/Atmel/Studio/7.0/Packs/atmel/ATmega_DFP/1.6.364/gcc/dev/atmega32a/avr5/crtatmega32a.o
 .debug_str     0x00000196      0x17d APP/APP.o
                                0x1ab (size before relaxing)
 .debug_str     0x00000313      0x2a7 APP/ROBOT_CONTROL/ROBOT_control.o
                                0x452 (size before relaxing)
 .debug_str     0x000005ba       0x8a APP/STEERING/STEERING.o
                                0x21b (size before relaxing)
 .debug_str     0x00000644      0x16d ECUAL/ICU/ICU.o
                                0x2e8 (size before relaxing)
 .debug_str     0x000007b1       0xcb ECUAL/MOTOR_CONTROL/MOTOR.o
                                0x292 (size before relaxing)
 .debug_str     0x0000087c      0x35f ECUAL/NON_BLOCKING_LCD/lcd_program.o
                                0x52c (size before relaxing)
 .debug_str     0x00000bdb      0x170 ECUAL/softwarePWM/softwarePWM_program.o
                                0x33f (size before relaxing)
 .debug_str     0x00000d4b      0x12d ECUAL/ULTRASONIC/ULTRASONIC_program.o
                                0x367 (size before relaxing)
 .debug_str     0x00000e78       0xc9 MCAL/DIO/DIO_program.o
                                0x281 (size before relaxing)
 .debug_str     0x00000f41       0xa6 MCAL/EXTI/EXTERNAL_interrupts.o
                                0x25e (size before relaxing)
 .debug_str     0x00000fe7      0x2b8 MCAL/TIMER1/TIMER1_program.o
                                0x51a (size before relaxing)
 .debug_str     0x0000129f      0x48d MCAL/TIMERS0_2/timers_program.o
                                0x727 (size before relaxing)

.debug_loc      0x00000000     0x2ba3
 *(.debug_loc)
 .debug_loc     0x00000000      0x140 APP/ROBOT_CONTROL/ROBOT_control.o
 .debug_loc     0x00000140       0x58 APP/STEERING/STEERING.o
 .debug_loc     0x00000198       0xb3 ECUAL/ICU/ICU.o
 .debug_loc     0x0000024b      0x322 ECUAL/MOTOR_CONTROL/MOTOR.o
 .debug_loc     0x0000056d      0x419 ECUAL/NON_BLOCKING_LCD/lcd_program.o
 .debug_loc     0x00000986      0x2b7 ECUAL/softwarePWM/softwarePWM_program.o
 .debug_loc     0x00000c3d      0x15d ECUAL/ULTRASONIC/ULTRASONIC_program.o
 .debug_loc     0x00000d9a      0x6f0 MCAL/DIO/DIO_program.o
 .debug_loc     0x0000148a      0x2e6 MCAL/EXTI/EXTERNAL_interrupts.o
 .debug_loc     0x00001770      0x3b8 MCAL/TIMER1/TIMER1_program.o
 .debug_loc     0x00001b28     0x107b MCAL/TIMERS0_2/timers_program.o

.debug_macinfo
 *(.debug_macinfo)

.debug_weaknames
 *(.debug_weaknames)

.debug_funcnames
 *(.debug_funcnames)

.debug_typenames
 *(.debug_typenames)

.debug_varnames
 *(.debug_varnames)

.debug_pubtypes
 *(.debug_pubtypes)

.debug_ranges   0x00000000      0x368
 *(.debug_ranges)
 .debug_ranges  0x00000000       0x10 APP/APP.o
 .debug_ranges  0x00000010       0x20 APP/ROBOT_CONTROL/ROBOT_control.o
 .debug_ranges  0x00000030       0x30 APP/STEERING/STEERING.o
 .debug_ranges  0x00000060       0x28 ECUAL/ICU/ICU.o
 .debug_ranges  0x00000088       0x30 ECUAL/MOTOR_CONTROL/MOTOR.o
 .debug_ranges  0x000000b8       0x28 ECUAL/NON_BLOCKING_LCD/lcd_program.o
 .debug_ranges  0x000000e0       0x38 ECUAL/softwarePWM/softwarePWM_program.o
 .debug_ranges  0x00000118       0x18 ECUAL/ULTRASONIC/ULTRASONIC_program.o
 .debug_ranges  0x00000130       0x48 MCAL/DIO/DIO_program.o
 .debug_ranges  0x00000178       0x28 MCAL/EXTI/EXTERNAL_interrupts.o
 .debug_ranges  0x000001a0       0x70 MCAL/TIMER1/TIMER1_program.o
 .debug_ranges  0x00000210      0x158 MCAL/TIMERS0_2/timers_program.o

.debug_macro
 *(.debug_macro)
OUTPUT(ULTRASONIC CAR.elf elf32-avr)
LOAD linker stubs
